03-26 09:06:33.599  1176  1513 I chatty  : uid=1000(system) WifiStateMachin expire 1 line
03-26 09:06:33.600  1176  1526 I chatty  : uid=1000(system) ConnectivitySer expire 26 lines
03-26 09:06:35.470  1176  1214 I chatty  : uid=1000(system) ActivityManager expire 13 lines
03-26 09:06:43.597  1176  2886 I chatty  : uid=1000(system) Binder:1176_C expire 1 line
03-26 09:06:52.600  1176  1684 I chatty  : uid=1000(system) Binder:1176_5 expire 2 lines
03-26 09:06:55.304  1176  5068 I chatty  : uid=1000(system) Binder:1176_20 expire 1 line
03-26 09:07:05.940  1176  3990 I chatty  : uid=1000(system) Binder:1176_19 expire 1 line
03-26 09:07:07.248  1176  2001 I chatty  : uid=1000(system) BluetoothRouteM expire 1 line
03-26 09:07:07.254  1176  2006 I chatty  : uid=1000(system) uteStateMachine expire 12 lines
03-26 09:07:17.336  1176  3994 I chatty  : uid=1000(system) Binder:1176_1B expire 1 line
03-26 09:07:26.024  1176  1683 I chatty  : uid=1000(system) Binder:1176_4 expire 3 lines
03-26 09:07:26.058  1176  1202 I chatty  : uid=1000(system) Binder:1176_2 expire 2 lines
03-26 09:07:26.604  1176  3972 I chatty  : uid=1000(system) Binder:1176_15 expire 2 lines
03-26 09:07:26.780  1176  1545 I chatty  : uid=1000(system) Binder:1176_3 expire 1 line
03-26 09:07:53.410  1176  2889 I chatty  : uid=1000(system) Binder:1176_D expire 5 lines
03-26 09:08:21.396 16373 16373 D ActivityThread: Loading provider com.google.android.gm.sapi: com.google.android.gm.sapi.SapiUiProvider
03-26 09:08:23.675  1176  2256 I chatty  : uid=1000(system) Binder:1176_9 expire 7 lines
03-26 09:08:25.968  1176  2163 I chatty  : uid=1000(system) Binder:1176_7 expire 6 lines
03-26 09:08:43.748  1176  1202 I chatty  : uid=1000(system) Binder:1176_2 expire 7 lines
03-26 09:08:49.803  1176  1222 I chatty  : uid=1000(system) PowerManagerSer expire 57 lines
03-26 09:08:49.822  1176  1220 I chatty  : uid=1000(system) android.display expire 19 lines
03-26 09:08:50.255  1176  1176 I chatty  : uid=1000 system_server expire 37 lines
03-26 09:08:50.438  1176  1963 I chatty  : uid=1000(system) Binder:1176_6 expire 7 lines
03-26 09:08:50.475  1176  1212 I chatty  : uid=1000(system) ActivityManager expire 39 lines
03-26 09:08:50.587  1176  1214 I chatty  : uid=1000(system) ActivityManager expire 18 lines
03-26 09:08:50.691  1176  1218 I chatty  : uid=1000(system) android.fg expire 12 lines
03-26 09:08:50.718  1176  2257 I chatty  : uid=1000(system) Binder:1176_A expire 10 lines
03-26 09:08:51.415  1176  1476 I chatty  : uid=1000(system) InputDispatcher expire 3 lines
03-26 09:08:53.519  1176  2886 I chatty  : uid=1000(system) Binder:1176_C expire 5 lines
03-26 09:09:04.870  1176  1477 I chatty  : uid=1000(system) InputReader expire 6 lines
03-26 09:09:05.392  1176  1216 I chatty  : uid=1000(system) batterystats-wo expire 1 line
03-26 09:09:49.292  1176  1211 I chatty  : uid=1000(system) android.bg expire 2 lines
03-26 09:10:15.089  1176  2835 I chatty  : uid=1000(system) Binder:1176_B expire 1 line
03-26 09:10:15.378  1176  3335 I chatty  : uid=1000(system) Binder:1176_11 expire 3 lines
03-26 09:11:11.403  1176  5068 I chatty  : uid=1000(system) Binder:1176_20 expire 2 lines
03-26 09:11:13.878  1176  3999 I chatty  : uid=1000(system) Binder:1176_1C expire 1 line
03-26 09:11:37.619  1176  1545 I chatty  : uid=1000(system) Binder:1176_3 expire 10 lines
03-26 09:11:56.866  1176  1222 I chatty  : uid=1000(system) PowerManagerSer expire 54 lines
03-26 09:11:56.866  1176  1218 I chatty  : uid=1000(system) android.fg expire 16 lines
03-26 09:11:56.900  1176  2835 I chatty  : uid=1000(system) Binder:1176_B expire 3 lines
03-26 09:11:58.760  1176  1176 I chatty  : uid=1000 system_server expire 35 lines
03-26 09:12:00.850  1176  1214 I chatty  : uid=1000(system) ActivityManager expire 14 lines
03-26 09:12:00.925  1176  2256 I chatty  : uid=1000(system) Binder:1176_9 expire 10 lines
03-26 09:12:10.774  1176  1477 I chatty  : uid=1000(system) InputReader expire 6 lines
03-26 09:12:11.379  1176  1220 I chatty  : uid=1000(system) android.display expire 16 lines
03-26 09:12:11.610  1176  3658 I chatty  : uid=1000(system) Binder:1176_12 expire 7 lines
03-26 09:12:19.191  1176  1216 I chatty  : uid=1000(system) batterystats-wo expire 10 lines
03-26 09:13:14.756  1176  1212 I chatty  : uid=1000(system) ActivityManager expire 27 lines
03-26 09:20:29.270  1176  1202 I chatty  : uid=1000(system) Binder:1176_2 expire 7 lines
03-26 09:20:29.345  1176  2886 I chatty  : uid=1000(system) Binder:1176_C expire 2 lines
03-26 09:20:29.402  1176  5068 I chatty  : uid=1000(system) Binder:1176_20 expire 3 lines
03-26 09:20:29.588  1176  2889 I chatty  : uid=1000(system) Binder:1176_D expire 5 lines
03-26 09:20:31.193  1176  1476 I chatty  : uid=1000(system) InputDispatcher expire 1 line
03-26 09:20:32.016  1176  3972 I chatty  : uid=1000(system) Binder:1176_15 expire 3 lines
03-26 09:25:02.687  1176  1683 I chatty  : uid=1000(system) Binder:1176_4 expire 6 lines
03-26 09:30:22.378  1176  2257 I chatty  : uid=1000(system) Binder:1176_A expire 6 lines
03-26 09:33:22.794  1176  3991 I chatty  : uid=1000(system) Binder:1176_1A expire 5 lines
03-26 09:33:29.307  1176  3999 I chatty  : uid=1000(system) Binder:1176_1C expire 2 lines
03-26 09:38:07.723  1176  3990 I chatty  : uid=1000(system) Binder:1176_19 expire 1 line
03-26 09:38:16.124  1176  1963 I chatty  : uid=1000(system) Binder:1176_6 expire 1 line
03-26 09:38:17.895  1176  1526 I chatty  : uid=1000(system) ConnectivitySer expire 4 lines
03-26 09:50:01.591  1176  1222 I chatty  : uid=1000(system) PowerManagerSer expire 31 lines
03-26 09:50:01.729  1176  1220 I chatty  : uid=1000(system) android.display expire 12 lines
03-26 09:52:09.789  1176  1214 I chatty  : uid=1000(system) ActivityManager expire 14 lines
03-26 09:52:09.899  1176  2163 I chatty  : uid=1000(system) Binder:1176_7 expire 3 lines
03-26 09:57:10.765  1176  1683 I chatty  : uid=1000(system) Binder:1176_4 expire 3 lines
03-26 09:57:52.112  1176  1212 I chatty  : uid=1000(system) ActivityManager expire 26 lines
03-26 09:58:14.332  1176  1477 I chatty  : uid=1000(system) InputReader expire 8 lines
03-26 09:58:14.333  1176  1176 I chatty  : uid=1000 system_server expire 19 lines
03-26 09:58:14.583  1176  1202 I chatty  : uid=1000(system) Binder:1176_2 expire 3 lines
03-26 09:58:14.608  1176  1218 I chatty  : uid=1000(system) android.fg expire 11 lines
03-26 09:58:14.610  1176  1201 I chatty  : uid=1000(system) Binder:1176_1 expire 15 lines
03-26 09:58:45.004  1176  3994 I chatty  : uid=1000(system) Binder:1176_1B expire 2 lines
03-26 09:58:45.101  1176  1545 I chatty  : uid=1000(system) Binder:1176_3 expire 4 lines
03-26 10:01:17.588  1176  3973 I chatty  : uid=1000(system) Binder:1176_16 expire 2 lines
03-26 10:01:17.594  1176  3999 I chatty  : uid=1000(system) Binder:1176_1C expire 1 line
03-26 10:01:21.743  1176  3658 I chatty  : uid=1000(system) Binder:1176_12 expire 7 lines
03-26 10:02:29.247  1176  3990 I chatty  : uid=1000(system) Binder:1176_19 expire 9 lines
03-26 10:05:01.218 16886 17069 I AlwaysOnHotwordDetector: onDetected
03-26 10:05:01.299  1176  1176 I chatty  : uid=1000 system_server expire 15 lines
03-26 10:08:57.389  1176  1214 I chatty  : uid=1000(system) ActivityManager expire 9 lines
03-26 10:09:03.446  1176  1963 I chatty  : uid=1000(system) Binder:1176_6 expire 6 lines
03-26 10:11:17.249  1176  5056 I chatty  : uid=1000(system) Binder:1176_1E expire 2 lines
03-26 10:13:53.074  1176  1222 I chatty  : uid=1000(system) PowerManagerSer expire 14 lines
03-26 10:13:53.116  1176  1220 I chatty  : uid=1000(system) android.display expire 7 lines
03-26 10:13:55.274  1176  1213 I chatty  : uid=1000(system) android.ui expire 1 line
03-26 10:13:55.591  1176  1434 I chatty  : uid=1000(system) android.anim expire 2 lines
03-26 10:13:56.819  1176  1684 I chatty  : uid=1000(system) Binder:1176_5 expire 2 lines
03-26 10:14:02.403  1176  1476 I chatty  : uid=1000(system) InputDispatcher expire 1 line
03-26 10:14:03.024  1176  2256 I chatty  : uid=1000(system) Binder:1176_9 expire 1 line
03-26 10:14:29.712 16886 17069 I AlwaysOnHotwordDetector: onDetected
03-26 10:14:29.785  1176  1176 I chatty  : uid=1000 system_server expire 10 lines
03-26 10:14:42.873  1176  2889 I chatty  : uid=1000(system) Binder:1176_D expire 1 line
03-26 10:14:42.915  1176  2886 I chatty  : uid=1000(system) Binder:1176_C expire 1 line
03-26 10:14:42.915  1176  3974 I chatty  : uid=1000(system) Binder:1176_17 expire 1 line
03-26 10:14:45.371  1176  2193 I chatty  : uid=1000(system) Binder:1176_8 expire 1 line
03-26 10:15:00.207  1176  1218 I chatty  : uid=1000(system) android.fg expire 13 lines
03-26 10:15:00.288  1176  3974 I chatty  : uid=1000(system) Binder:1176_17 expire 2 lines
03-26 10:15:00.292  1176  1220 I chatty  : uid=1000(system) android.display expire 15 lines
03-26 10:15:00.386  1176  1222 I chatty  : uid=1000(system) PowerManagerSer expire 16 lines
03-26 10:15:04.057  1176  1213 I chatty  : uid=1000(system) android.ui expire 5 lines
03-26 10:18:02.240  1176  1214 I chatty  : uid=1000(system) ActivityManager expire 16 lines
03-26 10:18:02.269  1176  1202 I chatty  : uid=1000(system) Binder:1176_2 expire 5 lines
03-26 10:18:02.329  1176  2193 I chatty  : uid=1000(system) Binder:1176_8 expire 2 lines
03-26 10:18:02.364  1176  1526 I chatty  : uid=1000(system) ConnectivitySer expire 5 lines
03-26 10:19:56.505  1176  1211 I chatty  : uid=1000(system) android.bg expire 5 lines
03-26 10:23:03.965  1176  2257 I chatty  : uid=1000(system) Binder:1176_A expire 1 line
03-26 10:24:14.272  1176  1176 I chatty  : uid=1000 system_server expire 12 lines
03-26 10:24:14.275 16886 17069 I AlwaysOnHotwordDetector: onDetected
03-26 10:24:15.634  1176  5056 I chatty  : uid=1000(system) Binder:1176_1E expire 1 line
03-26 10:26:36.278  1176  1477 I chatty  : uid=1000(system) InputReader expire 5 lines
03-26 10:26:36.536  1176  2889 I chatty  : uid=1000(system) Binder:1176_D expire 5 lines
03-26 10:26:36.545  1176  3991 I chatty  : uid=1000(system) Binder:1176_1A expire 2 lines
03-26 10:26:40.091  1176  2256 I chatty  : uid=1000(system) Binder:1176_9 expire 4 lines
03-26 10:26:42.499  1176  1212 I chatty  : uid=1000(system) ActivityManager expire 10 lines
03-26 10:26:43.941  1176  2886 I chatty  : uid=1000(system) Binder:1176_C expire 6 lines
03-26 10:26:44.262  1176  1683 I chatty  : uid=1000(system) Binder:1176_4 expire 3 lines
03-26 10:26:44.304  1176  3999 I chatty  : uid=1000(system) Binder:1176_1C expire 4 lines
03-26 10:27:32.293  1176  3994 I chatty  : uid=1000(system) Binder:1176_1B expire 4 lines
03-26 10:27:38.767  1176  5060 I chatty  : uid=1000(system) Binder:1176_1F expire 5 lines
03-26 10:29:00.052  1176  2893 I chatty  : uid=1000(system) Binder:1176_10 expire 1 line
03-26 10:33:40.634 16886 17069 I AlwaysOnHotwordDetector: onDetected
03-26 10:33:40.700  1176  1176 I chatty  : uid=1000 system_server expire 24 lines
03-26 10:33:41.786  1176  4001 I chatty  : uid=1000(system) Binder:1176_1D expire 7 lines
03-26 10:35:01.759  1176  1222 I chatty  : uid=1000(system) PowerManagerSer expire 28 lines
03-26 10:35:04.018  1176  1214 I chatty  : uid=1000(system) ActivityManager expire 6 lines
03-26 10:35:18.019  1176  1476 I chatty  : uid=1000(system) InputDispatcher expire 3 lines
03-26 10:35:22.286  1176  3973 I chatty  : uid=1000(system) Binder:1176_16 expire 1 line
03-26 10:35:22.882  1176  2835 I chatty  : uid=1000(system) Binder:1176_B expire 3 lines
03-26 10:35:22.888  1176  1434 I chatty  : uid=1000(system) android.anim expire 1 line
03-26 10:35:46.668  1176  1545 I chatty  : uid=1000(system) Binder:1176_3 expire 7 lines
03-26 10:36:53.342 16886 17069 I AlwaysOnHotwordDetector: onDetected
03-26 10:36:53.407  1176  1176 I chatty  : uid=1000 system_server expire 17 lines
03-26 10:37:23.254 16886 17069 I AlwaysOnHotwordDetector: onDetected
03-26 10:38:15.031  1176  1222 I chatty  : uid=1000(system) PowerManagerSer expire 6 lines
03-26 10:38:15.050  1176  1220 I chatty  : uid=1000(system) android.display expire 2 lines
03-26 10:38:15.374  1176  1201 I chatty  : uid=1000(system) Binder:1176_1 expire 1 line
03-26 10:38:15.747  1176  1212 I chatty  : uid=1000(system) ActivityManager expire 17 lines
03-26 10:38:15.835  1176  1214 I chatty  : uid=1000(system) ActivityManager expire 10 lines
03-26 10:38:15.889  1176  1222 I chatty  : uid=1000(system) PowerManagerSer expire 13 lines
03-26 10:38:15.890  1176  1218 I chatty  : uid=1000(system) android.fg expire 8 lines
03-26 10:38:15.934  1176  1683 I chatty  : uid=1000(system) Binder:1176_4 expire 1 line
03-26 10:38:15.962  1176  1201 I chatty  : uid=1000(system) Binder:1176_1 expire 8 lines
03-26 10:38:20.648  1176  1176 I chatty  : uid=1000 system_server expire 11 lines
03-26 10:38:23.716  1176  1477 I chatty  : uid=1000(system) InputReader expire 5 lines
03-26 10:38:24.261  1176  1220 I chatty  : uid=1000(system) android.display expire 15 lines
03-26 10:38:24.508  1176  2886 I chatty  : uid=1000(system) Binder:1176_C expire 9 lines
03-26 10:38:40.764  1176  1202 I chatty  : uid=1000(system) Binder:1176_2 expire 3 lines
03-26 10:39:07.624  1176  2256 I chatty  : uid=1000(system) Binder:1176_9 expire 5 lines
03-26 10:39:07.624  1176  1526 I chatty  : uid=1000(system) ConnectivitySer expire 8 lines
03-26 10:39:07.635  1176  3972 I chatty  : uid=1000(system) Binder:1176_15 expire 3 lines
03-26 10:40:57.369  1176  1216 I chatty  : uid=1000(system) batterystats-wo expire 2 lines
03-26 10:40:57.914  1176  2893 I chatty  : uid=1000(system) Binder:1176_10 expire 2 lines
03-26 10:41:01.531 22155 22155 D ActivityThread: Loading provider com.google.android.gm.sapi: com.google.android.gm.sapi.SapiUiProvider
03-26 10:41:50.285  1176  1222 I chatty  : uid=1000(system) PowerManagerSer expire 20 lines
03-26 10:42:00.756  1176  5060 I chatty  : uid=1000(system) Binder:1176_1F expire 4 lines
03-26 10:42:00.865  1176  1211 I chatty  : uid=1000(system) android.bg expire 3 lines
03-26 10:43:51.060  1176  1212 I chatty  : uid=1000(system) ActivityManager expire 15 lines
03-26 10:46:28.468  1176  1545 I chatty  : uid=1000(system) Binder:1176_3 expire 6 lines
03-26 10:46:32.239  1176  3974 I chatty  : uid=1000(system) Binder:1176_17 expire 1 line
03-26 10:46:32.644  1176  2889 I chatty  : uid=1000(system) Binder:1176_D expire 2 lines
03-26 10:50:17.423 16886 16919 I AlwaysOnHotwordDetector: onDetected
03-26 10:50:17.510  1176  1176 I chatty  : uid=1000 system_server expire 14 lines
03-26 10:50:50.296  1176  1214 I chatty  : uid=1000(system) ActivityManager expire 16 lines
03-26 10:51:39.481  1176  2257 I chatty  : uid=1000(system) Binder:1176_A expire 3 lines
03-26 10:51:39.482  1176  2835 I chatty  : uid=1000(system) Binder:1176_B expire 7 lines
03-26 11:00:00.298  1176  3990 I chatty  : uid=1000(system) Binder:1176_19 expire 4 lines
03-26 11:00:21.559  1176  3999 I chatty  : uid=1000(system) Binder:1176_1C expire 2 lines
03-26 11:00:22.150  1176  4001 I chatty  : uid=1000(system) Binder:1176_1D expire 3 lines
03-26 11:00:22.939  1176  3658 I chatty  : uid=1000(system) Binder:1176_12 expire 1 line
03-26 11:00:25.409  1176  1213 I chatty  : uid=1000(system) android.ui expire 3 lines
03-26 11:00:26.028  1176  1434 I chatty  : uid=1000(system) android.anim expire 2 lines
03-26 11:00:27.078  1176  5056 I chatty  : uid=1000(system) Binder:1176_1E expire 1 line
03-26 11:01:33.469  1176  2163 I chatty  : uid=1000(system) Binder:1176_7 expire 1 line
03-26 11:01:33.588  1176  3335 I chatty  : uid=1000(system) Binder:1176_11 expire 1 line
03-26 11:02:56.753 23465 23465 D ActivityThread: Loading provider com.google.android.gm.sapi: com.google.android.gm.sapi.SapiUiProvider
03-26 11:03:08.231  1176  1222 I chatty  : uid=1000(system) PowerManagerSer expire 6 lines
03-26 11:03:08.243  1176  1220 I chatty  : uid=1000(system) android.display expire 3 lines
03-26 11:03:08.664  1176  1214 I chatty  : uid=1000(system) ActivityManager expire 3 lines
03-26 11:04:07.859  1176  1212 I chatty  : uid=1000(system) ActivityManager expire 5 lines
03-26 11:04:40.321  1176  1176 I chatty  : uid=1000 system_server expire 19 lines
03-26 11:04:40.443  1176  1222 I chatty  : uid=1000(system) PowerManagerSer expire 27 lines
03-26 11:04:40.449  1176  1220 I chatty  : uid=1000(system) android.display expire 10 lines
03-26 11:04:40.615  1176  1218 I chatty  : uid=1000(system) android.fg expire 10 lines
03-26 11:04:40.646  1176  3974 I chatty  : uid=1000(system) Binder:1176_17 expire 4 lines
03-26 11:04:43.405  1176  1477 I chatty  : uid=1000(system) InputReader expire 5 lines
03-26 11:04:44.681  1176  5060 I chatty  : uid=1000(system) Binder:1176_1F expire 1 line
03-26 11:06:00.901  1176  1202 I chatty  : uid=1000(system) Binder:1176_2 expire 2 lines
03-26 11:06:00.974  1176  1434 I chatty  : uid=1000(system) android.anim expire 1 line
03-26 11:06:01.002  1176  5068 I chatty  : uid=1000(system) Binder:1176_20 expire 4 lines
03-26 11:06:01.024  1176  1212 I chatty  : uid=1000(system) ActivityManager expire 22 lines
03-26 11:06:01.109  1176  1214 I chatty  : uid=1000(system) ActivityManager expire 17 lines
03-26 11:06:02.747  1176  1476 I chatty  : uid=1000(system) InputDispatcher expire 1 line
03-26 11:06:03.862  1176  2889 I chatty  : uid=1000(system) Binder:1176_D expire 6 lines
03-26 11:06:07.619  1176  2835 I chatty  : uid=1000(system) Binder:1176_B expire 1 line
03-26 11:06:08.616  1176  3658 I chatty  : uid=1000(system) Binder:1176_12 expire 3 lines
03-26 11:06:15.487  1176  2893 I chatty  : uid=1000(system) Binder:1176_10 expire 6 lines
03-26 11:06:38.230  1176  3990 I chatty  : uid=1000(system) Binder:1176_19 expire 2 lines
03-26 11:06:45.218  1176  3972 I chatty  : uid=1000(system) Binder:1176_15 expire 10 lines
03-26 11:07:16.166  1176  1545 I chatty  : uid=1000(system) Binder:1176_3 expire 1 line
03-26 11:07:20.471  1176  3973 I chatty  : uid=1000(system) Binder:1176_16 expire 1 line
03-26 11:07:33.888  1176  1213 I chatty  : uid=1000(system) android.ui expire 1 line
03-26 11:07:34.055  1176  1963 I chatty  : uid=1000(system) Binder:1176_6 expire 2 lines
03-26 11:09:14.408  1176  1460 I chatty  : uid=1000(system) AlarmManager expire 1 line
03-26 11:11:34.409  1176  1216 I chatty  : uid=1000(system) batterystats-wo expire 1 line
03-26 11:13:00.323  1176  1211 I chatty  : uid=1000(system) android.bg expire 1 line
03-26 11:15:41.798  1176  1201 I chatty  : uid=1000(system) Binder:1176_1 expire 4 lines
03-26 11:15:44.920 24686 24686 D ActivityThread: Loading provider com.google.android.gm.sapi: com.google.android.gm.sapi.SapiUiProvider
03-26 11:15:56.065  1176  1219 I chatty  : uid=1000(system) android.io expire 2 lines
03-26 11:16:01.509  1176  1212 I chatty  : uid=1000(system) ActivityManager expire 12 lines
03-26 11:16:13.589  1176  1176 I chatty  : uid=1000 system_server expire 10 lines
03-26 11:16:41.686  1176  1526 I chatty  : uid=1000(system) ConnectivitySer expire 1 line
03-26 11:16:49.616  1176  1222 I chatty  : uid=1000(system) PowerManagerSer expire 17 lines
03-26 11:16:49.644  1176  1220 I chatty  : uid=1000(system) android.display expire 7 lines
03-26 11:16:49.738  1176  1214 I chatty  : uid=1000(system) ActivityManager expire 6 lines
03-26 11:16:49.837  1176  1218 I chatty  : uid=1000(system) android.fg expire 7 lines
03-26 11:21:05.323 16886 16914 I AlwaysOnHotwordDetector: onDetected
03-26 11:21:05.423  1176  1176 I chatty  : uid=1000 system_server expire 10 lines
03-26 11:21:06.622  1176  3972 I chatty  : uid=1000(system) Binder:1176_15 expire 1 line
03-26 11:22:12.900  1176  3335 I chatty  : uid=1000(system) Binder:1176_11 expire 1 line
03-26 11:22:12.920  1176  1222 I chatty  : uid=1000(system) PowerManagerSer expire 7 lines
03-26 11:22:12.962  1176  2193 I chatty  : uid=1000(system) Binder:1176_8 expire 2 lines
03-26 11:22:12.997  1176  1212 I chatty  : uid=1000(system) ActivityManager expire 26 lines
03-26 11:22:18.035  1176  1477 I chatty  : uid=1000(system) InputReader expire 10 lines
03-26 11:22:18.035  1176  1176 I chatty  : uid=1000 system_server expire 37 lines
03-26 11:22:18.506  1176  1222 I chatty  : uid=1000(system) PowerManagerSer expire 61 lines
03-26 11:22:18.566  1176  1220 I chatty  : uid=1000(system) android.display expire 17 lines
03-26 11:22:18.707  1176  1218 I chatty  : uid=1000(system) android.fg expire 19 lines
03-26 11:22:18.811  1176  5068 I chatty  : uid=1000(system) Binder:1176_20 expire 5 lines
03-26 11:23:35.330  1176  3335 I chatty  : uid=1000(system) Binder:1176_11 expire 2 lines
03-26 11:23:40.402  1176  3994 I chatty  : uid=1000(system) Binder:1176_1B expire 1 line
03-26 11:23:40.403  1176  2193 I chatty  : uid=1000(system) Binder:1176_8 expire 1 line
03-26 11:23:40.403  1176  1526 I chatty  : uid=1000(system) ConnectivitySer expire 7 lines
03-26 11:24:04.765  1176  5056 I chatty  : uid=1000(system) Binder:1176_1E expire 9 lines
03-26 11:24:04.765  1176  1684 I chatty  : uid=1000(system) Binder:1176_5 expire 1 line
03-26 11:26:17.185  1176  1211 I chatty  : uid=1000(system) android.bg expire 1 line
03-26 11:26:23.116  1176  1214 I chatty  : uid=1000(system) ActivityManager expire 12 lines
03-26 11:26:23.204  1176  2892 I chatty  : uid=1000(system) Binder:1176_F expire 2 lines
03-26 11:27:19.968  1176  3991 I chatty  : uid=1000(system) Binder:1176_1A expire 5 lines
03-26 11:28:24.861  1176  1216 I chatty  : uid=1000(system) batterystats-wo expire 1 line
03-26 11:30:56.326  1176  2835 I chatty  : uid=1000(system) Binder:1176_B expire 7 lines
03-26 11:30:58.721  1176  1476 I chatty  : uid=1000(system) InputDispatcher expire 1 line
03-26 11:31:04.014  1176  3990 I chatty  : uid=1000(system) Binder:1176_19 expire 2 lines
03-26 11:31:08.445  1176  3957 I chatty  : uid=1000(system) Binder:1176_14 expire 3 lines
03-26 11:31:45.953  1176  4001 I chatty  : uid=1000(system) Binder:1176_1D expire 3 lines
03-26 11:31:46.161  1176  1202 I chatty  : uid=1000(system) Binder:1176_2 expire 3 lines
03-26 11:31:48.279   917   917 W wificond: Skip match ssid for pno scan: hallmarkinn, CSC-FD, Steph maison, cappuccino, Half Dome Guest, @Oxford Free WiFi
03-26 11:31:48.287   917   917 I wificond: Pno scan started
03-26 11:31:48.291   917   917 W wificond: Scan aborted
03-26 11:31:48.710  1176  1214 I chatty  : uid=1000(system) ActivityManager expire 6 lines
03-26 11:31:51.784  1176  3658 I chatty  : uid=1000(system) Binder:1176_12 expire 1 line
03-26 11:32:30.425  1176  1212 I chatty  : uid=1000(system) ActivityManager expire 4 lines
03-26 11:34:15.450  1176  1176 I chatty  : uid=1000 system_server expire 9 lines
03-26 11:34:15.566 16886 16914 I AlwaysOnHotwordDetector: onRecognitionPaused
03-26 11:34:15.809   917   917 I wificond: Pno scan stopped
03-26 11:34:15.813  1176  1222 I chatty  : uid=1000(system) PowerManagerSer expire 4 lines
03-26 11:34:15.887  1176  1220 I chatty  : uid=1000(system) android.display expire 10 lines
03-26 11:34:15.902  1176  1176 I chatty  : uid=1000 system_server expire 29 lines
03-26 11:34:15.904 16886 16914 I AlwaysOnHotwordDetector: onRecognitionResumed
03-26 11:34:15.907  1176  3999 I chatty  : uid=1000(system) Binder:1176_1C expire 8 lines
03-26 11:34:15.942  1176  1212 I chatty  : uid=1000(system) ActivityManager expire 22 lines
03-26 11:34:15.946  1176  1222 I chatty  : uid=1000(system) PowerManagerSer expire 33 lines
03-26 11:34:16.024  1176  1214 I chatty  : uid=1000(system) ActivityManager expire 17 lines
03-26 11:34:16.074  1176  1218 I chatty  : uid=1000(system) android.fg expire 11 lines
03-26 11:34:16.098  1176  3991 I chatty  : uid=1000(system) Binder:1176_1A expire 1 line
03-26 11:34:17.854  1176  1545 I chatty  : uid=1000(system) Binder:1176_3 expire 5 lines
03-26 11:34:17.861  1176  2886 I chatty  : uid=1000(system) Binder:1176_C expire 7 lines
03-26 11:34:18.521   917   917 W wificond: Scan is not started. Ignore abort request
03-26 11:34:18.584  1176  1513 I chatty  : uid=1000(system) WifiStateMachin expire 1 line
03-26 11:34:18.584  1176  1526 I chatty  : uid=1000(system) ConnectivitySer expire 22 lines
03-26 11:34:19.322  1176  2193 I chatty  : uid=1000(system) Binder:1176_8 expire 3 lines
03-26 11:34:20.851  1176  4001 I chatty  : uid=1000(system) Binder:1176_1D expire 3 lines
03-26 11:34:24.847  1176  5068 I chatty  : uid=1000(system) Binder:1176_20 expire 1 line
03-26 11:34:27.637  1176  3957 I chatty  : uid=1000(system) Binder:1176_14 expire 9 lines
03-26 11:34:33.556  1176  1202 I chatty  : uid=1000(system) Binder:1176_2 expire 1 line
03-26 11:34:34.499  1176  3658 I chatty  : uid=1000(system) Binder:1176_12 expire 1 line
03-26 11:34:35.604  1176  1476 I chatty  : uid=1000(system) InputDispatcher expire 6 lines
03-26 11:34:42.389  1176  1477 I chatty  : uid=1000(system) InputReader expire 6 lines
03-26 11:34:42.595  1176  2892 I chatty  : uid=1000(system) Binder:1176_F expire 3 lines
03-26 11:34:54.215  1176  5056 I chatty  : uid=1000(system) Binder:1176_1E expire 7 lines
03-26 11:34:54.593  1176  2257 I chatty  : uid=1000(system) Binder:1176_A expire 1 line
03-26 11:34:54.615  1176  1684 I chatty  : uid=1000(system) Binder:1176_5 expire 2 lines
03-26 11:35:01.763  1176  2256 I chatty  : uid=1000(system) Binder:1176_9 expire 16 lines
03-26 11:35:25.172  1176  3954 I chatty  : uid=1000(system) Binder:1176_13 expire 4 lines
03-26 11:35:25.286  1176  2163 I chatty  : uid=1000(system) Binder:1176_7 expire 5 lines
03-26 11:35:42.529 16886 16914 I AlwaysOnHotwordDetector: onRecognitionPaused
03-26 11:35:43.009  1176  1176 I chatty  : uid=1000 system_server expire 8 lines
03-26 11:35:43.009 16886 16914 I AlwaysOnHotwordDetector: onRecognitionResumed
03-26 11:35:44.736  1176  2835 I chatty  : uid=1000(system) Binder:1176_B expire 3 lines
03-26 11:35:50.762  1176  1214 I chatty  : uid=1000(system) ActivityManager expire 6 lines
03-26 11:36:24.828  1176  1222 I chatty  : uid=1000(system) PowerManagerSer expire 5 lines
03-26 11:36:25.019  1176  1218 I chatty  : uid=1000(system) android.fg expire 13 lines
03-26 11:36:25.122  1176  1220 I chatty  : uid=1000(system) android.display expire 14 lines
03-26 11:36:25.131  1176  2835 I chatty  : uid=1000(system) Binder:1176_B expire 7 lines
03-26 11:36:25.411  1176  1222 I chatty  : uid=1000(system) PowerManagerSer expire 18 lines
03-26 11:36:35.513  1176  3999 I chatty  : uid=1000(system) Binder:1176_1C expire 10 lines
03-26 11:36:35.515  1176  1212 I chatty  : uid=1000(system) ActivityManager expire 11 lines
03-26 11:36:58.398  1176  1176 I chatty  : uid=1000 system_server expire 14 lines
03-26 11:36:58.464  1176  2163 I chatty  : uid=1000(system) Binder:1176_7 expire 1 line
03-26 11:36:58.538  1176  4001 I chatty  : uid=1000(system) Binder:1176_1D expire 11 lines
03-26 11:36:58.674  1176  1214 I chatty  : uid=1000(system) ActivityManager expire 10 lines
03-26 11:36:58.886  1176  5056 I chatty  : uid=1000(system) Binder:1176_1E expire 1 line
03-26 11:37:00.315  1176  2257 I chatty  : uid=1000(system) Binder:1176_A expire 2 lines
03-26 11:37:00.315  1176  1526 I chatty  : uid=1000(system) ConnectivitySer expire 3 lines
03-26 11:37:00.362  1176  2886 I chatty  : uid=1000(system) Binder:1176_C expire 5 lines
03-26 11:37:08.778  1176  1476 I chatty  : uid=1000(system) InputDispatcher expire 2 lines
03-26 11:37:10.139  1176  1477 I chatty  : uid=1000(system) InputReader expire 6 lines
03-26 11:37:10.954  1176  1684 I chatty  : uid=1000(system) Binder:1176_5 expire 3 lines
03-26 11:37:11.215 16886 16914 I AlwaysOnHotwordDetector: onRecognitionPaused
03-26 11:37:11.529  1176  1176 I chatty  : uid=1000 system_server expire 22 lines
03-26 11:37:11.530 16886 16914 I AlwaysOnHotwordDetector: onRecognitionResumed
03-26 11:37:13.605  1176  2893 I chatty  : uid=1000(system) Binder:1176_10 expire 5 lines
03-26 11:37:27.477  1176  1222 I chatty  : uid=1000(system) PowerManagerSer expire 19 lines
03-26 11:37:29.615  1176  2891 I chatty  : uid=1000(system) Binder:1176_E expire 1 line
03-26 11:37:46.947  1176  1202 I chatty  : uid=1000(system) Binder:1176_2 expire 1 line
03-26 11:37:47.107  1176  1212 I chatty  : uid=1000(system) ActivityManager expire 15 lines
03-26 11:38:09.615  1176  1211 I chatty  : uid=1000(system) android.bg expire 2 lines
03-26 11:38:12.159  1176  5068 I chatty  : uid=1000(system) Binder:1176_20 expire 4 lines
03-26 11:38:17.042  1176  2889 I chatty  : uid=1000(system) Binder:1176_D expire 3 lines
03-26 11:39:13.132  1176  3991 I chatty  : uid=1000(system) Binder:1176_1A expire 1 line
03-26 11:39:28.626  1176  3658 I chatty  : uid=1000(system) Binder:1176_12 expire 2 lines
03-26 11:40:11.772  1176  2193 I chatty  : uid=1000(system) Binder:1176_8 expire 2 lines
03-26 11:41:37.579 16886 16914 I AlwaysOnHotwordDetector: onRecognitionPaused
03-26 11:41:38.229  1176  1176 I chatty  : uid=1000 system_server expire 11 lines
03-26 11:41:38.230 16886 16914 I AlwaysOnHotwordDetector: onRecognitionResumed
03-26 11:41:40.185  1176  4001 I chatty  : uid=1000(system) Binder:1176_1D expire 1 line
03-26 11:44:09.547  1176  1222 I chatty  : uid=1000(system) PowerManagerSer expire 18 lines
03-26 11:44:09.569  1176  1220 I chatty  : uid=1000(system) android.display expire 6 lines
03-26 11:44:10.270  1176  2256 I chatty  : uid=1000(system) Binder:1176_9 expire 2 lines
03-26 11:44:10.370  1176  1963 I chatty  : uid=1000(system) Binder:1176_6 expire 2 lines
03-26 11:44:10.385  1176  1212 I chatty  : uid=1000(system) ActivityManager expire 6 lines
03-26 11:44:10.394  1176  3982 I chatty  : uid=1000(system) Binder:1176_18 expire 1 line
03-26 11:44:10.654  1176  2892 I chatty  : uid=1000(system) Binder:1176_F expire 4 lines
03-26 11:45:31.558  1176  1222 I chatty  : uid=1000(system) PowerManagerSer expire 17 lines
03-26 11:45:44.507  1176  1213 I chatty  : uid=1000(system) android.ui expire 3 lines
03-26 11:46:00.169  1176  1220 I chatty  : uid=1000(system) android.display expire 20 lines
03-26 11:46:21.347  1176  1526 I chatty  : uid=1000(system) ConnectivitySer expire 27 lines
03-26 11:46:21.365   917   917 W wificond: Skip match ssid for pno scan: hallmarkinn, CSC-FD, Steph maison, cappuccino, Half Dome Guest, @Oxford Free WiFi
03-26 11:46:21.367   917   917 I wificond: Pno scan started
03-26 11:46:21.447  1176  2256 I chatty  : uid=1000(system) Binder:1176_9 expire 3 lines
03-26 11:46:21.526  1176  1963 I chatty  : uid=1000(system) Binder:1176_6 expire 4 lines
03-26 11:46:21.527  1176  1212 I chatty  : uid=1000(system) ActivityManager expire 17 lines
03-26 11:46:21.537  1176  3982 I chatty  : uid=1000(system) Binder:1176_18 expire 7 lines
03-26 11:46:21.778  1176  1214 I chatty  : uid=1000(system) ActivityManager expire 16 lines
03-26 11:46:26.439  1176  5060 I chatty  : uid=1000(system) Binder:1176_1F expire 1 line
03-26 11:46:46.262  1176  2163 I chatty  : uid=1000(system) Binder:1176_7 expire 3 lines
03-26 11:49:03.942   917   917 I wificond: Pno scan result ready event
03-26 11:49:03.952   917   917 W wificond: Scan is not started. Ignore abort request
03-26 11:49:04.049   917   917 I wificond: Pno scan stopped
03-26 11:49:04.049  1176  1513 I chatty  : uid=1000(system) WifiStateMachin expire 1 line
03-26 11:49:05.360  1176  2891 I chatty  : uid=1000(system) Binder:1176_E expire 5 lines
03-26 11:49:05.373  1176  4001 I chatty  : uid=1000(system) Binder:1176_1D expire 2 lines
03-26 11:49:05.374  1176  3658 I chatty  : uid=1000(system) Binder:1176_12 expire 5 lines
03-26 11:49:05.374  1176  2886 I chatty  : uid=1000(system) Binder:1176_C expire 5 lines
03-26 11:49:05.374  1176  2193 I chatty  : uid=1000(system) Binder:1176_8 expire 1 line
03-26 11:49:05.374  1176  3957 I chatty  : uid=1000(system) Binder:1176_14 expire 1 line
03-26 11:49:05.511  1176  1545 I chatty  : uid=1000(system) Binder:1176_3 expire 2 lines
03-26 11:50:22.240  1176  1176 I chatty  : uid=1000 system_server expire 28 lines
03-26 11:50:54.136  1176  1477 I chatty  : uid=1000(system) InputReader expire 9 lines
03-26 11:50:54.394  1176  1218 I chatty  : uid=1000(system) android.fg expire 12 lines
03-26 11:50:57.260  1176  3999 I chatty  : uid=1000(system) Binder:1176_1C expire 1 line
03-26 11:50:58.408   917   917 W wificond: Scan aborted
03-26 11:51:52.259 29215 29215 D ActivityThread: Loading provider com.google.android.gm.sapi: com.google.android.gm.sapi.SapiUiProvider
03-26 11:55:47.619  1176  1216 I chatty  : uid=1000(system) batterystats-wo expire 3 lines
03-26 12:01:42.959  1176  1222 I chatty  : uid=1000(system) PowerManagerSer expire 44 lines
03-26 12:04:44.146  1176  1201 I chatty  : uid=1000(system) Binder:1176_1 expire 2 lines
03-26 12:04:44.776  1176  3954 I chatty  : uid=1000(system) Binder:1176_13 expire 4 lines
03-26 12:07:19.392  1176  3973 I chatty  : uid=1000(system) Binder:1176_16 expire 1 line
03-26 12:07:20.896  1176  3994 I chatty  : uid=1000(system) Binder:1176_1B expire 3 lines
03-26 12:09:01.377  1176  1526 I chatty  : uid=1000(system) ConnectivitySer expire 3 lines
03-26 12:14:41.206  1176  2193 I chatty  : uid=1000(system) Binder:1176_8 expire 3 lines
03-26 12:14:41.222  1176  1222 I chatty  : uid=1000(system) PowerManagerSer expire 22 lines
03-26 12:14:41.224  1176  1218 I chatty  : uid=1000(system) android.fg expire 16 lines
03-26 12:14:41.865  1176  1477 I chatty  : uid=1000(system) InputReader expire 7 lines
03-26 12:14:41.865  1176  1176 I chatty  : uid=1000 system_server expire 36 lines
03-26 12:14:42.362  1176  1220 I chatty  : uid=1000(system) android.display expire 12 lines
03-26 12:15:03.918  1176  1216 I chatty  : uid=1000(system) batterystats-wo expire 1 line
03-26 12:15:56.663  1176  2256 I chatty  : uid=1000(system) Binder:1176_9 expire 6 lines
03-26 12:16:54.165  1176  1212 I chatty  : uid=1000(system) ActivityManager expire 12 lines
03-26 12:19:45.941  1176  1214 I chatty  : uid=1000(system) ActivityManager expire 16 lines
03-26 12:19:46.028  1176  2889 I chatty  : uid=1000(system) Binder:1176_D expire 2 lines
03-26 12:19:46.035  1176  3982 I chatty  : uid=1000(system) Binder:1176_18 expire 5 lines
03-26 12:21:42.619  1176  1545 I chatty  : uid=1000(system) Binder:1176_3 expire 3 lines
03-26 12:23:00.508  1176  3994 I chatty  : uid=1000(system) Binder:1176_1B expire 3 lines
03-26 12:28:03.390 16886 16914 I AlwaysOnHotwordDetector: onDetected
03-26 12:28:04.663  1176  1202 I chatty  : uid=1000(system) Binder:1176_2 expire 9 lines
03-26 12:28:38.071  1176  2891 I chatty  : uid=1000(system) Binder:1176_E expire 3 lines
03-26 12:28:45.209  1176  2163 I chatty  : uid=1000(system) Binder:1176_7 expire 6 lines
03-26 12:29:19.914  1176  3972 I chatty  : uid=1000(system) Binder:1176_15 expire 2 lines
03-26 12:30:23.609  1176  1212 I chatty  : uid=1000(system) ActivityManager expire 17 lines
03-26 12:37:18.076  1176  2835 I chatty  : uid=1000(system) Binder:1176_B expire 2 lines
03-26 12:37:18.131  1176  1222 I chatty  : uid=1000(system) PowerManagerSer expire 28 lines
03-26 12:37:18.221  1176  1963 I chatty  : uid=1000(system) Binder:1176_6 expire 2 lines
03-26 12:37:18.408  1176  3954 I chatty  : uid=1000(system) Binder:1176_13 expire 2 lines
03-26 12:37:21.205  1176  5060 I chatty  : uid=1000(system) Binder:1176_1F expire 4 lines
03-26 12:37:30.314  1176  1201 I chatty  : uid=1000(system) Binder:1176_1 expire 1 line
03-26 12:37:38.222  1176  3974 I chatty  : uid=1000(system) Binder:1176_17 expire 1 line
03-26 12:37:45.822  1176  1656 I chatty  : uid=1000(system) SyncManager expire 2 lines
03-26 12:38:54.715  1176  2892 I chatty  : uid=1000(system) Binder:1176_F expire 1 line
03-26 12:39:40.001 16886 17069 I AlwaysOnHotwordDetector: onDetected
03-26 12:39:40.102  1176  1176 I chatty  : uid=1000 system_server expire 5 lines
03-26 12:44:30.754  1176  1212 I chatty  : uid=1000(system) ActivityManager expire 12 lines
03-26 12:45:45.842  1176  1214 I chatty  : uid=1000(system) ActivityManager expire 4 lines
03-26 12:46:06.833  1176  3957 I chatty  : uid=1000(system) Binder:1176_14 expire 7 lines
03-26 12:46:13.770  1176  2256 I chatty  : uid=1000(system) Binder:1176_9 expire 6 lines
03-26 12:46:26.193  1176  1222 I chatty  : uid=1000(system) PowerManagerSer expire 17 lines
03-26 12:46:26.247  1176  1220 I chatty  : uid=1000(system) android.display expire 20 lines
03-26 12:46:26.830  1176  1176 I chatty  : uid=1000 system_server expire 12 lines
03-26 12:46:26.914  1176  2193 I chatty  : uid=1000(system) Binder:1176_8 expire 5 lines
03-26 12:46:27.000  1176  2886 I chatty  : uid=1000(system) Binder:1176_C expire 2 lines
03-26 12:46:27.035  1176  1212 I chatty  : uid=1000(system) ActivityManager expire 17 lines
03-26 12:46:27.163  1176  1214 I chatty  : uid=1000(system) ActivityManager expire 18 lines
03-26 12:46:27.211  1176  1218 I chatty  : uid=1000(system) android.fg expire 16 lines
03-26 12:46:27.284  1176  2163 I chatty  : uid=1000(system) Binder:1176_7 expire 6 lines
03-26 12:46:30.148  1176  3335 I chatty  : uid=1000(system) Binder:1176_11 expire 4 lines
03-26 12:46:39.721  1176  1476 I chatty  : uid=1000(system) InputDispatcher expire 1 line
03-26 12:46:40.221  1176  2892 I chatty  : uid=1000(system) Binder:1176_F expire 4 lines
03-26 12:46:40.793  1176  1477 I chatty  : uid=1000(system) InputReader expire 6 lines
03-26 12:46:41.647  1176  5068 I chatty  : uid=1000(system) Binder:1176_20 expire 4 lines
03-26 12:46:52.694  1176  3982 I chatty  : uid=1000(system) Binder:1176_18 expire 2 lines
03-26 12:47:05.733  1176  5056 I chatty  : uid=1000(system) Binder:1176_1E expire 1 line
03-26 12:47:11.808  1176  3999 I chatty  : uid=1000(system) Binder:1176_1C expire 2 lines
03-26 12:47:11.818  1176  1201 I chatty  : uid=1000(system) Binder:1176_1 expire 3 lines
03-26 12:47:20.008   917   917 W wificond: Scan aborted
03-26 12:47:25.177   917   917 W wificond: Scan aborted
03-26 12:47:56.870   917   917 W wificond: Scan aborted
03-26 12:48:00.500  1176  1222 I chatty  : uid=1000(system) PowerManagerSer expire 49 lines
03-26 12:48:01.204  1176  1176 I chatty  : uid=1000 system_server expire 29 lines
03-26 12:48:01.420  1176  2893 I chatty  : uid=1000(system) Binder:1176_10 expire 2 lines
03-26 12:48:01.428  1176  2835 I chatty  : uid=1000(system) Binder:1176_B expire 2 lines
03-26 12:48:35.847  1176  2889 I chatty  : uid=1000(system) Binder:1176_D expire 5 lines
03-26 12:48:36.124  1176  1545 I chatty  : uid=1000(system) Binder:1176_3 expire 5 lines
03-26 12:48:37.270  1176  3954 I chatty  : uid=1000(system) Binder:1176_13 expire 2 lines
03-26 12:55:08.808  1176  1526 I chatty  : uid=1000(system) ConnectivitySer expire 1 line
03-26 12:55:49.687  1176  1216 I chatty  : uid=1000(system) batterystats-wo expire 2 lines
03-26 12:56:44.330  1176  1202 I chatty  : uid=1000(system) Binder:1176_2 expire 1 line
03-26 12:58:00.865  1176  1963 I chatty  : uid=1000(system) Binder:1176_6 expire 2 lines
03-26 12:58:00.865  1176  1201 I chatty  : uid=1000(system) Binder:1176_1 expire 1 line
03-26 12:58:00.865  1176  5056 I chatty  : uid=1000(system) Binder:1176_1E expire 10 lines
03-26 12:58:00.865  1176  1526 I chatty  : uid=1000(system) ConnectivitySer expire 6 lines
03-26 12:58:00.877  1176  2889 I chatty  : uid=1000(system) Binder:1176_D expire 5 lines
03-26 12:58:00.878  1176  1220 I chatty  : uid=1000(system) android.display expire 11 lines
03-26 12:58:15.381  1176  1214 I chatty  : uid=1000(system) ActivityManager expire 19 lines
03-26 12:58:15.595 32722 32722 D ActivityThread: Loading provider com.google.android.gm.sapi: com.google.android.gm.sapi.SapiUiProvider
03-26 12:59:45.145  1176  1176 I chatty  : uid=1000 system_server expire 28 lines
03-26 12:59:45.146 16886 17069 I AlwaysOnHotwordDetector: onDetected
03-26 12:59:46.546  1176  3957 I chatty  : uid=1000(system) Binder:1176_14 expire 3 lines
03-26 12:59:48.161  1176  1216 I chatty  : uid=1000(system) batterystats-wo expire 3 lines
03-26 13:02:06.149  1176  2835 I chatty  : uid=1000(system) Binder:1176_B expire 7 lines
03-26 13:02:15.991  1176  3990 I chatty  : uid=1000(system) Binder:1176_19 expire 2 lines
03-26 13:06:10.434  1176  1211 I chatty  : uid=1000(system) android.bg expire 3 lines
03-26 13:06:10.656  1176  3982 I chatty  : uid=1000(system) Binder:1176_18 expire 10 lines
03-26 13:06:11.795  1176  2256 I chatty  : uid=1000(system) Binder:1176_9 expire 4 lines
03-26 13:06:12.022  1321  1321 D ActivityThread: Loading provider com.google.android.gm.sapi: com.google.android.gm.sapi.SapiUiProvider
03-26 13:06:12.593  1176  2893 I chatty  : uid=1000(system) Binder:1176_10 expire 3 lines
03-26 13:06:12.665  1176  5056 I chatty  : uid=1000(system) Binder:1176_1E expire 4 lines
03-26 13:12:02.224  1176  3999 I chatty  : uid=1000(system) Binder:1176_1C expire 4 lines
03-26 13:12:02.309  1176  1222 I chatty  : uid=1000(system) PowerManagerSer expire 39 lines
03-26 13:12:02.336  1176  3335 I chatty  : uid=1000(system) Binder:1176_11 expire 7 lines
03-26 13:12:02.369  1176  1212 I chatty  : uid=1000(system) ActivityManager expire 16 lines
03-26 13:12:02.603  1176  1218 I chatty  : uid=1000(system) android.fg expire 12 lines
03-26 13:12:03.283  1176  1684 I chatty  : uid=1000(system) Binder:1176_5 expire 4 lines
03-26 13:12:03.653  1176  1683 I chatty  : uid=1000(system) Binder:1176_4 expire 1 line
03-26 13:12:15.520  1176  1477 I chatty  : uid=1000(system) InputReader expire 8 lines
03-26 13:12:31.673  1176  2886 I chatty  : uid=1000(system) Binder:1176_C expire 2 lines
03-26 13:12:45.750  1176  3954 I chatty  : uid=1000(system) Binder:1176_13 expire 2 lines
03-26 13:14:01.735  1176  5068 I chatty  : uid=1000(system) Binder:1176_20 expire 1 line
03-26 13:15:08.996  2613  2613 D ActivityThread: Loading provider com.google.android.gm.sapi: com.google.android.gm.sapi.SapiUiProvider
03-26 13:19:59.124  1176  1222 I chatty  : uid=1000(system) PowerManagerSer expire 9 lines
03-26 13:19:59.131  1176  1220 I chatty  : uid=1000(system) android.display expire 2 lines
03-26 13:20:02.555  1176  1176 I chatty  : uid=1000 system_server expire 5 lines
03-26 13:20:02.754  1176  1212 I chatty  : uid=1000(system) ActivityManager expire 6 lines
03-26 13:20:02.836  1176  1214 I chatty  : uid=1000(system) ActivityManager expire 1 line
03-26 13:20:02.919  1176  3991 I chatty  : uid=1000(system) Binder:1176_1A expire 1 line
03-26 13:20:02.964  1176  1218 I chatty  : uid=1000(system) android.fg expire 16 lines
03-26 13:20:07.284  1176  1176 I chatty  : uid=1000 system_server expire 41 lines
03-26 13:20:07.862  1176  2889 I chatty  : uid=1000(system) Binder:1176_D expire 6 lines
03-26 13:20:09.381  1176  1220 I chatty  : uid=1000(system) android.display expire 23 lines
03-26 13:20:37.009  1176  1214 I chatty  : uid=1000(system) ActivityManager expire 14 lines
03-26 13:20:37.091  1176  1684 I chatty  : uid=1000(system) Binder:1176_5 expire 4 lines
03-26 13:20:39.490  1176  2257 I chatty  : uid=1000(system) Binder:1176_A expire 4 lines
03-26 13:20:46.830  1176  3974 I chatty  : uid=1000(system) Binder:1176_17 expire 3 lines
03-26 13:20:50.356  1176  1211 I chatty  : uid=1000(system) android.bg expire 5 lines
03-26 13:20:59.666  1176  1477 I chatty  : uid=1000(system) InputReader expire 9 lines
03-26 13:21:00.162  1176  1222 I chatty  : uid=1000(system) PowerManagerSer expire 67 lines
03-26 13:21:00.482  1176  3990 I chatty  : uid=1000(system) Binder:1176_19 expire 6 lines
03-26 13:22:12.865  1176  3982 I chatty  : uid=1000(system) Binder:1176_18 expire 1 line
03-26 13:22:13.810  1176  1212 I chatty  : uid=1000(system) ActivityManager expire 23 lines
03-26 13:22:18.118  1176  3991 I chatty  : uid=1000(system) Binder:1176_1A expire 1 line
03-26 13:26:16.304  1176  1202 I chatty  : uid=1000(system) Binder:1176_2 expire 1 line
03-26 13:33:21.479  1176  1526 I chatty  : uid=1000(system) ConnectivitySer expire 5 lines
03-26 13:34:10.055  1176  5056 I chatty  : uid=1000(system) Binder:1176_1E expire 2 lines
03-26 13:34:10.093  1176  5068 I chatty  : uid=1000(system) Binder:1176_20 expire 1 line
03-26 13:36:59.307  1176  3954 I chatty  : uid=1000(system) Binder:1176_13 expire 2 lines
03-26 13:40:55.924  1176  4001 I chatty  : uid=1000(system) Binder:1176_1D expire 2 lines
03-26 13:40:56.239  1176  2256 I chatty  : uid=1000(system) Binder:1176_9 expire 1 line
03-26 13:40:56.847  1176  5060 I chatty  : uid=1000(system) Binder:1176_1F expire 2 lines
03-26 13:40:58.728  1176  1683 I chatty  : uid=1000(system) Binder:1176_4 expire 2 lines
03-26 13:41:00.218  1176  2893 I chatty  : uid=1000(system) Binder:1176_10 expire 6 lines
03-26 13:41:14.328  1176  1220 I chatty  : uid=1000(system) android.display expire 18 lines
03-26 13:41:14.333  1176  5060 I chatty  : uid=1000(system) Binder:1176_1F expire 5 lines
03-26 13:41:14.347  1176  1212 I chatty  : uid=1000(system) ActivityManager expire 13 lines
03-26 13:41:14.411  1176  1214 I chatty  : uid=1000(system) ActivityManager expire 17 lines
03-26 13:41:14.497  1176  3990 I chatty  : uid=1000(system) Binder:1176_19 expire 4 lines
03-26 13:41:14.507  1176  1222 I chatty  : uid=1000(system) PowerManagerSer expire 22 lines
03-26 13:41:14.508  1176  1218 I chatty  : uid=1000(system) android.fg expire 10 lines
03-26 13:41:14.545  1176  4001 I chatty  : uid=1000(system) Binder:1176_1D expire 7 lines
03-26 13:41:16.825  1176  1176 I chatty  : uid=1000 system_server expire 13 lines
03-26 13:41:21.069  1176  1201 I chatty  : uid=1000(system) Binder:1176_1 expire 2 lines
03-26 13:41:23.818  1176  2256 I chatty  : uid=1000(system) Binder:1176_9 expire 4 lines
03-26 13:41:35.805  1176  1460 I chatty  : uid=1000(system) AlarmManager expire 1 line
03-26 13:41:48.055  1176  1476 I chatty  : uid=1000(system) InputDispatcher expire 1 line
03-26 13:41:48.497  1176  1477 I chatty  : uid=1000(system) InputReader expire 7 lines
03-26 13:41:49.281  1176  2886 I chatty  : uid=1000(system) Binder:1176_C expire 4 lines
03-26 13:43:34.218  1176  3982 I chatty  : uid=1000(system) Binder:1176_18 expire 2 lines
03-26 13:43:59.109  1176  1545 I chatty  : uid=1000(system) Binder:1176_3 expire 3 lines
03-26 13:44:34.462  1176  2889 I chatty  : uid=1000(system) Binder:1176_D expire 1 line
03-26 13:44:38.406  1176  1211 I chatty  : uid=1000(system) android.bg expire 4 lines
03-26 13:46:39.121  1176  5068 I chatty  : uid=1000(system) Binder:1176_20 expire 8 lines
03-26 13:46:40.194  1176  3954 I chatty  : uid=1000(system) Binder:1176_13 expire 1 line
03-26 13:47:22.977  1176  1526 I chatty  : uid=1000(system) ConnectivitySer expire 30 lines
03-26 13:47:23.013   917   917 W wificond: Skip match ssid for pno scan: hallmarkinn, CSC-FD, Steph maison, cappuccino, Half Dome Guest, @Oxford Free WiFi
03-26 13:47:23.014   917   917 I wificond: Pno scan started
03-26 13:47:23.157  1176  1202 I chatty  : uid=1000(system) Binder:1176_2 expire 2 lines
03-26 13:47:45.692   917   917 I wificond: Pno scan result ready event
03-26 13:47:45.716   917   917 W wificond: Scan is not started. Ignore abort request
03-26 13:47:45.886  1176  1513 I chatty  : uid=1000(system) WifiStateMachin expire 1 line
03-26 13:47:45.892   917   917 I wificond: Pno scan stopped
03-26 13:47:47.156  1176  3973 I chatty  : uid=1000(system) Binder:1176_16 expire 1 line
03-26 13:48:53.112  1176  1176 I chatty  : uid=1000 system_server expire 10 lines
03-26 13:48:53.169  1176  1222 I chatty  : uid=1000(system) PowerManagerSer expire 31 lines
03-26 13:48:53.412  1176  1218 I chatty  : uid=1000(system) android.fg expire 19 lines
03-26 13:53:19.886  1176  3982 I chatty  : uid=1000(system) Binder:1176_18 expire 2 lines
03-26 13:53:19.916  1176  1222 I chatty  : uid=1000(system) PowerManagerSer expire 37 lines
03-26 13:53:19.945  1176  1220 I chatty  : uid=1000(system) android.display expire 12 lines
03-26 13:55:00.324  1176  1176 I chatty  : uid=1000 system_server expire 33 lines
03-26 13:55:00.324 16886   623 I AlwaysOnHotwordDetector: onDetected
03-26 13:55:02.009  1176  3990 I chatty  : uid=1000(system) Binder:1176_19 expire 3 lines
03-26 13:55:44.190  1176  1212 I chatty  : uid=1000(system) ActivityManager expire 45 lines
03-26 13:56:21.342  1176  5068 I chatty  : uid=1000(system) Binder:1176_20 expire 1 line
03-26 13:56:21.587  1176  1214 I chatty  : uid=1000(system) ActivityManager expire 10 lines
03-26 13:56:21.666  1176  1545 I chatty  : uid=1000(system) Binder:1176_3 expire 5 lines
03-26 13:56:21.736  1176  2893 I chatty  : uid=1000(system) Binder:1176_10 expire 4 lines
03-26 13:56:28.099  1176  1477 I chatty  : uid=1000(system) InputReader expire 2 lines
03-26 13:56:28.871  1176  2256 I chatty  : uid=1000(system) Binder:1176_9 expire 3 lines
03-26 13:56:33.933  1176  1201 I chatty  : uid=1000(system) Binder:1176_1 expire 2 lines
03-26 13:58:13.869  1176  1219 I chatty  : uid=1000(system) android.io expire 1 line
03-26 13:58:13.907  1176 30283 I chatty  : uid=1000(system) HwBinder:1176_5 expire 4 lines
03-26 13:58:13.940  1176  3954 I chatty  : uid=1000(system) Binder:1176_13 expire 3 lines
03-26 13:58:15.221  1176  4001 I chatty  : uid=1000(system) Binder:1176_1D expire 1 line
03-26 13:58:34.949  1176  1683 I chatty  : uid=1000(system) Binder:1176_4 expire 1 line
03-26 13:58:34.973  1176  1526 I chatty  : uid=1000(system) ConnectivitySer expire 1 line
03-26 13:59:14.036  1176  2650 I chatty  : uid=1000(system) backup expire 41 lines
03-26 13:59:14.048  1176  3974 I chatty  : uid=1000(system) Binder:1176_17 expire 1 line
03-26 13:59:20.800  1176  2886 I chatty  : uid=1000(system) Binder:1176_C expire 1 line
03-26 13:59:22.518  1176  3991 I chatty  : uid=1000(system) Binder:1176_1A expire 1 line
03-26 13:59:23.983  1176  2257 I chatty  : uid=1000(system) Binder:1176_A expire 3 lines
03-26 13:59:23.994  1176  2650 I chatty  : uid=1000(system) backup expire 22 lines
03-26 13:59:24.106  1176  1212 I chatty  : uid=1000(system) ActivityManager expire 40 lines
03-26 13:59:24.153  1176  1218 I chatty  : uid=1000(system) android.fg expire 7 lines
03-26 13:59:26.880  1176  1214 I chatty  : uid=1000(system) ActivityManager expire 17 lines
03-26 13:59:27.775  1176  3991 I chatty  : uid=1000(system) Binder:1176_1A expire 9 lines
