03-26 05:56:41.306  1176 28975 I chatty  : uid=1000 system_server expire 7 lines
03-26 05:56:41.309  1176  3957 I chatty  : uid=1000(system) Binder:1176_14 expire 5 lines
03-26 05:56:44.042  1176 28976 I chatty  : uid=1000 system_server expire 7 lines
03-26 05:56:46.838  1176 28977 I chatty  : uid=1000 system_server expire 7 lines
03-26 05:56:46.845  1176  3954 I chatty  : uid=1000(system) Binder:1176_13 expire 5 lines
03-26 05:56:49.606  1176 28979 I chatty  : uid=1000 system_server expire 7 lines
03-26 05:56:52.385  1176 28980 I chatty  : uid=1000 system_server expire 7 lines
03-26 05:56:55.099  1176 28981 I chatty  : uid=1000 system_server expire 7 lines
03-26 05:56:57.896  1176 28982 I chatty  : uid=1000 system_server expire 7 lines
03-26 05:56:57.902  1176  2892 I chatty  : uid=1000(system) Binder:1176_F expire 3 lines
03-26 05:57:00.726  1176 28986 I chatty  : uid=1000 system_server expire 7 lines
03-26 05:57:03.508  1176 28987 I chatty  : uid=1000 system_server expire 7 lines
03-26 05:57:06.283  1176 28988 I chatty  : uid=1000 system_server expire 7 lines
03-26 05:57:09.025  1176 28990 I chatty  : uid=1000 system_server expire 7 lines
03-26 05:57:11.822  1176 28991 I chatty  : uid=1000 system_server expire 11 lines
03-26 05:57:12.113  1176 28992 I chatty  : uid=1000 system_server expire 4 lines
03-26 05:57:12.127  1176  1214 I chatty  : uid=1000(system) ActivityManager expire 2 lines
03-26 05:57:12.163  1176  1212 I chatty  : uid=1000(system) ActivityManager expire 8 lines
03-26 05:57:12.309  1176 29023 I chatty  : uid=1000 system_server expire 2 lines
03-26 05:57:12.331  1176  5068 I chatty  : uid=1000(system) Binder:1176_20 expire 1 line
03-26 05:57:17.252  1176 29027 I chatty  : uid=1000 system_server expire 3 lines
03-26 05:57:17.455  1176 29028 I chatty  : uid=1000 system_server expire 4 lines
03-26 05:57:17.586  1176 29051 I chatty  : uid=1000 system_server expire 2 lines
03-26 05:57:17.723  1176  3954 I chatty  : uid=1000(system) Binder:1176_13 expire 3 lines
03-26 05:57:17.764  1176 29027 I chatty  : uid=1000 system_server expire 8 lines
03-26 05:57:22.189  1176  2650 I chatty  : uid=1000(system) backup expire 28 lines
03-26 05:57:22.200  1176  1176 I chatty  : uid=1000 system_server expire 16 lines
03-26 05:57:22.268  1176 29057 I chatty  : uid=1000 system_server expire 7 lines
03-26 05:57:25.053  1176 29058 I chatty  : uid=1000 system_server expire 7 lines
03-26 05:57:25.059  1176  5056 I chatty  : uid=1000(system) Binder:1176_1E expire 1 line
03-26 05:57:27.846  1176 29059 I chatty  : uid=1000 system_server expire 11 lines
03-26 05:57:27.850  1176  3972 I chatty  : uid=1000(system) Binder:1176_15 expire 3 lines
03-26 05:57:28.051  1176 29060 I chatty  : uid=1000 system_server expire 4 lines
03-26 05:57:28.076  1176 29061 I chatty  : uid=1000 system_server expire 2 lines
03-26 05:57:28.085  1176  1212 I chatty  : uid=1000(system) ActivityManager expire 4 lines
03-26 05:57:31.975  1176  1963 I chatty  : uid=1000(system) Binder:1176_6 expire 3 lines
03-26 05:57:31.978  1176  3335 I chatty  : uid=1000(system) Binder:1176_11 expire 4 lines
03-26 05:57:31.999  1176  1220 I chatty  : uid=1000(system) android.display expire 1 line
03-26 05:57:32.028  1176  1214 I chatty  : uid=1000(system) ActivityManager expire 8 lines
03-26 05:57:32.982  3116 29136 E ActivityThread: Failed to find provider info for com.google.vr.apps.ornament.app.lens.StickersAvailabilityProvider
03-26 05:57:33.292 29073 29073 E SchedPolicy: set_timerslack_ns write failed: Operation not permitted
03-26 05:57:33.374 29073 29073 E SchedPolicy: set_timerslack_ns write failed: Operation not permitted
03-26 05:57:34.256 29073 29073 E SchedPolicy: set_timerslack_ns write failed: Operation not permitted
03-26 05:57:38.963  1176  3990 I chatty  : uid=1000(system) Binder:1176_19 expire 1 line
03-26 05:57:39.705  1176  3957 I chatty  : uid=1000(system) Binder:1176_14 expire 2 lines
03-26 05:57:40.629  1176  2163 I chatty  : uid=1000(system) Binder:1176_7 expire 4 lines
03-26 05:57:41.386  1176  1176 I chatty  : uid=1000 system_server expire 52 lines
03-26 05:57:41.453  1176 29333 I chatty  : uid=1000 system_server expire 7 lines
03-26 05:57:41.460  1176  2256 I chatty  : uid=1000(system) Binder:1176_9 expire 1 line
03-26 05:57:44.243  1176 29354 I chatty  : uid=1000 system_server expire 7 lines
03-26 05:57:46.994  1176 29356 I chatty  : uid=1000 system_server expire 7 lines
03-26 05:57:46.999  1176  1683 I chatty  : uid=1000(system) Binder:1176_4 expire 1 line
03-26 05:57:49.807  1176 29362 I chatty  : uid=1000 system_server expire 7 lines
03-26 05:57:49.814  1176  2257 I chatty  : uid=1000(system) Binder:1176_A expire 2 lines
03-26 05:57:52.542  1176 29363 I chatty  : uid=1000 system_server expire 7 lines
03-26 05:57:55.424  1176 29377 I chatty  : uid=1000 system_server expire 8 lines
03-26 05:57:58.259  1176 29378 I chatty  : uid=1000 system_server expire 7 lines
03-26 05:57:58.266  1176  5060 I chatty  : uid=1000(system) Binder:1176_1F expire 3 lines
03-26 05:58:01.057  1176 29380 I chatty  : uid=1000 system_server expire 7 lines
03-26 05:58:03.868  1176 29381 I chatty  : uid=1000 system_server expire 7 lines
03-26 05:58:03.917  1176  1526 I chatty  : uid=1000(system) ConnectivitySer expire 2 lines
03-26 05:58:03.936  1176  3994 I chatty  : uid=1000(system) Binder:1176_1B expire 1 line
03-26 05:58:06.632  1176 29382 I chatty  : uid=1000 system_server expire 1 line
03-26 05:58:06.638  1176  3999 I chatty  : uid=1000(system) Binder:1176_1C expire 3 lines
03-26 05:58:06.721  1176 29382 I chatty  : uid=1000 system_server expire 6 lines
03-26 05:58:09.286  1176  2650 I chatty  : uid=1000(system) backup expire 26 lines
03-26 05:58:09.296  1176  1176 I chatty  : uid=1000 system_server expire 67 lines
03-26 05:58:09.361  1176 29384 I chatty  : uid=1000 system_server expire 7 lines
03-26 05:58:09.366  1176  1545 I chatty  : uid=1000(system) Binder:1176_3 expire 3 lines
03-26 05:58:12.090  1176 29385 I chatty  : uid=1000 system_server expire 7 lines
03-26 05:58:14.889  1176 29386 I chatty  : uid=1000 system_server expire 7 lines
03-26 05:58:14.893  1176  3972 I chatty  : uid=1000(system) Binder:1176_15 expire 2 lines
03-26 05:58:17.657  1176 29387 I chatty  : uid=1000 system_server expire 7 lines
03-26 05:58:17.664  1176  2256 I chatty  : uid=1000(system) Binder:1176_9 expire 2 lines
03-26 05:58:20.444  1176 29389 I chatty  : uid=1000 system_server expire 11 lines
03-26 05:58:20.665  1176 29390 I chatty  : uid=1000 system_server expire 4 lines
03-26 05:58:20.692  1176 29391 I chatty  : uid=1000 system_server expire 2 lines
03-26 05:58:20.699  1176  1212 I chatty  : uid=1000(system) ActivityManager expire 12 lines
03-26 05:58:25.304  1176 29404 I chatty  : uid=1000 system_server expire 7 lines
03-26 05:58:28.068  1176 29405 I chatty  : uid=1000 system_server expire 7 lines
03-26 05:58:30.790  1176 29407 I chatty  : uid=1000 system_server expire 7 lines
03-26 05:58:30.797  1176  3335 I chatty  : uid=1000(system) Binder:1176_11 expire 3 lines
03-26 05:58:33.573  1176 29408 I chatty  : uid=1000 system_server expire 11 lines
03-26 05:58:33.888  1176 29409 I chatty  : uid=1000 system_server expire 3 lines
03-26 05:58:33.916  1176  1214 I chatty  : uid=1000(system) ActivityManager expire 3 lines
03-26 05:58:36.651  1176 29435 I chatty  : uid=1000 system_server expire 7 lines
03-26 05:58:36.655  1176  3658 I chatty  : uid=1000(system) Binder:1176_12 expire 1 line
03-26 05:58:39.442  1176 29439 I chatty  : uid=1000 system_server expire 11 lines
03-26 05:58:39.446  1176  2886 I chatty  : uid=1000(system) Binder:1176_C expire 3 lines
03-26 05:58:39.658  1176 29440 I chatty  : uid=1000 system_server expire 3 lines
03-26 05:58:42.412  1176 29463 I chatty  : uid=1000 system_server expire 7 lines
03-26 05:58:45.232  1176 29464 I chatty  : uid=1000 system_server expire 2 lines
03-26 05:58:45.238  1176  3974 I chatty  : uid=1000(system) Binder:1176_17 expire 1 line
03-26 05:58:45.433  1176 29465 I chatty  : uid=1000 system_server expire 4 lines
03-26 05:58:45.493  1176  1212 I chatty  : uid=1000(system) ActivityManager expire 23 lines
03-26 05:58:45.542  1176  2886 I chatty  : uid=1000(system) Binder:1176_C expire 9 lines
03-26 05:58:45.578  1176 29464 I chatty  : uid=1000 system_server expire 9 lines
03-26 05:58:45.581  1176 29487 I chatty  : uid=1000 system_server expire 2 lines
03-26 05:58:45.902  1176  3974 I chatty  : uid=1000(system) Binder:1176_17 expire 2 lines
03-26 05:58:50.455  1176  2650 I chatty  : uid=1000(system) backup expire 10 lines
03-26 05:58:50.473  1176  1176 I chatty  : uid=1000 system_server expire 24 lines
03-26 05:58:50.542  1176 29492 I chatty  : uid=1000 system_server expire 11 lines
03-26 05:58:50.751  1176 29493 I chatty  : uid=1000 system_server expire 4 lines
03-26 05:58:50.773  1176  1214 I chatty  : uid=1000(system) ActivityManager expire 20 lines
03-26 05:58:50.891  1176 29515 I chatty  : uid=1000 system_server expire 2 lines
03-26 05:58:51.010  1176  3990 I chatty  : uid=1000(system) Binder:1176_19 expire 1 line
03-26 05:58:55.439  1176 29519 I chatty  : uid=1000 system_server expire 11 lines
03-26 05:58:55.605  1176 29520 I chatty  : uid=1000 system_server expire 4 lines
03-26 05:58:55.748  1176 29538 I chatty  : uid=1000 system_server expire 2 lines
03-26 05:58:55.768  1176  1545 I chatty  : uid=1000(system) Binder:1176_3 expire 2 lines
03-26 06:02:55.077  1176  3658 I chatty  : uid=1000(system) Binder:1176_12 expire 1 line
03-26 06:02:55.693  1176  1211 I chatty  : uid=1000(system) android.bg expire 8 lines
03-26 06:02:55.694  1176  1526 I chatty  : uid=1000(system) ConnectivitySer expire 7 lines
03-26 06:02:56.610  1176  2891 I chatty  : uid=1000(system) Binder:1176_E expire 4 lines
03-26 06:02:57.643  1176  1963 I chatty  : uid=1000(system) Binder:1176_6 expire 3 lines
03-26 06:03:03.531  1176  1201 I chatty  : uid=1000(system) Binder:1176_1 expire 3 lines
03-26 06:08:15.529  1176  3999 I chatty  : uid=1000(system) Binder:1176_1C expire 1 line
03-26 06:11:50.173  1176  3982 I chatty  : uid=1000(system) Binder:1176_18 expire 4 lines
03-26 06:11:51.998  1176  3973 I chatty  : uid=1000(system) Binder:1176_16 expire 2 lines
03-26 06:11:52.049  1176  3954 I chatty  : uid=1000(system) Binder:1176_13 expire 1 line
03-26 06:11:52.072  1176  2256 I chatty  : uid=1000(system) Binder:1176_9 expire 2 lines
03-26 06:15:00.522  1176  1222 I chatty  : uid=1000(system) PowerManagerSer expire 12 lines
03-26 06:15:00.553  1176  1220 I chatty  : uid=1000(system) android.display expire 8 lines
03-26 06:15:54.772 30435 30435 D ActivityThread: Loading provider com.google.android.gm.sapi: com.google.android.gm.sapi.SapiUiProvider
03-26 06:15:54.802  1176  3994 I chatty  : uid=1000(system) Binder:1176_1B expire 7 lines
03-26 06:15:55.088  1176  1214 I chatty  : uid=1000(system) ActivityManager expire 14 lines
03-26 06:16:17.875  1176  5068 I chatty  : uid=1000(system) Binder:1176_20 expire 1 line
03-26 06:17:00.017  1176  1176 I chatty  : uid=1000 system_server expire 16 lines
03-26 06:26:00.072  1176  2835 I chatty  : uid=1000(system) Binder:1176_B expire 1 line
03-26 06:29:36.578  1176  5060 I chatty  : uid=1000(system) Binder:1176_1F expire 1 line
03-26 06:29:57.692  1176  3991 I chatty  : uid=1000(system) Binder:1176_1A expire 4 lines
03-26 06:33:44.783  1176  2163 I chatty  : uid=1000(system) Binder:1176_7 expire 2 lines
03-26 06:38:37.409  1176  1211 I chatty  : uid=1000(system) android.bg expire 7 lines
03-26 06:38:37.412  1176  1526 I chatty  : uid=1000(system) ConnectivitySer expire 22 lines
03-26 06:38:37.760  1176  1214 I chatty  : uid=1000(system) ActivityManager expire 10 lines
03-26 06:38:37.863  1176  1963 I chatty  : uid=1000(system) Binder:1176_6 expire 3 lines
03-26 06:38:45.760  1176  5060 I chatty  : uid=1000(system) Binder:1176_1F expire 4 lines
03-26 06:40:15.899  1176  2886 I chatty  : uid=1000(system) Binder:1176_C expire 3 lines
03-26 06:40:15.920  1176  1684 I chatty  : uid=1000(system) Binder:1176_5 expire 1 line
03-26 06:40:15.920  1176  2256 I chatty  : uid=1000(system) Binder:1176_9 expire 4 lines
03-26 06:40:22.459  1176  1481 I chatty  : uid=1000(system) NetworkWatchlis expire 2 lines
03-26 06:40:31.005 31284 31568 D DownloadManager: Removed 0 stale downloads
03-26 06:40:31.022 31284 31568 D DownloadManager: Found 4 files in database
03-26 06:40:31.023 31284 31568 D DownloadManager: Found 1 files on disk
03-26 06:41:15.903 30905 31575 D DownloadManager: Removed 0 stale downloads
03-26 06:41:15.916 30905 31575 D DownloadManager: Found 0 files in database
03-26 06:41:15.916 30905 31575 D DownloadManager: Found 0 files on disk
03-26 06:44:37.820  1176  1212 I chatty  : uid=1000(system) ActivityManager expire 22 lines
03-26 06:44:39.323  1176  4001 I chatty  : uid=1000(system) Binder:1176_1D expire 4 lines
03-26 06:45:04.545  1176  1176 I chatty  : uid=1000 system_server expire 10 lines
03-26 06:48:38.061 31929 31929 D ActivityThread: Loading provider com.google.android.gm.sapi: com.google.android.gm.sapi.SapiUiProvider
03-26 06:49:00.245  1176  1214 I chatty  : uid=1000(system) ActivityManager expire 19 lines
03-26 06:49:45.726  1176  1202 I chatty  : uid=1000(system) Binder:1176_2 expire 2 lines
03-26 06:50:42.680  1176  3990 I chatty  : uid=1000(system) Binder:1176_19 expire 8 lines
03-26 06:52:53.983  1176  2891 I chatty  : uid=1000(system) Binder:1176_E expire 4 lines
03-26 06:52:54.036  1176  3658 I chatty  : uid=1000(system) Binder:1176_12 expire 8 lines
03-26 06:54:28.012  1176  2892 I chatty  : uid=1000(system) Binder:1176_F expire 4 lines
03-26 06:56:37.614  1176  2193 I chatty  : uid=1000(system) Binder:1176_8 expire 1 line
03-26 06:56:38.084  1176  3957 I chatty  : uid=1000(system) Binder:1176_14 expire 1 line
03-26 06:58:38.770   675   675 D ActivityThread: Loading provider com.google.android.gm.sapi: com.google.android.gm.sapi.SapiUiProvider
03-26 06:59:01.310  1176  3973 I chatty  : uid=1000(system) Binder:1176_16 expire 1 line
03-26 07:00:00.000  1176  1176 I chatty  : uid=1000 system_server expire 25 lines
03-26 07:01:07.194  1176  1214 I chatty  : uid=1000(system) ActivityManager expire 25 lines
03-26 07:01:07.377  1176  1545 I chatty  : uid=1000(system) Binder:1176_3 expire 1 line
03-26 07:06:55.537  1176  3994 I chatty  : uid=1000(system) Binder:1176_1B expire 2 lines
03-26 07:12:00.024  1176  1212 I chatty  : uid=1000(system) ActivityManager expire 14 lines
03-26 07:12:00.133  1176  5068 I chatty  : uid=1000(system) Binder:1176_20 expire 3 lines
03-26 07:12:00.134  1176  1683 I chatty  : uid=1000(system) Binder:1176_4 expire 1 line
03-26 07:13:05.416  1176  2257 I chatty  : uid=1000(system) Binder:1176_A expire 4 lines
03-26 07:14:00.117  1176  3954 I chatty  : uid=1000(system) Binder:1176_13 expire 1 line
03-26 07:14:00.117  1176  2889 I chatty  : uid=1000(system) Binder:1176_D expire 2 lines
03-26 07:22:55.821  1176  2893 I chatty  : uid=1000(system) Binder:1176_10 expire 2 lines
03-26 07:28:36.848  1176  2650 I chatty  : uid=1000(system) backup expire 4 lines
03-26 07:34:41.853  3542  3542 D ActivityThread: Loading provider com.google.android.gm.sapi: com.google.android.gm.sapi.SapiUiProvider
03-26 07:34:44.513  1176  1214 I chatty  : uid=1000(system) ActivityManager expire 11 lines
03-26 07:36:00.018  1176  1212 I chatty  : uid=1000(system) ActivityManager expire 4 lines
03-26 07:38:17.509  1176  5056 I chatty  : uid=1000(system) Binder:1176_1E expire 1 line
03-26 07:38:41.251  1176  3991 I chatty  : uid=1000(system) Binder:1176_1A expire 2 lines
03-26 07:39:10.123  1176  1526 I chatty  : uid=1000(system) ConnectivitySer expire 6 lines
03-26 07:39:12.674  1176  1214 I chatty  : uid=1000(system) ActivityManager expire 44 lines
03-26 07:39:12.787  1176  3658 I chatty  : uid=1000(system) Binder:1176_12 expire 3 lines
03-26 07:39:44.794  1176  2256 I chatty  : uid=1000(system) Binder:1176_9 expire 3 lines
03-26 07:39:52.213  1176  1684 I chatty  : uid=1000(system) Binder:1176_5 expire 1 line
03-26 07:41:00.016  1176  1212 I chatty  : uid=1000(system) ActivityManager expire 24 lines
03-26 07:41:35.074  1176  3982 I chatty  : uid=1000(system) Binder:1176_18 expire 2 lines
03-26 07:42:42.567  1176  2193 I chatty  : uid=1000(system) Binder:1176_8 expire 2 lines
03-26 07:42:49.366  1176  2892 I chatty  : uid=1000(system) Binder:1176_F expire 1 line
03-26 07:42:56.334  1176  1211 I chatty  : uid=1000(system) android.bg expire 5 lines
03-26 07:43:41.888  1176  2163 I chatty  : uid=1000(system) Binder:1176_7 expire 2 lines
03-26 07:43:48.715  1176  3957 I chatty  : uid=1000(system) Binder:1176_14 expire 7 lines
03-26 07:44:44.055  1176  3335 I chatty  : uid=1000(system) Binder:1176_11 expire 4 lines
03-26 07:44:44.716  1176  5056 I chatty  : uid=1000(system) Binder:1176_1E expire 1 line
03-26 07:44:47.631  1176  3990 I chatty  : uid=1000(system) Binder:1176_19 expire 1 line
03-26 07:44:48.070  1176  1201 I chatty  : uid=1000(system) Binder:1176_1 expire 1 line
03-26 07:44:48.654  1176  2886 I chatty  : uid=1000(system) Binder:1176_C expire 2 lines
03-26 07:44:58.228  1176  1683 I chatty  : uid=1000(system) Binder:1176_4 expire 4 lines
03-26 07:45:00.118  1176  1176 I chatty  : uid=1000 system_server expire 29 lines
03-26 07:45:00.348  1176  1222 I chatty  : uid=1000(system) PowerManagerSer expire 48 lines
03-26 07:45:00.373  1176  1220 I chatty  : uid=1000(system) android.display expire 30 lines
03-26 07:45:05.554  1176  2835 I chatty  : uid=1000(system) Binder:1176_B expire 5 lines
03-26 07:47:15.233  1176  2650 I chatty  : uid=1000(system) backup expire 2 lines
03-26 07:47:35.995  1176  2891 I chatty  : uid=1000(system) Binder:1176_E expire 5 lines
03-26 07:49:46.220  1176  5060 I chatty  : uid=1000(system) Binder:1176_1F expire 1 line
03-26 07:49:47.181  1176  1480 I chatty  : uid=1000(system) HwBinder:1176_4 expire 1 line
03-26 07:49:47.181  1176  1218 I chatty  : uid=1000(system) android.fg expire 5 lines
03-26 07:49:48.463  1176  1216 I chatty  : uid=1000(system) batterystats-wo expire 5 lines
03-26 07:49:50.213  1176  1477 I chatty  : uid=1000(system) InputReader expire 1 line
03-26 07:52:00.817  1176  1460 I chatty  : uid=1000(system) AlarmManager expire 3 lines
03-26 07:52:08.951  1176  3999 I chatty  : uid=1000(system) Binder:1176_1C expire 1 line
03-26 07:54:39.953  1176  3974 I chatty  : uid=1000(system) Binder:1176_17 expire 1 line
03-26 08:01:01.804  1176  2889 I chatty  : uid=1000(system) Binder:1176_D expire 1 line
03-26 08:13:17.863  1176  1202 I chatty  : uid=1000(system) Binder:1176_2 expire 1 line
03-26 08:13:18.040  1176  3954 I chatty  : uid=1000(system) Binder:1176_13 expire 2 lines
03-26 08:15:00.897  1176  1176 I chatty  : uid=1000 system_server expire 22 lines
03-26 08:15:01.065  1176  1684 I chatty  : uid=1000(system) Binder:1176_5 expire 7 lines
03-26 08:15:01.193  1176  1222 I chatty  : uid=1000(system) PowerManagerSer expire 12 lines
03-26 08:15:01.214  1176  1218 I chatty  : uid=1000(system) android.fg expire 12 lines
03-26 08:15:01.215  1176  1220 I chatty  : uid=1000(system) android.display expire 13 lines
03-26 08:15:01.217  1176  1202 I chatty  : uid=1000(system) Binder:1176_2 expire 3 lines
03-26 08:15:01.238  1176  2891 I chatty  : uid=1000(system) Binder:1176_E expire 1 line
03-26 08:15:01.265  1176  2163 I chatty  : uid=1000(system) Binder:1176_7 expire 5 lines
03-26 08:15:01.283  1176  1214 I chatty  : uid=1000(system) ActivityManager expire 16 lines
03-26 08:15:01.720  1176  3974 I chatty  : uid=1000(system) Binder:1176_17 expire 1 line
03-26 08:15:02.040  1176  1212 I chatty  : uid=1000(system) ActivityManager expire 11 lines
03-26 08:15:03.259  1176  3982 I chatty  : uid=1000(system) Binder:1176_18 expire 1 line
03-26 08:15:03.390  1176  3658 I chatty  : uid=1000(system) Binder:1176_12 expire 1 line
03-26 08:15:03.403  1176  2892 I chatty  : uid=1000(system) Binder:1176_F expire 1 line
03-26 08:15:24.970  1176  3990 I chatty  : uid=1000(system) Binder:1176_19 expire 3 lines
03-26 08:15:25.096  1176  3999 I chatty  : uid=1000(system) Binder:1176_1C expire 1 line
03-26 08:15:25.099  1176  1526 I chatty  : uid=1000(system) ConnectivitySer expire 4 lines
03-26 08:15:27.494  1176  3994 I chatty  : uid=1000(system) Binder:1176_1B expire 10 lines
03-26 08:15:27.571  1176  2193 I chatty  : uid=1000(system) Binder:1176_8 expire 2 lines
03-26 08:15:31.280  1176  1211 I chatty  : uid=1000(system) android.bg expire 3 lines
03-26 08:17:36.212  1176  3957 I chatty  : uid=1000(system) Binder:1176_14 expire 1 line
03-26 08:24:02.673  6818  6818 D ActivityThread: Loading provider com.google.android.gm.sapi: com.google.android.gm.sapi.SapiUiProvider
03-26 08:25:00.391  1176  1176 I chatty  : uid=1000 system_server expire 49 lines
03-26 08:25:00.574  1176  2886 I chatty  : uid=1000(system) Binder:1176_C expire 4 lines
03-26 08:25:00.697  1176  5056 I chatty  : uid=1000(system) Binder:1176_1E expire 3 lines
03-26 08:25:00.715  1176  1434 I chatty  : uid=1000(system) android.anim expire 2 lines
03-26 08:25:00.720  1176  1222 I chatty  : uid=1000(system) PowerManagerSer expire 29 lines
03-26 08:25:09.673  1176  2835 I chatty  : uid=1000(system) Binder:1176_B expire 2 lines
03-26 08:25:09.678 29073 29073 E SchedPolicy: set_timerslack_ns write failed: Operation not permitted
03-26 08:25:09.687  1176  1212 I chatty  : uid=1000(system) ActivityManager expire 10 lines
03-26 08:25:09.910 29073 29073 E SchedPolicy: set_timerslack_ns write failed: Operation not permitted
03-26 08:25:10.849  1176  5068 I chatty  : uid=1000(system) Binder:1176_20 expire 3 lines
03-26 08:25:10.880  1176  2893 I chatty  : uid=1000(system) Binder:1176_10 expire 2 lines
03-26 08:25:17.288  1176  1477 I chatty  : uid=1000(system) InputReader expire 2 lines
03-26 08:25:30.898  1176  3973 I chatty  : uid=1000(system) Binder:1176_16 expire 3 lines
03-26 08:26:26.923  1176  1963 I chatty  : uid=1000(system) Binder:1176_6 expire 5 lines
03-26 08:30:02.201  1176  1213 I chatty  : uid=1000(system) android.ui expire 1 line
03-26 08:30:02.366  1176  2257 I chatty  : uid=1000(system) Binder:1176_A expire 7 lines
03-26 08:30:37.582  1176  1212 I chatty  : uid=1000(system) ActivityManager expire 17 lines
03-26 08:30:37.583  1176  1176 I chatty  : uid=1000 system_server expire 21 lines
03-26 08:30:37.639  1176  2892 I chatty  : uid=1000(system) Binder:1176_F expire 5 lines
03-26 08:30:37.653  1176  1214 I chatty  : uid=1000(system) ActivityManager expire 11 lines
03-26 08:30:37.726  1176  1683 I chatty  : uid=1000(system) Binder:1176_4 expire 4 lines
03-26 08:30:37.880  1176  1222 I chatty  : uid=1000(system) PowerManagerSer expire 15 lines
03-26 08:30:37.882  1176  1218 I chatty  : uid=1000(system) android.fg expire 11 lines
03-26 08:30:37.882  1176  2886 I chatty  : uid=1000(system) Binder:1176_C expire 3 lines
03-26 08:30:38.351  1176  4001 I chatty  : uid=1000(system) Binder:1176_1D expire 7 lines
03-26 08:30:43.429  1176  1684 I chatty  : uid=1000(system) Binder:1176_5 expire 11 lines
03-26 08:30:46.637  1176  2893 I chatty  : uid=1000(system) Binder:1176_10 expire 1 line
03-26 08:30:51.724  1176  3974 I chatty  : uid=1000(system) Binder:1176_17 expire 3 lines
03-26 08:30:56.592  1176  2835 I chatty  : uid=1000(system) Binder:1176_B expire 1 line
03-26 08:31:08.235  1176  1526 I chatty  : uid=1000(system) ConnectivitySer expire 11 lines
03-26 08:31:08.915  7876  7876 D ActivityThread: Loading provider com.google.android.gm.sapi: com.google.android.gm.sapi.SapiUiProvider
03-26 08:31:09.519  1176  1214 I chatty  : uid=1000(system) ActivityManager expire 11 lines
03-26 08:31:21.069  1176  1476 I chatty  : uid=1000(system) InputDispatcher expire 3 lines
03-26 08:31:22.092  1176  3335 I chatty  : uid=1000(system) Binder:1176_11 expire 4 lines
03-26 08:31:31.077  1176  1201 I chatty  : uid=1000(system) Binder:1176_1 expire 2 lines
03-26 08:31:31.083  1176  3994 I chatty  : uid=1000(system) Binder:1176_1B expire 11 lines
03-26 08:31:31.083  1176  3982 I chatty  : uid=1000(system) Binder:1176_18 expire 1 line
03-26 08:31:32.577  1176  1220 I chatty  : uid=1000(system) android.display expire 11 lines
03-26 08:32:53.964  1176  2163 I chatty  : uid=1000(system) Binder:1176_7 expire 3 lines
03-26 08:33:24.746  1176  5056 I chatty  : uid=1000(system) Binder:1176_1E expire 3 lines
03-26 08:33:56.429  1176  1477 I chatty  : uid=1000(system) InputReader expire 5 lines
03-26 08:34:15.633  1176  1211 I chatty  : uid=1000(system) android.bg expire 1 line
03-26 08:34:27.791 16886 16919 I AlwaysOnHotwordDetector: onRecognitionPaused
03-26 08:34:28.465  1176  1176 I chatty  : uid=1000 system_server expire 12 lines
03-26 08:34:28.466 16886 16919 I AlwaysOnHotwordDetector: onRecognitionResumed
03-26 08:36:00.796  1176  1214 I chatty  : uid=1000(system) ActivityManager expire 11 lines
03-26 08:37:11.505  1176  3991 I chatty  : uid=1000(system) Binder:1176_1A expire 5 lines
03-26 08:37:13.114  1176  1216 I chatty  : uid=1000(system) batterystats-wo expire 1 line
03-26 08:38:29.977 16886 16919 I AlwaysOnHotwordDetector: onDetected
03-26 08:38:31.263  1176  1545 I chatty  : uid=1000(system) Binder:1176_3 expire 2 lines
03-26 08:38:31.776  1176  3957 I chatty  : uid=1000(system) Binder:1176_14 expire 2 lines
03-26 08:38:31.972  1176  3658 I chatty  : uid=1000(system) Binder:1176_12 expire 3 lines
03-26 08:38:32.972 16886 16919 I AlwaysOnHotwordDetector: onRecognitionPaused
03-26 08:38:42.566  1176  1176 I chatty  : uid=1000 system_server expire 9 lines
03-26 08:38:42.567 16886 16919 I AlwaysOnHotwordDetector: onRecognitionResumed
03-26 08:38:54.395  1176  5068 I chatty  : uid=1000(system) Binder:1176_20 expire 3 lines
03-26 08:38:59.431  1176  3972 I chatty  : uid=1000(system) Binder:1176_15 expire 2 lines
03-26 08:39:42.520  1176  1222 I chatty  : uid=1000(system) PowerManagerSer expire 17 lines
03-26 08:42:35.983   917   917 W wificond: Skip match ssid for pno scan: hallmarkinn, CSC-FD, Steph maison, cappuccino, Half Dome Guest, @Oxford Free WiFi
03-26 08:42:35.983   917   917 I wificond: Pno scan started
03-26 08:42:39.658  1176  1222 I chatty  : uid=1000(system) PowerManagerSer expire 8 lines
03-26 08:42:39.670  1176  1220 I chatty  : uid=1000(system) android.display expire 12 lines
03-26 08:42:41.713   917   917 I wificond: Pno scan stopped
03-26 08:42:43.990  1176  1176 I chatty  : uid=1000 system_server expire 14 lines
03-26 08:42:44.478   917   917 W wificond: Scan is not started. Ignore abort request
03-26 08:42:44.485  1176  1222 I chatty  : uid=1000(system) PowerManagerSer expire 11 lines
03-26 08:42:44.673  1176  1218 I chatty  : uid=1000(system) android.fg expire 5 lines
03-26 08:42:44.726   917   917 W wificond: Skip match ssid for pno scan: hallmarkinn, CSC-FD, Steph maison, cappuccino, Half Dome Guest, @Oxford Free WiFi
03-26 08:42:44.726   917   917 E wificond: NL80211_CMD_START_SCHED_SCAN failed: Device or resource busy
03-26 08:42:44.726   917   917 E wificond: Failed to start pno scan
03-26 08:42:53.147   917   917 I wificond: Connect timeout
03-26 08:42:58.837  1176  1214 I chatty  : uid=1000(system) ActivityManager expire 10 lines
03-26 08:42:58.945  1176  1963 I chatty  : uid=1000(system) Binder:1176_6 expire 1 line
03-26 08:42:59.765   917   917 I wificond: Connect timeout
03-26 08:43:13.653  1176  1211 I chatty  : uid=1000(system) android.bg expire 2 lines
03-26 08:43:20.222 16886 16919 I AlwaysOnHotwordDetector: onRecognitionPaused
03-26 08:43:20.752 16886 16919 I AlwaysOnHotwordDetector: onRecognitionResumed
03-26 08:43:22.156  1176  5068 I chatty  : uid=1000(system) Binder:1176_20 expire 3 lines
03-26 08:43:22.156  1176  5056 I chatty  : uid=1000(system) Binder:1176_1E expire 8 lines
03-26 08:43:39.347  1176  3991 I chatty  : uid=1000(system) Binder:1176_1A expire 4 lines
03-26 08:43:41.309  1176  4001 I chatty  : uid=1000(system) Binder:1176_1D expire 1 line
03-26 08:43:41.473  1176  3994 I chatty  : uid=1000(system) Binder:1176_1B expire 3 lines
03-26 08:43:41.537  1176  1212 I chatty  : uid=1000(system) ActivityManager expire 9 lines
03-26 08:43:41.555  1176  3999 I chatty  : uid=1000(system) Binder:1176_1C expire 2 lines
03-26 08:43:41.697  1176  5060 I chatty  : uid=1000(system) Binder:1176_1F expire 4 lines
03-26 08:43:41.977  1176  3982 I chatty  : uid=1000(system) Binder:1176_18 expire 2 lines
03-26 08:43:50.186  1176  1476 I chatty  : uid=1000(system) InputDispatcher expire 1 line
03-26 08:43:51.564  1176  3990 I chatty  : uid=1000(system) Binder:1176_19 expire 5 lines
03-26 08:43:56.767  9856  9918 E ActivityThread: Failed to find provider info for com.facebook.katana.provider.AttributionIdProvider
03-26 08:43:56.950  1176  3973 I chatty  : uid=1000(system) Binder:1176_16 expire 7 lines
03-26 08:43:59.078  1176  3974 I chatty  : uid=1000(system) Binder:1176_17 expire 5 lines
03-26 08:43:59.257   917   917 E wificond: NL80211_CMD_TRIGGER_SCAN failed: Device or resource busy
03-26 08:44:03.637  1176  1214 I chatty  : uid=1000(system) ActivityManager expire 12 lines
03-26 08:44:03.869 10126 10145 E ActivityThread: Failed to find provider info for com.google.android.apps.dreamliner.provider
03-26 08:44:03.949 10126 10126 E ActivityThread: Failed to find provider info for com.google.android.apps.dreamliner.provider
03-26 08:44:03.964 10126 10126 E ActivityThread: Failed to find provider info for com.google.android.apps.dreamliner.provider
03-26 08:44:06.305 10126 10145 E ActivityThread: Failed to find provider info for com.google.android.apps.dreamliner.provider
03-26 08:44:06.305 10126 10145 E ActivityThread: Failed to find provider info for com.google.android.apps.dreamliner.provider
03-26 08:44:06.314 10126 10126 E ActivityThread: Failed to find provider info for com.google.android.apps.dreamliner.provider
03-26 08:44:09.357  1176  1176 I chatty  : uid=1000 system_server expire 26 lines
03-26 08:44:10.916  1176  3335 I chatty  : uid=1000(system) Binder:1176_11 expire 3 lines
03-26 08:44:19.293 10126 10126 E ActivityThread: Failed to find provider info for com.google.android.apps.dreamliner.provider
03-26 08:44:19.298 10126 10126 E ActivityThread: Failed to find provider info for com.google.android.apps.dreamliner.provider
03-26 08:44:22.105  1176  2001 I chatty  : uid=1000(system) BluetoothRouteM expire 1 line
03-26 08:44:22.105  1176  2006 I chatty  : uid=1000(system) uteStateMachine expire 10 lines
03-26 08:44:29.926  1176  3658 I chatty  : uid=1000(system) Binder:1176_12 expire 3 lines
03-26 08:44:30.629 16886 17069 I AlwaysOnHotwordDetector: onRecognitionPaused
03-26 08:44:30.630  1176  3954 I chatty  : uid=1000(system) Binder:1176_13 expire 8 lines
03-26 08:44:30.681  1176  1176 I chatty  : uid=1000 system_server expire 10 lines
03-26 08:44:30.681 16886 17069 I AlwaysOnHotwordDetector: onRecognitionResumed
03-26 08:44:31.127 16886 17069 I AlwaysOnHotwordDetector: onRecognitionPaused
03-26 08:44:35.593 16886 17069 I AlwaysOnHotwordDetector: onRecognitionResumed
03-26 08:44:48.593 16886 17069 I AlwaysOnHotwordDetector: onDetected
03-26 08:44:48.652  1176  1176 I chatty  : uid=1000 system_server expire 15 lines
03-26 08:44:49.144  1176  3957 I chatty  : uid=1000(system) Binder:1176_14 expire 1 line
03-26 08:44:49.505  1176  3972 I chatty  : uid=1000(system) Binder:1176_15 expire 10 lines
03-26 08:44:56.220 16886 17069 I AlwaysOnHotwordDetector: onRecognitionPaused
03-26 08:45:02.802 16886 17069 I AlwaysOnHotwordDetector: onRecognitionResumed
03-26 08:45:02.812  1176  1176 I chatty  : uid=1000 system_server expire 14 lines
03-26 08:45:05.406 16886 17069 I AlwaysOnHotwordDetector: onRecognitionPaused
03-26 08:45:08.760 16886 17069 I AlwaysOnHotwordDetector: onRecognitionResumed
03-26 08:45:21.048 16886 17069 I AlwaysOnHotwordDetector: onRecognitionPaused
03-26 08:45:26.679  1176  1176 I chatty  : uid=1000 system_server expire 11 lines
03-26 08:45:26.680 16886 17069 I AlwaysOnHotwordDetector: onRecognitionResumed
03-26 08:45:46.240  1176  1477 I chatty  : uid=1000(system) InputReader expire 2 lines
03-26 08:45:46.699  1176  1213 I chatty  : uid=1000(system) android.ui expire 2 lines
03-26 08:45:46.734  1176  1222 I chatty  : uid=1000(system) PowerManagerSer expire 8 lines
03-26 08:45:47.301   917   917 W wificond: Skip match ssid for pno scan: hallmarkinn, CSC-FD, Steph maison, cappuccino, Half Dome Guest, @Oxford Free WiFi
03-26 08:45:47.301   917   917 I wificond: Pno scan started
03-26 08:46:26.223  1176  1176 I chatty  : uid=1000 system_server expire 7 lines
03-26 08:46:26.302 16886 17069 I AlwaysOnHotwordDetector: onRecognitionPaused
03-26 08:46:26.384 16886 17069 I AlwaysOnHotwordDetector: onRecognitionResumed
03-26 08:46:30.613 10780 10780 D ActivityThread: Loading provider com.google.android.gm.sapi: com.google.android.gm.sapi.SapiUiProvider
03-26 08:46:52.980  1176  2163 I chatty  : uid=1000(system) Binder:1176_7 expire 7 lines
03-26 08:46:53.080  1176  3954 I chatty  : uid=1000(system) Binder:1176_13 expire 3 lines
03-26 08:46:53.081  1176  1526 I chatty  : uid=1000(system) ConnectivitySer expire 1 line
03-26 08:46:53.097  1176  1220 I chatty  : uid=1000(system) android.display expire 10 lines
03-26 08:47:11.714  1176  1214 I chatty  : uid=1000(system) ActivityManager expire 11 lines
03-26 08:47:25.935  1176  1176 I chatty  : uid=1000 system_server expire 11 lines
03-26 08:47:26.003 16886 17069 I AlwaysOnHotwordDetector: onRecognitionPaused
03-26 08:47:26.003  1176  2889 I chatty  : uid=1000(system) Binder:1176_D expire 7 lines
03-26 08:47:26.081 16886 17069 I AlwaysOnHotwordDetector: onRecognitionResumed
03-26 08:48:25.707 16886 17069 I AlwaysOnHotwordDetector: onRecognitionPaused
03-26 08:48:25.709  1176  2892 I chatty  : uid=1000(system) Binder:1176_F expire 10 lines
03-26 08:48:25.792  1176  1176 I chatty  : uid=1000 system_server expire 16 lines
03-26 08:48:25.792 16886 17069 I AlwaysOnHotwordDetector: onRecognitionResumed
03-26 08:49:18.006   917   917 E wificond: NL80211_CMD_TRIGGER_SCAN failed: Device or resource busy
03-26 08:49:56.576  1176  1222 I chatty  : uid=1000(system) PowerManagerSer expire 12 lines
03-26 08:49:59.552  1176  1477 I chatty  : uid=1000(system) InputReader expire 7 lines
03-26 08:49:59.598   917   917 I wificond: Pno scan stopped
03-26 08:49:59.791  1176  1963 I chatty  : uid=1000(system) Binder:1176_6 expire 2 lines
03-26 08:49:59.794  1176  1218 I chatty  : uid=1000(system) android.fg expire 11 lines
03-26 08:50:00.059  1176  2193 I chatty  : uid=1000(system) Binder:1176_8 expire 2 lines
03-26 08:50:02.849  1176  1212 I chatty  : uid=1000(system) ActivityManager expire 12 lines
03-26 08:50:02.883  1176  3999 I chatty  : uid=1000(system) Binder:1176_1C expire 10 lines
03-26 08:50:03.192  1176  3972 I chatty  : uid=1000(system) Binder:1176_15 expire 3 lines
03-26 08:50:03.336   917   917 E wificond: NL80211_CMD_TRIGGER_SCAN failed: Device or resource busy
03-26 08:50:03.373  1176  1176 I chatty  : uid=1000 system_server expire 10 lines
03-26 08:50:16.397 16886 17069 I AlwaysOnHotwordDetector: onRecognitionPaused
03-26 08:50:19.293  1176  3982 I chatty  : uid=1000(system) Binder:1176_18 expire 4 lines
03-26 08:50:19.368 16886 17069 I AlwaysOnHotwordDetector: onRecognitionResumed
03-26 08:50:19.376  1176  1176 I chatty  : uid=1000 system_server expire 10 lines
03-26 08:50:28.877  1176  3974 I chatty  : uid=1000(system) Binder:1176_17 expire 3 lines
03-26 08:50:42.682   917   917 W wificond: Skip match ssid for pno scan: hallmarkinn, CSC-FD, Steph maison, cappuccino, Half Dome Guest, @Oxford Free WiFi
03-26 08:50:42.682   917   917 I wificond: Pno scan started
03-26 08:50:42.716  1176  1222 I chatty  : uid=1000(system) PowerManagerSer expire 12 lines
03-26 08:51:21.267  1176  1176 I chatty  : uid=1000 system_server expire 16 lines
03-26 08:51:21.345 16886 17069 I AlwaysOnHotwordDetector: onRecognitionPaused
03-26 08:51:21.346  1176  2893 I chatty  : uid=1000(system) Binder:1176_10 expire 3 lines
03-26 08:51:21.440 16886 17069 I AlwaysOnHotwordDetector: onRecognitionResumed
03-26 08:51:51.341  1176  2892 I chatty  : uid=1000(system) Binder:1176_F expire 7 lines
03-26 08:52:14.060   917   917 I wificond: Pno scan stopped
03-26 08:52:14.144  1176  1214 I chatty  : uid=1000(system) ActivityManager expire 7 lines
03-26 08:52:23.348  1176  3991 I chatty  : uid=1000(system) Binder:1176_1A expire 4 lines
03-26 08:52:23.568 16886 16919 I AlwaysOnHotwordDetector: onRecognitionPaused
03-26 08:52:23.588  1176  1176 I chatty  : uid=1000 system_server expire 11 lines
03-26 08:52:23.588 16886 16919 I AlwaysOnHotwordDetector: onRecognitionResumed
03-26 08:52:30.778  1176  1222 I chatty  : uid=1000(system) PowerManagerSer expire 12 lines
03-26 08:52:31.020   917   917 W wificond: Skip match ssid for pno scan: hallmarkinn, CSC-FD, Steph maison, cappuccino, Half Dome Guest, @Oxford Free WiFi
03-26 08:52:31.020   917   917 I wificond: Pno scan started
03-26 08:52:38.045  1176  3999 I chatty  : uid=1000(system) Binder:1176_1C expire 1 line
03-26 08:52:41.605  1176  1220 I chatty  : uid=1000(system) android.display expire 3 lines
03-26 08:53:46.027  1176  1212 I chatty  : uid=1000(system) ActivityManager expire 1 line
03-26 08:54:01.462   917   917 I wificond: Pno scan stopped
03-26 08:54:01.467   917   917 E wificond: NL80211_CMD_TRIGGER_SCAN failed: Device or resource busy
03-26 08:54:01.479  1176  1222 I chatty  : uid=1000(system) PowerManagerSer expire 4 lines
03-26 08:54:01.613   917   917 E wificond: NL80211_CMD_TRIGGER_SCAN failed: Device or resource busy
03-26 08:54:03.483   917   917 E wificond: NL80211_CMD_TRIGGER_SCAN failed: Device or resource busy
03-26 08:54:04.050 16886 16919 I AlwaysOnHotwordDetector: onRecognitionPaused
03-26 08:54:04.050  1176  3957 I chatty  : uid=1000(system) Binder:1176_14 expire 6 lines
03-26 08:54:04.103  1176  1176 I chatty  : uid=1000 system_server expire 4 lines
03-26 08:54:04.103 16886 16919 I AlwaysOnHotwordDetector: onRecognitionResumed
03-26 08:54:12.625  1176  2886 I chatty  : uid=1000(system) Binder:1176_C expire 7 lines
03-26 08:54:16.951  1176  1214 I chatty  : uid=1000(system) ActivityManager expire 15 lines
03-26 08:54:17.056  1176  2893 I chatty  : uid=1000(system) Binder:1176_10 expire 4 lines
03-26 08:54:17.832  1176  1477 I chatty  : uid=1000(system) InputReader expire 4 lines
03-26 08:54:17.833  1176  1176 I chatty  : uid=1000 system_server expire 12 lines
03-26 08:54:18.330  1176  1222 I chatty  : uid=1000(system) PowerManagerSer expire 12 lines
03-26 08:54:18.385  1176  1220 I chatty  : uid=1000(system) android.display expire 11 lines
03-26 08:54:18.535  1176  1218 I chatty  : uid=1000(system) android.fg expire 8 lines
03-26 08:54:18.592   917   917 W wificond: Skip match ssid for pno scan: hallmarkinn, CSC-FD, Steph maison, cappuccino, Half Dome Guest, @Oxford Free WiFi
03-26 08:54:18.593   917   917 I wificond: Pno scan started
03-26 08:54:57.100   917   917 I wificond: Pno scan stopped
03-26 08:54:57.102  1176  3658 I chatty  : uid=1000(system) Binder:1176_12 expire 12 lines
03-26 08:54:57.102  1176  1222 I chatty  : uid=1000(system) PowerManagerSer expire 13 lines
03-26 08:54:57.133  1176  1212 I chatty  : uid=1000(system) ActivityManager expire 11 lines
03-26 08:55:02.616  1176  3999 I chatty  : uid=1000(system) Binder:1176_1C expire 1 line
03-26 08:55:03.675 16886 16919 I AlwaysOnHotwordDetector: onRecognitionPaused
03-26 08:55:03.727  1176  1176 I chatty  : uid=1000 system_server expire 11 lines
03-26 08:55:03.728 16886 16919 I AlwaysOnHotwordDetector: onRecognitionResumed
03-26 08:55:06.950  1176  3982 I chatty  : uid=1000(system) Binder:1176_18 expire 5 lines
03-26 08:55:08.267  1176  5068 I chatty  : uid=1000(system) Binder:1176_20 expire 2 lines
03-26 08:55:21.463  1176  3957 I chatty  : uid=1000(system) Binder:1176_14 expire 2 lines
03-26 08:55:45.177  1176  2256 I chatty  : uid=1000(system) Binder:1176_9 expire 5 lines
03-26 08:55:45.296  1176  1683 I chatty  : uid=1000(system) Binder:1176_4 expire 5 lines
03-26 08:55:49.595  1176  3974 I chatty  : uid=1000(system) Binder:1176_17 expire 15 lines
03-26 08:55:49.683   917   917 W wificond: Skip match ssid for pno scan: hallmarkinn, CSC-FD, Steph maison, cappuccino, Half Dome Guest, @Oxford Free WiFi
03-26 08:55:49.684   917   917 I wificond: Pno scan started
03-26 08:55:49.836  1176  3658 I chatty  : uid=1000(system) Binder:1176_12 expire 3 lines
03-26 08:55:50.197  1176  2889 I chatty  : uid=1000(system) Binder:1176_D expire 1 line
03-26 08:55:50.224  1176  3972 I chatty  : uid=1000(system) Binder:1176_15 expire 2 lines
03-26 08:55:53.240  1176  1214 I chatty  : uid=1000(system) ActivityManager expire 11 lines
03-26 08:55:53.329  1176  2193 I chatty  : uid=1000(system) Binder:1176_8 expire 11 lines
03-26 08:57:02.741  1176  1176 I chatty  : uid=1000 system_server expire 12 lines
03-26 08:57:02.819  1176  5056 I chatty  : uid=1000(system) Binder:1176_1E expire 3 lines
03-26 08:57:02.820 16886 16919 I AlwaysOnHotwordDetector: onRecognitionPaused
03-26 08:57:02.907 16886 16919 I AlwaysOnHotwordDetector: onRecognitionResumed
03-26 08:57:21.445   917   917 E wificond: NL80211_CMD_TRIGGER_SCAN failed: Device or resource busy
03-26 08:58:19.141  1176  2892 I chatty  : uid=1000(system) Binder:1176_F expire 1 line
03-26 08:58:19.156 16886 16919 I AlwaysOnHotwordDetector: onRecognitionPaused
03-26 08:58:19.217  1176  1176 I chatty  : uid=1000 system_server expire 14 lines
03-26 08:58:19.218 16886 16919 I AlwaysOnHotwordDetector: onRecognitionResumed
03-26 08:59:18.823 16886 17069 I AlwaysOnHotwordDetector: onRecognitionPaused
03-26 08:59:18.915 16886 17069 I AlwaysOnHotwordDetector: onRecognitionResumed
03-26 08:59:55.244  1176  1222 I chatty  : uid=1000(system) PowerManagerSer expire 9 lines
03-26 08:59:55.263  1176  1220 I chatty  : uid=1000(system) android.display expire 3 lines
03-26 08:59:56.500  1176  3974 I chatty  : uid=1000(system) Binder:1176_17 expire 1 line
03-26 08:59:56.588   917   917 I wificond: Pno scan stopped
03-26 08:59:56.594  1176  1212 I chatty  : uid=1000(system) ActivityManager expire 7 lines
03-26 08:59:56.602   917   917 E wificond: NL80211_CMD_TRIGGER_SCAN failed: Device or resource busy
03-26 08:59:56.665   917   917 E wificond: NL80211_CMD_TRIGGER_SCAN failed: Device or resource busy
03-26 08:59:58.606   917   917 E wificond: NL80211_CMD_TRIGGER_SCAN failed: Device or resource busy
03-26 08:59:58.613   917   917 E wificond: NL80211_CMD_TRIGGER_SCAN failed: Device or resource busy
03-26 09:00:06.625  1176  1476 I chatty  : uid=1000(system) InputDispatcher expire 1 line
03-26 09:00:07.604  1176  3954 I chatty  : uid=1000(system) Binder:1176_13 expire 1 line
03-26 09:00:18.436  1176  1176 I chatty  : uid=1000 system_server expire 9 lines
03-26 09:00:18.481 16886 17069 I AlwaysOnHotwordDetector: onRecognitionPaused
03-26 09:00:18.481  1176  1963 I chatty  : uid=1000(system) Binder:1176_6 expire 14 lines
03-26 09:00:18.528 16886 17069 I AlwaysOnHotwordDetector: onRecognitionResumed
03-26 09:00:23.694  1176  5060 I chatty  : uid=1000(system) Binder:1176_1F expire 3 lines
03-26 09:00:24.958  1176  1176 I chatty  : uid=1000 system_server expire 11 lines
03-26 09:00:24.972  1176  1214 I chatty  : uid=1000(system) ActivityManager expire 16 lines
03-26 09:00:25.098  1176  2193 I chatty  : uid=1000(system) Binder:1176_8 expire 5 lines
03-26 09:00:34.946  1176  3974 I chatty  : uid=1000(system) Binder:1176_17 expire 1 line
03-26 09:00:37.195  1176  1477 I chatty  : uid=1000(system) InputReader expire 4 lines
03-26 09:00:37.699  1176  1222 I chatty  : uid=1000(system) PowerManagerSer expire 14 lines
03-26 09:00:37.776  1176  1220 I chatty  : uid=1000(system) android.display expire 10 lines
03-26 09:00:37.916  1176  1218 I chatty  : uid=1000(system) android.fg expire 8 lines
03-26 09:00:37.926  1176  3658 I chatty  : uid=1000(system) Binder:1176_12 expire 1 line
03-26 09:00:37.969   917   917 W wificond: Skip match ssid for pno scan: hallmarkinn, CSC-FD, Steph maison, cappuccino, Half Dome Guest, @Oxford Free WiFi
03-26 09:00:37.970   917   917 I wificond: Pno scan started
03-26 09:00:55.539  1176  2163 I chatty  : uid=1000(system) Binder:1176_7 expire 1 line
03-26 09:01:14.185  1176  3972 I chatty  : uid=1000(system) Binder:1176_15 expire 1 line
03-26 09:01:14.253  1176  2886 I chatty  : uid=1000(system) Binder:1176_C expire 7 lines
03-26 09:01:14.274  1176  1212 I chatty  : uid=1000(system) ActivityManager expire 10 lines
03-26 09:01:14.276   917   917 I wificond: Pno scan stopped
03-26 09:01:14.284  1176  1222 I chatty  : uid=1000(system) PowerManagerSer expire 17 lines
03-26 09:01:14.428  1176  2893 I chatty  : uid=1000(system) Binder:1176_10 expire 9 lines
03-26 09:01:14.559  1176  2889 I chatty  : uid=1000(system) Binder:1176_D expire 5 lines
03-26 09:01:18.064  1176  1176 I chatty  : uid=1000 system_server expire 15 lines
03-26 09:01:18.132 16886 17069 I AlwaysOnHotwordDetector: onRecognitionPaused
03-26 09:01:18.190 16886 17069 I AlwaysOnHotwordDetector: onRecognitionResumed
03-26 09:01:21.356  1176  1963 I chatty  : uid=1000(system) Binder:1176_6 expire 1 line
03-26 09:01:53.358  1176  1476 I chatty  : uid=1000(system) InputDispatcher expire 1 line
03-26 09:01:54.687  1176  3954 I chatty  : uid=1000(system) Binder:1176_13 expire 2 lines
03-26 09:02:08.533  1176  2892 I chatty  : uid=1000(system) Binder:1176_F expire 9 lines
03-26 09:02:13.812  1176  5068 I chatty  : uid=1000(system) Binder:1176_20 expire 5 lines
03-26 09:02:17.577  1176  3957 I chatty  : uid=1000(system) Binder:1176_14 expire 2 lines
03-26 09:02:19.438  1176  3982 I chatty  : uid=1000(system) Binder:1176_18 expire 4 lines
03-26 09:02:19.460  1176  1526 I chatty  : uid=1000(system) ConnectivitySer expire 3 lines
03-26 09:02:37.237   917   917 E wificond: NL80211_CMD_TRIGGER_SCAN failed: Device or resource busy
03-26 09:02:39.095  1176  1214 I chatty  : uid=1000(system) ActivityManager expire 13 lines
03-26 09:02:39.199  1176  3991 I chatty  : uid=1000(system) Binder:1176_1A expire 7 lines
03-26 09:02:39.251   917   917 E wificond: NL80211_CMD_TRIGGER_SCAN failed: Device or resource busy
03-26 09:02:43.962  1176  1176 I chatty  : uid=1000 system_server expire 16 lines
03-26 09:02:45.145  1176  3999 I chatty  : uid=1000(system) Binder:1176_1C expire 1 line
03-26 09:02:47.618  1176  3994 I chatty  : uid=1000(system) Binder:1176_1B expire 5 lines
03-26 09:02:52.380 16886 16919 I AlwaysOnHotwordDetector: onRecognitionPaused
03-26 09:02:52.434 16886 16919 I AlwaysOnHotwordDetector: onRecognitionResumed
03-26 09:02:53.185  1176  1211 I chatty  : uid=1000(system) android.bg expire 7 lines
03-26 09:03:10.066   917   917 W wificond: Skip match ssid for pno scan: hallmarkinn, CSC-FD, Steph maison, cappuccino, Half Dome Guest, @Oxford Free WiFi
03-26 09:03:10.066   917   917 I wificond: Pno scan started
03-26 09:03:26.471  1176  1214 I chatty  : uid=1000(system) ActivityManager expire 6 lines
03-26 09:03:30.437  1176  1212 I chatty  : uid=1000(system) ActivityManager expire 7 lines
03-26 09:03:50.113  1176  1176 I chatty  : uid=1000 system_server expire 8 lines
03-26 09:03:50.301   917   917 I wificond: Pno scan stopped
03-26 09:03:50.505  1176  1222 I chatty  : uid=1000(system) PowerManagerSer expire 11 lines
03-26 09:03:52.003  1176  5060 I chatty  : uid=1000(system) Binder:1176_1F expire 9 lines
03-26 09:03:52.006  1176  1176 I chatty  : uid=1000 system_server expire 10 lines
03-26 09:03:52.006 16886 16919 I AlwaysOnHotwordDetector: onRecognitionPaused
03-26 09:03:52.049 16886 16919 I AlwaysOnHotwordDetector: onRecognitionResumed
03-26 09:04:04.373  1176  1214 I chatty  : uid=1000(system) ActivityManager expire 16 lines
03-26 09:04:04.564  1176  3991 I chatty  : uid=1000(system) Binder:1176_1A expire 1 line
03-26 09:04:07.126  1176  1477 I chatty  : uid=1000(system) InputReader expire 4 lines
03-26 09:04:07.660  1176  1220 I chatty  : uid=1000(system) android.display expire 11 lines
03-26 09:04:07.799  1176  1218 I chatty  : uid=1000(system) android.fg expire 6 lines
03-26 09:04:07.838   917   917 W wificond: Skip match ssid for pno scan: hallmarkinn, CSC-FD, Steph maison, cappuccino, Half Dome Guest, @Oxford Free WiFi
03-26 09:04:07.840   917   917 I wificond: Pno scan started
03-26 09:04:07.884  1176  3957 I chatty  : uid=1000(system) Binder:1176_14 expire 2 lines
03-26 09:04:26.603  1176  1212 I chatty  : uid=1000(system) ActivityManager expire 18 lines
03-26 09:04:51.590  1176  1176 I chatty  : uid=1000 system_server expire 11 lines
03-26 09:04:51.658 16886 16919 I AlwaysOnHotwordDetector: onRecognitionPaused
03-26 09:04:51.661  1176  3999 I chatty  : uid=1000(system) Binder:1176_1C expire 11 lines
03-26 09:04:51.742 16886 16919 I AlwaysOnHotwordDetector: onRecognitionResumed
03-26 09:05:10.683  1176  1222 I chatty  : uid=1000(system) PowerManagerSer expire 17 lines
03-26 09:05:25.133  1176  3954 I chatty  : uid=1000(system) Binder:1176_13 expire 4 lines
03-26 09:05:25.184   917   917 I wificond: Pno scan stopped
03-26 09:05:25.209  1176  3658 I chatty  : uid=1000(system) Binder:1176_12 expire 3 lines
03-26 09:05:25.231  1176  1176 I chatty  : uid=1000 system_server expire 22 lines
03-26 09:05:25.561  1176  2835 I chatty  : uid=1000(system) Binder:1176_B expire 3 lines
03-26 09:05:31.082  1176  2892 I chatty  : uid=1000(system) Binder:1176_F expire 2 lines
03-26 09:05:32.327  1176  2256 I chatty  : uid=1000(system) Binder:1176_9 expire 1 line
03-26 09:05:40.689  1176  3982 I chatty  : uid=1000(system) Binder:1176_18 expire 5 lines
03-26 09:05:42.107  1176  2163 I chatty  : uid=1000(system) Binder:1176_7 expire 3 lines
03-26 09:05:54.193  1176  2257 I chatty  : uid=1000(system) Binder:1176_A expire 1 line
03-26 09:06:17.841  1176  1213 I chatty  : uid=1000(system) android.ui expire 5 lines
03-26 09:06:18.195  1176  1434 I chatty  : uid=1000(system) android.anim expire 2 lines
03-26 09:06:33.359   917   917 W wificond: Scan is not started. Ignore abort request
