03-26 23:42:03.871  1176  1220 I DisplayManagerService: Display device changed state: "Built-in Screen", OFF
03-26 23:42:04.015  1176  1222 I DreamManagerService: Entering dreamland.
03-26 23:42:04.016  1176  1222 I PowerManagerService: Dozing...
03-26 23:42:04.016  1176  1218 I DreamController: Starting dream: name=ComponentInfo{com.android.systemui/com.android.systemui.doze.DozeService}, isTest=false, canDoze=true, userId=0
03-26 23:42:04.090  1176  1222 I DisplayPowerController: Blocking screen on until initial contents have been drawn.
03-26 23:42:04.093  1176  5068 W UsageStatsService: Event reported without a package name
03-26 23:42:04.093  1176  5068 W UsageStatsService: Event reported without a package name
03-26 23:42:04.098  1176  1220 I DisplayManagerService: Display device changed state: "Built-in Screen", DOZE
03-26 23:42:04.217  1176  1222 I DisplayPowerController: Unblocked screen on after 128 ms
03-26 23:43:42.245  1176  1176 I SoundTriggerHelper: Recognition success
03-26 23:43:42.246 16886 11668 I AlwaysOnHotwordDetector: onDetected
03-26 23:43:42.362  1176  1176 W SoundTriggerHelper: Recognition aborted
03-26 23:43:42.362  1176  1176 I SoundTriggerService: 9f6ad62a-1f0b-11e7-87c5-40a8f03d3f15->ComponentInfo{com.google.intelligence.sense/com.google.intelligence.sense.ambientmusic.AmbientMusicDetector$Service}: IGNORED onRecognitionPaused
03-26 23:43:43.447  1176  1176 I SoundTriggerHelper: startRecognition successful.
03-26 23:43:43.447  1176  1176 I SoundTriggerService: 9f6ad62a-1f0b-11e7-87c5-40a8f03d3f15->ComponentInfo{com.google.intelligence.sense/com.google.intelligence.sense.ambientmusic.AmbientMusicDetector$Service}: IGNORED onRecognitionResumed
03-26 23:43:43.470  1176  2893 I SoundTriggerHelper: startRecognition successful.
03-26 23:44:43.331  1176  1176 V FingerprintService: onAuthenticated(owner=com.android.systemui, id=-1862864039, gp=0)
03-26 23:44:43.335  1176  1176 V FingerprintService: Done with client: com.android.systemui
03-26 23:44:43.413  1176  3335 I PowerManagerService: Waking up from dozing (uid=10043 reason=android.policy:FINGERPRINT)...
03-26 23:44:43.413  1176  1176 W UsageStatsService: Event reported without a package name
03-26 23:44:43.413  1176  1176 W UsageStatsService: Event reported without a package name
03-26 23:44:43.468  1176  1222 I DisplayPowerController: Blocking screen off
03-26 23:44:43.468  1176  1222 I DisplayPowerController: Unblocked screen off after 0 ms
03-26 23:44:43.495  1176  1222 I DisplayPowerController: Blocking screen on until initial contents have been drawn.
03-26 23:44:43.505  1176  1222 D ActivityManager: awakeFromSleepingLocked: previously pausing activity didn't pause
03-26 23:44:43.528  1176  3982 W UsageStatsService: Event reported without a package name
03-26 23:44:43.528  1176  3982 W UsageStatsService: Event reported without a package name
03-26 23:44:43.532  1176  1220 I DisplayManagerService: Display device changed state: "Built-in Screen", ON
03-26 23:44:43.534  1176  1212 W BroadcastQueue: Background execution not allowed: receiving Intent { act=android.intent.action.USER_PRESENT flg=0x24200010 } to com.google.android.gms/.auth.setup.devicesignals.LockScreenReceiver
03-26 23:44:43.535  1176  1212 W BroadcastQueue: Background execution not allowed: receiving Intent { act=android.intent.action.USER_PRESENT flg=0x24200010 } to com.google.android.gms/.trustagent.UserPresentBroadcastReceiver
03-26 23:44:43.535  1176  1212 W BroadcastQueue: Background execution not allowed: receiving Intent { act=android.intent.action.USER_PRESENT flg=0x24200010 } to com.google.android.gms/.chimera.GmsIntentOperationService$PersistentTrustedReceiver
03-26 23:44:43.535  1176  1212 W BroadcastQueue: Background execution not allowed: receiving Intent { act=android.intent.action.USER_PRESENT flg=0x24200010 } to com.google.android.gms/.auth.setup.devicesignals.LockScreenReceiver
03-26 23:44:43.535  1176  1212 W BroadcastQueue: Background execution not allowed: receiving Intent { act=android.intent.action.USER_PRESENT flg=0x24200010 } to com.google.android.gms/.trustagent.UserPresentBroadcastReceiver
03-26 23:44:43.535  1176  1212 W BroadcastQueue: Background execution not allowed: receiving Intent { act=android.intent.action.USER_PRESENT flg=0x24200010 } to com.google.android.gms/.chimera.GmsIntentOperationService$PersistentTrustedReceiver
03-26 23:44:43.536  1176  1176 V SettingsProvider: Notifying for 0: content://settings/system/screen_brightness
03-26 23:44:43.589  1176  1202 W ActivityManager: Permission Denial: Accessing service ComponentInfo{com.google.android.music/com.google.android.music.dial.DialMediaRouteProviderService} from pid=20222, uid=10065 that is not exported from uid 10114
03-26 23:44:43.600  1176  1222 I DisplayPowerController: Unblocked screen on after 106 ms
03-26 23:44:43.628  1176  1214 I ActivityManager: Start proc 4658:com.google.android.ims/u11a42 for broadcast com.google.android.ims/.receivers.ServiceStateReceiver
03-26 23:44:43.698  1176  1202 I ActivityManager: Process com.google.android.ims (pid 4658) has died: fore RCVR
03-26 23:44:43.703  1176  1222 W PowerManagerService: Screen on took 290 ms
03-26 23:44:43.703  1176  1222 I DreamManagerService: Gently waking up from dream.
03-26 23:44:43.703  1176  1218 I DreamManagerService: Performing gentle wake from dream.
03-26 23:44:43.726  1176  2893 I DreamManagerService: Leaving dreamland.
03-26 23:44:43.726  1176  1218 I DreamManagerService: Performing gentle wake from dream.
03-26 23:44:43.726  1176  1218 I DreamController: Stopping dream: name=ComponentInfo{com.android.systemui/com.android.systemui.doze.DozeService}, isTest=false, canDoze=true, userId=0
03-26 23:44:47.247  1176  1214 I ActivityManager: Start proc 4703:com.google.android.ims/u11a42 for broadcast com.google.android.ims/.receivers.ServiceStateReceiver
03-26 23:44:47.320  1176  2893 I ActivityManager: Process com.google.android.ims (pid 4703) has died: fore RCVR
03-26 23:44:47.700  1176  1176 V SettingsProvider: Notifying for 0: content://settings/system/screen_brightness
03-26 23:44:49.748  1176  1214 I ActivityManager: Start proc 4750:com.google.android.ims/u11a42 for broadcast com.google.android.ims/.receivers.ServiceStateReceiver
03-26 23:44:49.827  1176  2893 I ActivityManager: Process com.google.android.ims (pid 4750) has died: fore RCVR
03-26 23:44:59.046  1176  1176 V SettingsProvider: Notifying for 0: content://settings/system/screen_brightness
03-26 23:45:00.456  1176  1176 I chatty  : uid=1000 system_server identical 1 line
03-26 23:45:08.788  1176  1176 V SettingsProvider: Notifying for 0: content://settings/system/screen_brightness
03-26 23:45:21.356  1176  1477 D WindowManager: powerPress: eventTime=198592159 interactive=true count=1 beganFromNonInteractive=false mShortPressOnPowerBehavior=1
03-26 23:45:21.356  1176  1477 I PowerManagerService: Going to sleep due to power button (uid 1000)...
03-26 23:45:21.356  1176  1176 W UsageStatsService: Event reported without a package name
03-26 23:45:21.356  1176  1176 W UsageStatsService: Event reported without a package name
03-26 23:45:21.383  1176  1176 V FingerprintService: startAuthentication(com.android.systemui)
03-26 23:45:21.383  1176  1176 V FingerprintService: starting client AuthenticationClient(com.android.systemui), initiatedByClient = true
03-26 23:45:21.396  1176  1176 W FingerprintService: client com.android.systemui is authenticating...
03-26 23:45:21.835  1176  1222 I DisplayPowerController: Blocking screen off
03-26 23:45:21.836  1176  1222 I DisplayPowerController: Unblocked screen off after 0 ms
03-26 23:45:21.898  1176  1220 I DisplayManagerService: Display device changed state: "Built-in Screen", OFF
03-26 23:45:22.042  1176  1222 I DreamManagerService: Entering dreamland.
03-26 23:45:22.042  1176  1222 I PowerManagerService: Dozing...
03-26 23:45:22.047  1176  1218 I DreamController: Starting dream: name=ComponentInfo{com.android.systemui/com.android.systemui.doze.DozeService}, isTest=false, canDoze=true, userId=0
03-26 23:45:22.115  1176  1222 I DisplayPowerController: Blocking screen on until initial contents have been drawn.
03-26 23:45:22.117  1176  1683 W UsageStatsService: Event reported without a package name
03-26 23:45:22.117  1176  1683 W UsageStatsService: Event reported without a package name
03-26 23:45:22.127  1176  1220 I DisplayManagerService: Display device changed state: "Built-in Screen", DOZE
03-26 23:45:22.209  1176  1222 I DisplayPowerController: Unblocked screen on after 93 ms
03-26 23:47:54.004  1176  1176 V FingerprintService: onAuthenticated(owner=com.android.systemui, id=-1862864039, gp=0)
03-26 23:47:54.009  1176  1176 V FingerprintService: Done with client: com.android.systemui
03-26 23:47:54.074  1176  2893 I PowerManagerService: Waking up from dozing (uid=10043 reason=android.policy:FINGERPRINT)...
03-26 23:47:54.074  1176  1176 W UsageStatsService: Event reported without a package name
03-26 23:47:54.074  1176  1176 W UsageStatsService: Event reported without a package name
03-26 23:47:54.090  1176  1222 I DisplayPowerController: Blocking screen off
03-26 23:47:54.090  1176  1222 I DisplayPowerController: Unblocked screen off after 0 ms
03-26 23:47:54.138  1176  1202 W UsageStatsService: Event reported without a package name
03-26 23:47:54.138  1176  1202 W UsageStatsService: Event reported without a package name
03-26 23:47:54.140  1176  1222 I DisplayPowerController: Blocking screen on until initial contents have been drawn.
03-26 23:47:54.149  1176  1222 D ActivityManager: awakeFromSleepingLocked: previously pausing activity didn't pause
03-26 23:47:54.165  1176  1212 W BroadcastQueue: Background execution not allowed: receiving Intent { act=android.intent.action.USER_PRESENT flg=0x24200010 } to com.google.android.gms/.auth.setup.devicesignals.LockScreenReceiver
03-26 23:47:54.165  1176  1212 W BroadcastQueue: Background execution not allowed: receiving Intent { act=android.intent.action.USER_PRESENT flg=0x24200010 } to com.google.android.gms/.trustagent.UserPresentBroadcastReceiver
03-26 23:47:54.169  1176  1220 I DisplayManagerService: Display device changed state: "Built-in Screen", ON
03-26 23:47:54.169  1176  1212 W BroadcastQueue: Background execution not allowed: receiving Intent { act=android.intent.action.USER_PRESENT flg=0x24200010 } to com.google.android.gms/.chimera.GmsIntentOperationService$PersistentTrustedReceiver
03-26 23:47:54.170  1176  1212 W BroadcastQueue: Background execution not allowed: receiving Intent { act=android.intent.action.USER_PRESENT flg=0x24200010 } to com.google.android.gms/.auth.setup.devicesignals.LockScreenReceiver
03-26 23:47:54.170  1176  1212 W BroadcastQueue: Background execution not allowed: receiving Intent { act=android.intent.action.USER_PRESENT flg=0x24200010 } to com.google.android.gms/.trustagent.UserPresentBroadcastReceiver
03-26 23:47:54.170  1176  1212 W BroadcastQueue: Background execution not allowed: receiving Intent { act=android.intent.action.USER_PRESENT flg=0x24200010 } to com.google.android.gms/.chimera.GmsIntentOperationService$PersistentTrustedReceiver
03-26 23:47:54.190  1176  1176 V SettingsProvider: Notifying for 0: content://settings/system/screen_brightness
03-26 23:47:54.200  1176  3999 W ActivityManager: Permission Denial: Accessing service ComponentInfo{com.google.android.music/com.google.android.music.dial.DialMediaRouteProviderService} from pid=20222, uid=10065 that is not exported from uid 10114
03-26 23:47:54.263  1176  1222 I DisplayPowerController: Unblocked screen on after 122 ms
03-26 23:47:54.340  1176  1222 W PowerManagerService: Screen on took 267 ms
03-26 23:47:54.340  1176  1222 I DreamManagerService: Gently waking up from dream.
03-26 23:47:54.340  1176  1218 I DreamManagerService: Performing gentle wake from dream.
03-26 23:47:54.383  1176  1683 I DreamManagerService: Leaving dreamland.
03-26 23:47:54.383  1176  1218 I DreamManagerService: Performing gentle wake from dream.
03-26 23:47:54.383  1176  1218 I DreamController: Stopping dream: name=ComponentInfo{com.android.systemui/com.android.systemui.doze.DozeService}, isTest=false, canDoze=true, userId=0
03-26 23:47:56.817  1176  1176 V SettingsProvider: Notifying for 0: content://settings/system/screen_brightness
03-26 23:48:28.334  1176  1176 I chatty  : uid=1000 system_server identical 4 lines
03-26 23:48:34.363  1176  1176 V SettingsProvider: Notifying for 0: content://settings/system/screen_brightness
03-26 23:48:54.057  1176  1214 I ActivityManager: Start proc 5042:com.google.android.ims/u11a42 for broadcast com.google.android.ims/.receivers.ServiceStateReceiver
03-26 23:48:54.138  1176  2889 I ActivityManager: Process com.google.android.ims (pid 5042) has died: fore RCVR
03-26 23:49:09.313  1176  1214 I ActivityManager: Start proc 5115:com.google.android.ims/u11a42 for broadcast com.google.android.ims/.receivers.ServiceStateReceiver
03-26 23:49:09.410  1176  2889 I ActivityManager: Process com.google.android.ims (pid 5115) has died: fore RCVR
03-26 23:49:12.075  1176  1176 V SettingsProvider: Notifying for 0: content://settings/system/screen_brightness
03-26 23:49:14.450  1176  1214 I ActivityManager: Start proc 5143:com.google.android.ims/u11a42 for broadcast com.google.android.ims/.receivers.ServiceStateReceiver
03-26 23:49:14.528  1176  2889 I ActivityManager: Process com.google.android.ims (pid 5143) has died: fore RCVR
03-26 23:49:16.895  1176  1176 V SettingsProvider: Notifying for 0: content://settings/system/screen_brightness
03-26 23:49:54.903  1176  1176 I chatty  : uid=1000 system_server identical 1 line
03-26 23:49:57.122  1176  1176 V SettingsProvider: Notifying for 0: content://settings/system/screen_brightness
03-26 23:50:06.788  1176  1214 I ActivityManager: Start proc 5241:com.android.providers.calendar/u0a61 for content provider com.android.providers.calendar/.CalendarProvider2
03-26 23:50:06.805  1176  3335 D ActivityManager: Raise procstate to external provider: ProcessRecord{a8daaaa 5241:com.android.providers.calendar/u0a61}
03-26 23:50:06.839  1176  3999 D ActivityManager: Raise procstate to external provider: ProcessRecord{a8daaaa 5241:com.android.providers.calendar/u0a61}
03-26 23:50:31.916  1176  1683 I ActivityManager: Killing 32203:com.google.process.gapps/u11a65 (adj 906): empty #17
03-26 23:50:44.944  1176  1176 V SettingsProvider: Notifying for 0: content://settings/system/screen_brightness
03-26 23:51:07.366  1176  1176 I chatty  : uid=1000 system_server identical 3 lines
03-26 23:51:10.993  1176  1176 V SettingsProvider: Notifying for 0: content://settings/system/screen_brightness
03-26 23:51:13.261  1176  1477 D WindowManager: powerPress: eventTime=198801923 interactive=true count=1 beganFromNonInteractive=false mShortPressOnPowerBehavior=1
03-26 23:51:13.261  1176  1477 I PowerManagerService: Going to sleep due to power button (uid 1000)...
03-26 23:51:13.261  1176  1176 W UsageStatsService: Event reported without a package name
03-26 23:51:13.261  1176  1176 W UsageStatsService: Event reported without a package name
03-26 23:51:13.293  1176  1176 V FingerprintService: startAuthentication(com.android.systemui)
03-26 23:51:13.293  1176  1176 V FingerprintService: starting client AuthenticationClient(com.android.systemui), initiatedByClient = true
03-26 23:51:13.306  1176  1176 W FingerprintService: client com.android.systemui is authenticating...
03-26 23:51:13.750  1176  1222 I DisplayPowerController: Blocking screen off
03-26 23:51:13.750  1176  1222 I DisplayPowerController: Unblocked screen off after 0 ms
03-26 23:51:13.801  1176  1220 I DisplayManagerService: Display device changed state: "Built-in Screen", OFF
03-26 23:51:13.944  1176  1222 I DreamManagerService: Entering dreamland.
03-26 23:51:13.944  1176  1222 I PowerManagerService: Dozing...
03-26 23:51:13.944  1176  1218 I DreamController: Starting dream: name=ComponentInfo{com.android.systemui/com.android.systemui.doze.DozeService}, isTest=false, canDoze=true, userId=0
03-26 23:51:14.010  1176  1222 I DisplayPowerController: Blocking screen on until initial contents have been drawn.
03-26 23:51:14.011  1176  1683 W UsageStatsService: Event reported without a package name
03-26 23:51:14.011  1176  1683 W UsageStatsService: Event reported without a package name
03-26 23:51:14.016  1176  1220 I DisplayManagerService: Display device changed state: "Built-in Screen", DOZE
03-26 23:51:14.321  1176  1222 I DisplayPowerController: Unblocked screen on after 311 ms
03-26 23:51:17.577  1176  1176 V FingerprintService: onAuthenticated(owner=com.android.systemui, id=-1862864039, gp=0)
03-26 23:51:17.581  1176  1176 V FingerprintService: Done with client: com.android.systemui
03-26 23:51:17.637  1176  3972 I PowerManagerService: Waking up from dozing (uid=10043 reason=android.policy:FINGERPRINT)...
03-26 23:51:17.637  1176  1176 W UsageStatsService: Event reported without a package name
03-26 23:51:17.637  1176  1176 W UsageStatsService: Event reported without a package name
03-26 23:51:17.677  1176  1222 I DisplayPowerController: Blocking screen off
03-26 23:51:17.677  1176  1222 I DisplayPowerController: Unblocked screen off after 0 ms
03-26 23:51:17.708  1176  1222 I DisplayPowerController: Blocking screen on until initial contents have been drawn.
03-26 23:51:17.712  1176  1222 D ActivityManager: awakeFromSleepingLocked: previously pausing activity didn't pause
03-26 23:51:17.729  1176  1220 I DisplayManagerService: Display device changed state: "Built-in Screen", ON
03-26 23:51:17.737  1176  1176 V SettingsProvider: Notifying for 0: content://settings/system/screen_brightness
03-26 23:51:17.740  1176  2163 W UsageStatsService: Event reported without a package name
03-26 23:51:17.740  1176  2163 W UsageStatsService: Event reported without a package name
03-26 23:51:17.745  1176  1212 W BroadcastQueue: Background execution not allowed: receiving Intent { act=android.intent.action.USER_PRESENT flg=0x24200010 } to com.google.android.gms/.auth.setup.devicesignals.LockScreenReceiver
03-26 23:51:17.745  1176  1212 W BroadcastQueue: Background execution not allowed: receiving Intent { act=android.intent.action.USER_PRESENT flg=0x24200010 } to com.google.android.gms/.trustagent.UserPresentBroadcastReceiver
03-26 23:51:17.745  1176  1212 W BroadcastQueue: Background execution not allowed: receiving Intent { act=android.intent.action.USER_PRESENT flg=0x24200010 } to com.google.android.gms/.chimera.GmsIntentOperationService$PersistentTrustedReceiver
03-26 23:51:17.752  1176  1212 W BroadcastQueue: Background execution not allowed: receiving Intent { act=android.intent.action.USER_PRESENT flg=0x24200010 } to com.google.android.gms/.auth.setup.devicesignals.LockScreenReceiver
03-26 23:51:17.752  1176  1212 W BroadcastQueue: Background execution not allowed: receiving Intent { act=android.intent.action.USER_PRESENT flg=0x24200010 } to com.google.android.gms/.trustagent.UserPresentBroadcastReceiver
03-26 23:51:17.752  1176  1212 W BroadcastQueue: Background execution not allowed: receiving Intent { act=android.intent.action.USER_PRESENT flg=0x24200010 } to com.google.android.gms/.chimera.GmsIntentOperationService$PersistentTrustedReceiver
03-26 23:51:17.770  1176  1683 W ActivityManager: Permission Denial: Accessing service ComponentInfo{com.google.android.music/com.google.android.music.dial.DialMediaRouteProviderService} from pid=20222, uid=10065 that is not exported from uid 10114
03-26 23:51:17.972  1176  1222 I DisplayPowerController: Unblocked screen on after 264 ms
03-26 23:51:17.973  1176  1222 W PowerManagerService: Screen on took 335 ms
03-26 23:51:17.973  1176  1222 I DreamManagerService: Gently waking up from dream.
03-26 23:51:17.973  1176  1218 I DreamManagerService: Performing gentle wake from dream.
03-26 23:51:18.005  1176  1683 I DreamManagerService: Leaving dreamland.
03-26 23:51:18.005  1176  1218 I DreamManagerService: Performing gentle wake from dream.
03-26 23:51:18.005  1176  1218 I DreamController: Stopping dream: name=ComponentInfo{com.android.systemui/com.android.systemui.doze.DozeService}, isTest=false, canDoze=true, userId=0
03-26 23:51:22.334  1176  1176 V SettingsProvider: Notifying for 0: content://settings/system/screen_brightness
03-26 23:51:51.897  1176  1176 I chatty  : uid=1000 system_server identical 4 lines
03-26 23:52:02.560  1176  1176 V SettingsProvider: Notifying for 0: content://settings/system/screen_brightness
03-26 23:52:04.082  1176  1214 I ActivityManager: Start proc 5478:com.google.process.gapps/u11a65 for content provider com.google.android.gsf/.subscribedfeeds.SubscribedFeedsProvider
03-26 23:52:04.148  1176  1214 I ActivityManager: Start proc 5493:com.google.process.gapps/u0a65 for content provider com.google.android.gsf/.settings.GoogleSettingsProvider
03-26 23:52:06.677  1176  1176 V SettingsProvider: Notifying for 0: content://settings/system/screen_brightness
03-26 23:52:29.769  1176  1212 I ActivityManager: Killing 32696:android.process.media/u11a26 (adj 906): empty #17
03-26 23:52:31.393  1176  1176 V SettingsProvider: Notifying for 0: content://settings/system/screen_brightness
03-26 23:52:39.858  1176  1176 I chatty  : uid=1000 system_server identical 1 line
03-26 23:52:50.321  1176  1176 V SettingsProvider: Notifying for 0: content://settings/system/screen_brightness
03-26 23:52:51.387  1176  1477 D WindowManager: powerPress: eventTime=198899780 interactive=true count=1 beganFromNonInteractive=false mShortPressOnPowerBehavior=1
03-26 23:52:51.387  1176  1477 I PowerManagerService: Going to sleep due to power button (uid 1000)...
03-26 23:52:51.387  1176  1176 W UsageStatsService: Event reported without a package name
03-26 23:52:51.387  1176  1176 W UsageStatsService: Event reported without a package name
03-26 23:52:51.404  1176  1176 I ActivityManager: Killing 32625:com.android.vending/u11a58 (adj 906): empty #17
03-26 23:52:51.416  1176  1176 V FingerprintService: startAuthentication(com.android.systemui)
03-26 23:52:51.416  1176  1176 V FingerprintService: starting client AuthenticationClient(com.android.systemui), initiatedByClient = true
03-26 23:52:51.428  1176  1176 W FingerprintService: client com.android.systemui is authenticating...
03-26 23:52:51.444  1176  1202 D ConnectivityService: ConnectivityService NetworkRequestInfo binderDied(NetworkRequest [ TRACK_DEFAULT id=1691, [ Capabilities: INTERNET&NOT_RESTRICTED&TRUSTED Unwanted:  Uid: 1110058] ], android.os.BinderProxy@9dd6e54)
03-26 23:52:51.444  1176  1683 D ConnectivityService: ConnectivityService NetworkRequestInfo binderDied(NetworkRequest [ LISTEN id=1692, [ Capabilities: INTERNET&NOT_RESTRICTED&TRUSTED Unwanted:  Uid: 1110058] ], android.os.BinderProxy@3ddc1fd)
03-26 23:52:51.444  1176  1526 D ConnectivityService: releasing NetworkRequest [ TRACK_DEFAULT id=1691, [ Capabilities: INTERNET&NOT_RESTRICTED&TRUSTED Unwanted:  Uid: 1110058] ] (release request)
03-26 23:52:51.864  1176  1222 I DisplayPowerController: Blocking screen off
03-26 23:52:51.864  1176  1222 I DisplayPowerController: Unblocked screen off after 1 ms
03-26 23:52:51.891  1176  1216 E KernelUidCpuTimeReader: Malformed cpu data for UID=1110026!
03-26 23:52:51.891  1176  1216 E KernelUidCpuTimeReader: Time between reads: +22s106ms
03-26 23:52:51.891  1176  1216 E KernelUidCpuTimeReader: Previous times: u=+12s540ms s=+8s420ms
03-26 23:52:51.891  1176  1216 E KernelUidCpuTimeReader: Current times: u=+12s517ms s=+8s387ms
03-26 23:52:51.891  1176  1216 E KernelUidCpuTimeReader: Delta: u=-23ms s=-33ms
03-26 23:52:51.913  1176  1220 I DisplayManagerService: Display device changed state: "Built-in Screen", OFF
03-26 23:52:52.065  1176  1222 I DreamManagerService: Entering dreamland.
03-26 23:52:52.065  1176  1222 I PowerManagerService: Dozing...
03-26 23:52:52.066  1176  1218 I DreamController: Starting dream: name=ComponentInfo{com.android.systemui/com.android.systemui.doze.DozeService}, isTest=false, canDoze=true, userId=0
03-26 23:52:52.135  1176  1222 I DisplayPowerController: Blocking screen on until initial contents have been drawn.
03-26 23:52:52.137  1176  2889 W UsageStatsService: Event reported without a package name
03-26 23:52:52.138  1176  2889 W UsageStatsService: Event reported without a package name
03-26 23:52:52.146  1176  1220 I DisplayManagerService: Display device changed state: "Built-in Screen", DOZE
03-26 23:52:52.242  1176  1222 I DisplayPowerController: Unblocked screen on after 107 ms
03-26 23:52:58.703  1176  1176 V FingerprintService: onAuthenticated(owner=com.android.systemui, id=-1862864039, gp=0)
03-26 23:52:58.705  1176  1176 V FingerprintService: Done with client: com.android.systemui
03-26 23:52:58.777  1176  1683 I PowerManagerService: Waking up from dozing (uid=10043 reason=android.policy:FINGERPRINT)...
03-26 23:52:58.777  1176  1176 W UsageStatsService: Event reported without a package name
03-26 23:52:58.777  1176  1176 W UsageStatsService: Event reported without a package name
03-26 23:52:58.798  1176  1222 I DisplayPowerController: Blocking screen off
03-26 23:52:58.799  1176  1222 I DisplayPowerController: Unblocked screen off after 1 ms
03-26 23:52:58.833  1176  1222 I DisplayPowerController: Blocking screen on until initial contents have been drawn.
03-26 23:52:58.841  1176  3982 W UsageStatsService: Event reported without a package name
03-26 23:52:58.841  1176  3982 W UsageStatsService: Event reported without a package name
03-26 23:52:58.852  1176  1212 W BroadcastQueue: Background execution not allowed: receiving Intent { act=android.intent.action.USER_PRESENT flg=0x24200010 } to com.google.android.gms/.auth.setup.devicesignals.LockScreenReceiver
03-26 23:52:58.854  1176  1212 W BroadcastQueue: Background execution not allowed: receiving Intent { act=android.intent.action.USER_PRESENT flg=0x24200010 } to com.google.android.gms/.trustagent.UserPresentBroadcastReceiver
03-26 23:52:58.854  1176  1212 W BroadcastQueue: Background execution not allowed: receiving Intent { act=android.intent.action.USER_PRESENT flg=0x24200010 } to com.google.android.gms/.chimera.GmsIntentOperationService$PersistentTrustedReceiver
03-26 23:52:58.854  1176  1220 I DisplayManagerService: Display device changed state: "Built-in Screen", ON
03-26 23:52:58.854  1176  1212 W BroadcastQueue: Background execution not allowed: receiving Intent { act=android.intent.action.USER_PRESENT flg=0x24200010 } to com.google.android.gms/.auth.setup.devicesignals.LockScreenReceiver
03-26 23:52:58.854  1176  1212 W BroadcastQueue: Background execution not allowed: receiving Intent { act=android.intent.action.USER_PRESENT flg=0x24200010 } to com.google.android.gms/.trustagent.UserPresentBroadcastReceiver
03-26 23:52:58.854  1176  1212 W BroadcastQueue: Background execution not allowed: receiving Intent { act=android.intent.action.USER_PRESENT flg=0x24200010 } to com.google.android.gms/.chimera.GmsIntentOperationService$PersistentTrustedReceiver
03-26 23:52:58.877  1176  1176 V SettingsProvider: Notifying for 0: content://settings/system/screen_brightness
03-26 23:52:58.885  1176  1222 I DisplayPowerController: Unblocked screen on after 51 ms
03-26 23:52:58.904  1176  3990 W ActivityManager: Permission Denial: Accessing service ComponentInfo{com.google.android.music/com.google.android.music.dial.DialMediaRouteProviderService} from pid=20222, uid=10065 that is not exported from uid 10114
03-26 23:52:58.958  1176  1214 I ActivityManager: Start proc 5632:com.google.android.ims/u11a42 for broadcast com.google.android.ims/.receivers.ServiceStateReceiver
03-26 23:52:59.021  1176  1222 W PowerManagerService: Screen on took 244 ms
03-26 23:52:59.021  1176  1222 I DreamManagerService: Gently waking up from dream.
03-26 23:52:59.021  1176  1218 I DreamManagerService: Performing gentle wake from dream.
03-26 23:52:59.046  1176  3991 I ActivityManager: Process com.google.android.ims (pid 5632) has died: fore RCVR
03-26 23:52:59.057  1176  3954 I DreamManagerService: Leaving dreamland.
03-26 23:52:59.057  1176  1218 I DreamManagerService: Performing gentle wake from dream.
03-26 23:52:59.057  1176  1218 I DreamController: Stopping dream: name=ComponentInfo{com.android.systemui/com.android.systemui.doze.DozeService}, isTest=false, canDoze=true, userId=0
03-26 23:53:02.162  1176  1211 I UsageStatsService: User[0] Flushing usage stats to disk
03-26 23:53:02.200  1176  1211 I UsageStatsService: User[11] Flushing usage stats to disk
03-26 23:53:03.217  1176  1176 V SettingsProvider: Notifying for 0: content://settings/system/screen_brightness
03-26 23:53:04.823  1176  1214 I ActivityManager: Start proc 5665:com.google.android.ims/u11a42 for broadcast com.google.android.ims/.receivers.ServiceStateReceiver
03-26 23:53:04.896  1176  3991 I ActivityManager: Process com.google.android.ims (pid 5665) has died: fore RCVR
03-26 23:53:17.346  1176  1214 I ActivityManager: Start proc 5700:com.google.android.ims/u11a42 for broadcast com.google.android.ims/.receivers.ServiceStateReceiver
03-26 23:53:17.422  1176  3991 I ActivityManager: Process com.google.android.ims (pid 5700) has died: fore RCVR
03-26 23:53:26.403  1176  1477 D WindowManager: powerPress: eventTime=198931946 interactive=true count=1 beganFromNonInteractive=false mShortPressOnPowerBehavior=1
03-26 23:53:26.403  1176  1477 I PowerManagerService: Going to sleep due to power button (uid 1000)...
03-26 23:53:26.404  1176  1176 W UsageStatsService: Event reported without a package name
03-26 23:53:26.404  1176  1176 W UsageStatsService: Event reported without a package name
03-26 23:53:26.434  1176  1176 V FingerprintService: startAuthentication(com.android.systemui)
03-26 23:53:26.434  1176  1176 V FingerprintService: starting client AuthenticationClient(com.android.systemui), initiatedByClient = true
03-26 23:53:26.448  1176  1176 W FingerprintService: client com.android.systemui is authenticating...
03-26 23:53:26.881  1176  1222 I DisplayPowerController: Blocking screen off
03-26 23:53:26.881  1176  1222 I DisplayPowerController: Unblocked screen off after 0 ms
03-26 23:53:26.930  1176  1220 I DisplayManagerService: Display device changed state: "Built-in Screen", OFF
03-26 23:53:27.083  1176  1222 I DreamManagerService: Entering dreamland.
03-26 23:53:27.083  1176  1222 I PowerManagerService: Dozing...
03-26 23:53:27.083  1176  1218 I DreamController: Starting dream: name=ComponentInfo{com.android.systemui/com.android.systemui.doze.DozeService}, isTest=false, canDoze=true, userId=0
03-26 23:53:27.158  1176  1222 I DisplayPowerController: Blocking screen on until initial contents have been drawn.
03-26 23:53:27.166  1176  3954 W UsageStatsService: Event reported without a package name
03-26 23:53:27.166  1176  3954 W UsageStatsService: Event reported without a package name
03-26 23:53:27.166  1176  1220 I DisplayManagerService: Display device changed state: "Built-in Screen", DOZE
03-26 23:53:27.472  1176  1222 I DisplayPowerController: Unblocked screen on after 314 ms
03-26 23:53:34.113  1176  3990 W ActivityManager: Unable to start service Intent { act=com.google.firebase.MESSAGING_EVENT pkg=com.google.android.googlequicksearchbox } U=0: not found
03-26 23:53:35.364  1176  1176 V FingerprintService: onAuthenticated(owner=com.android.systemui, id=276232912, gp=0)
03-26 23:53:35.367  1176  1176 V FingerprintService: Done with client: com.android.systemui
03-26 23:53:35.434  1176  2193 I PowerManagerService: Waking up from dozing (uid=10043 reason=android.policy:FINGERPRINT)...
03-26 23:53:35.434  1176  1176 W UsageStatsService: Event reported without a package name
03-26 23:53:35.434  1176  1176 W UsageStatsService: Event reported without a package name
03-26 23:53:35.488  1176  1222 I DisplayPowerController: Blocking screen off
03-26 23:53:35.488  1176  1222 I DisplayPowerController: Unblocked screen off after 0 ms
03-26 23:53:35.514  1176  1222 I DisplayPowerController: Blocking screen on until initial contents have been drawn.
03-26 23:53:35.514  1176  1222 D ActivityManager: awakeFromSleepingLocked: previously pausing activity didn't pause
03-26 23:53:35.529  1176  1220 I DisplayManagerService: Display device changed state: "Built-in Screen", ON
03-26 23:53:35.538  1176  1176 V SettingsProvider: Notifying for 0: content://settings/system/screen_brightness
03-26 23:53:35.539  1176  3990 W UsageStatsService: Event reported without a package name
03-26 23:53:35.539  1176  3990 W UsageStatsService: Event reported without a package name
03-26 23:53:35.581  1176  3982 W ActivityManager: Permission Denial: Accessing service ComponentInfo{com.google.android.music/com.google.android.music.dial.DialMediaRouteProviderService} from pid=20222, uid=10065 that is not exported from uid 10114
03-26 23:53:35.737  1176  1222 I DisplayPowerController: Unblocked screen on after 223 ms
03-26 23:53:35.739  1176  1222 W PowerManagerService: Screen on took 305 ms
03-26 23:53:35.739  1176  1222 I DreamManagerService: Gently waking up from dream.
03-26 23:53:35.739  1176  1218 I DreamManagerService: Performing gentle wake from dream.
03-26 23:53:35.763  1176  3990 I DreamManagerService: Leaving dreamland.
03-26 23:53:35.764  1176  1218 I DreamManagerService: Performing gentle wake from dream.
03-26 23:53:35.764  1176  1218 I DreamController: Stopping dream: name=ComponentInfo{com.android.systemui/com.android.systemui.doze.DozeService}, isTest=false, canDoze=true, userId=0
03-26 23:53:35.899  1176  3982 W ActivityManager: Unable to start service Intent { act=com.google.firebase.MESSAGING_EVENT pkg=com.google.android.googlequicksearchbox } U=0: not found
03-26 23:53:35.899  1176  3982 W BroadcastQueue: Background execution not allowed: receiving Intent { act=android.intent.action.USER_PRESENT flg=0x24200010 } to com.google.android.gms/.auth.setup.devicesignals.LockScreenReceiver
03-26 23:53:35.900  1176  1212 W BroadcastQueue: Background execution not allowed: receiving Intent { act=android.intent.action.USER_PRESENT flg=0x24200010 } to com.google.android.gms/.trustagent.UserPresentBroadcastReceiver
03-26 23:53:35.900  1176  1212 W BroadcastQueue: Background execution not allowed: receiving Intent { act=android.intent.action.USER_PRESENT flg=0x24200010 } to com.google.android.gms/.chimera.GmsIntentOperationService$PersistentTrustedReceiver
03-26 23:53:35.900  1176  1212 W BroadcastQueue: Background execution not allowed: receiving Intent { act=android.intent.action.USER_PRESENT flg=0x24200010 } to com.google.android.gms/.auth.setup.devicesignals.LockScreenReceiver
03-26 23:53:35.900  1176  1212 W BroadcastQueue: Background execution not allowed: receiving Intent { act=android.intent.action.USER_PRESENT flg=0x24200010 } to com.google.android.gms/.trustagent.UserPresentBroadcastReceiver
03-26 23:53:35.900  1176  1212 W BroadcastQueue: Background execution not allowed: receiving Intent { act=android.intent.action.USER_PRESENT flg=0x24200010 } to com.google.android.gms/.chimera.GmsIntentOperationService$PersistentTrustedReceiver
03-26 23:53:35.916  1176  1214 I ActivityManager: Start proc 5790:com.google.android.ims/u11a42 for broadcast com.google.android.ims/.receivers.ServiceStateReceiver
03-26 23:53:35.997  1176  3982 I ActivityManager: Process com.google.android.ims (pid 5790) has died: fore RCVR
03-26 23:53:41.074  1176  1176 V SettingsProvider: Notifying for 0: content://settings/system/screen_brightness
03-26 23:53:51.638  1176  1176 I chatty  : uid=1000 system_server identical 2 lines
03-26 23:53:53.158  1176  1176 V SettingsProvider: Notifying for 0: content://settings/system/screen_brightness
03-26 23:54:01.456  1176  1176 I SoundTriggerHelper: Recognition success
03-26 23:54:01.456 16886   623 I AlwaysOnHotwordDetector: onDetected
03-26 23:54:01.489  1176  1176 W SoundTriggerHelper: Recognition aborted
03-26 23:54:01.489  1176  1176 I SoundTriggerService: 9f6ad62a-1f0b-11e7-87c5-40a8f03d3f15->ComponentInfo{com.google.intelligence.sense/com.google.intelligence.sense.ambientmusic.AmbientMusicDetector$Service}: IGNORED onRecognitionPaused
03-26 23:54:02.588  1176  1176 I SoundTriggerHelper: startRecognition successful.
03-26 23:54:02.589  1176  1176 I SoundTriggerService: 9f6ad62a-1f0b-11e7-87c5-40a8f03d3f15->ComponentInfo{com.google.intelligence.sense/com.google.intelligence.sense.ambientmusic.AmbientMusicDetector$Service}: IGNORED onRecognitionResumed
03-26 23:54:02.598  1176  3954 I SoundTriggerHelper: startRecognition successful.
03-26 23:54:03.187  1176  1477 D WindowManager: powerPress: eventTime=198965157 interactive=true count=1 beganFromNonInteractive=false mShortPressOnPowerBehavior=1
03-26 23:54:03.187  1176  1477 I PowerManagerService: Going to sleep due to power button (uid 1000)...
03-26 23:54:03.188  1176  1176 W UsageStatsService: Event reported without a package name
03-26 23:54:03.188  1176  1176 W UsageStatsService: Event reported without a package name
03-26 23:54:03.210  1176  1176 V FingerprintService: startAuthentication(com.android.systemui)
03-26 23:54:03.210  1176  1176 V FingerprintService: starting client AuthenticationClient(com.android.systemui), initiatedByClient = true
03-26 23:54:03.227  1176  1176 W FingerprintService: client com.android.systemui is authenticating...
03-26 23:54:03.650  1176  1222 I DisplayPowerController: Blocking screen off
03-26 23:54:03.650  1176  1222 I DisplayPowerController: Unblocked screen off after 0 ms
03-26 23:54:03.697  1176  1220 I DisplayManagerService: Display device changed state: "Built-in Screen", OFF
03-26 23:54:03.851  1176  1222 I DreamManagerService: Entering dreamland.
03-26 23:54:03.852  1176  1222 I PowerManagerService: Dozing...
03-26 23:54:03.852  1176  1218 I DreamController: Starting dream: name=ComponentInfo{com.android.systemui/com.android.systemui.doze.DozeService}, isTest=false, canDoze=true, userId=0
03-26 23:54:03.895  1176  1683 W UsageStatsService: Event reported without a package name
03-26 23:54:03.895  1176  1683 W UsageStatsService: Event reported without a package name
03-26 23:54:03.988  1176  1222 I DisplayPowerController: Blocking screen on until initial contents have been drawn.
03-26 23:54:03.993  1176  1220 I DisplayManagerService: Display device changed state: "Built-in Screen", DOZE
03-26 23:54:04.031  1176  1222 I DisplayPowerController: Unblocked screen on after 43 ms
03-26 23:54:28.420  1176  1176 V FingerprintService: onAuthenticated(owner=com.android.systemui, id=276232912, gp=0)
03-26 23:54:28.426  1176  1176 V FingerprintService: Done with client: com.android.systemui
03-26 23:54:28.492  1176  3982 I PowerManagerService: Waking up from dozing (uid=10043 reason=android.policy:FINGERPRINT)...
03-26 23:54:28.492  1176  1176 W UsageStatsService: Event reported without a package name
03-26 23:54:28.492  1176  1176 W UsageStatsService: Event reported without a package name
03-26 23:54:28.509  1176  1222 I DisplayPowerController: Blocking screen off
03-26 23:54:28.509  1176  1222 I DisplayPowerController: Unblocked screen off after 0 ms
03-26 23:54:28.543  1176  1222 I DisplayPowerController: Blocking screen on until initial contents have been drawn.
03-26 23:54:28.543  1176  1222 D ActivityManager: awakeFromSleepingLocked: previously pausing activity didn't pause
03-26 23:54:28.568  1176  1683 W UsageStatsService: Event reported without a package name
03-26 23:54:28.568  1176  1683 W UsageStatsService: Event reported without a package name
03-26 23:54:28.580  1176  1220 I DisplayManagerService: Display device changed state: "Built-in Screen", ON
03-26 23:54:28.582  1176  1176 V SettingsProvider: Notifying for 0: content://settings/system/screen_brightness
03-26 23:54:28.591  1176  1212 W BroadcastQueue: Background execution not allowed: receiving Intent { act=android.intent.action.USER_PRESENT flg=0x24200010 } to com.google.android.gms/.auth.setup.devicesignals.LockScreenReceiver
03-26 23:54:28.591  1176  1212 W BroadcastQueue: Background execution not allowed: receiving Intent { act=android.intent.action.USER_PRESENT flg=0x24200010 } to com.google.android.gms/.trustagent.UserPresentBroadcastReceiver
03-26 23:54:28.591  1176  1212 W BroadcastQueue: Background execution not allowed: receiving Intent { act=android.intent.action.USER_PRESENT flg=0x24200010 } to com.google.android.gms/.chimera.GmsIntentOperationService$PersistentTrustedReceiver
03-26 23:54:28.591  1176  1212 W BroadcastQueue: Background execution not allowed: receiving Intent { act=android.intent.action.USER_PRESENT flg=0x24200010 } to com.google.android.gms/.auth.setup.devicesignals.LockScreenReceiver
03-26 23:54:28.591  1176  1212 W BroadcastQueue: Background execution not allowed: receiving Intent { act=android.intent.action.USER_PRESENT flg=0x24200010 } to com.google.android.gms/.trustagent.UserPresentBroadcastReceiver
03-26 23:54:28.591  1176  1212 W BroadcastQueue: Background execution not allowed: receiving Intent { act=android.intent.action.USER_PRESENT flg=0x24200010 } to com.google.android.gms/.chimera.GmsIntentOperationService$PersistentTrustedReceiver
03-26 23:54:28.624  1176  3954 W ActivityManager: Permission Denial: Accessing service ComponentInfo{com.google.android.music/com.google.android.music.dial.DialMediaRouteProviderService} from pid=20222, uid=10065 that is not exported from uid 10114
03-26 23:54:28.842  1176  1222 I DisplayPowerController: Unblocked screen on after 299 ms
03-26 23:54:28.843  1176  1222 W PowerManagerService: Screen on took 351 ms
03-26 23:54:28.843  1176  1222 I DreamManagerService: Gently waking up from dream.
03-26 23:54:28.843  1176  1218 I DreamManagerService: Performing gentle wake from dream.
03-26 23:54:28.859  1176  3954 I DreamManagerService: Leaving dreamland.
03-26 23:54:28.859  1176  1218 I DreamManagerService: Performing gentle wake from dream.
03-26 23:54:28.859  1176  1218 I DreamController: Stopping dream: name=ComponentInfo{com.android.systemui/com.android.systemui.doze.DozeService}, isTest=false, canDoze=true, userId=0
03-26 23:54:29.430  1176  1176 I SoundTriggerHelper: Recognition success
03-26 23:54:29.431 16886   623 I AlwaysOnHotwordDetector: onDetected
03-26 23:54:29.479  1176  1176 W SoundTriggerHelper: Recognition aborted
03-26 23:54:29.479  1176  1176 I SoundTriggerService: 9f6ad62a-1f0b-11e7-87c5-40a8f03d3f15->ComponentInfo{com.google.intelligence.sense/com.google.intelligence.sense.ambientmusic.AmbientMusicDetector$Service}: IGNORED onRecognitionPaused
03-26 23:54:30.592  1176  1176 I SoundTriggerHelper: startRecognition successful.
03-26 23:54:30.592  1176  1176 I SoundTriggerService: 9f6ad62a-1f0b-11e7-87c5-40a8f03d3f15->ComponentInfo{com.google.intelligence.sense/com.google.intelligence.sense.ambientmusic.AmbientMusicDetector$Service}: IGNORED onRecognitionResumed
03-26 23:54:30.602  1176  3990 I SoundTriggerHelper: startRecognition successful.
03-26 23:54:31.175  1176  1176 V SettingsProvider: Notifying for 0: content://settings/system/screen_brightness
--------- beginning of main
03-26 23:54:57.462  2450  2450 I Tycho   : [2] cdl.a: Found the user country US.
03-26 23:54:57.465  2450  2450 I Tycho   : [2] cdl.a: Deduped service state event in event DB.
03-26 23:54:57.467  2450  2450 I Tycho   : [2] cdl.a: Found the user country US.
03-26 23:54:48.660  1176  1176 V SettingsProvider: Notifying for 0: content://settings/system/screen_brightness
03-26 23:54:57.468  1176  1214 I ActivityManager: Start proc 5945:com.google.android.ims/u11a42 for broadcast com.google.android.ims/.receivers.ServiceStateReceiver
03-26 23:54:57.468  2450  2450 I Tycho   : [2] cdl.a: Ignoring duplicate service state event: In service in US.
03-26 23:54:57.470  5945  5945 E gle.android.im: Not starting debugger since process cannot load the jdwp agent.
03-26 23:54:57.492  5945  5945 I gle.android.im: The ClassLoaderContext is a special shared library.
03-26 23:54:57.517  5945  5945 W CarrierServices: [2] cyc.a: Running as secondary user.
03-26 23:54:57.524  5945  5945 W CarrierServices: [2] CarrierServicesContentProvider.onCreate: canCarrierServicesRun: false, returning.
03-26 23:54:57.532  5945  5945 W CarrierServices: [2] cyc.a: Running as secondary user.
03-26 23:54:57.533  5945  5945 W CarrierServices: [2] CarrierServicesReleaseApp.onCreate: canCarrierServicesRun: false, returning.
03-26 23:54:57.535  5945  5945 I gle.android.im: System.exit called, status: 0
03-26 23:54:57.535  5945  5945 I AndroidRuntime: VM exiting with result code 0, cleanup skipped.
03-26 23:54:57.546  1176  1201 I ActivityManager: Process com.google.android.ims (pid 5945) has died: fore RCVR
03-26 23:54:57.547   716   716 I Zygote  : Process 5945 exited cleanly (0)
03-26 23:54:57.727  1176  1176 V SettingsProvider: Notifying for 0: content://settings/system/screen_brightness
03-26 23:54:58.538  1657  2320 E bt_btif : register_notification_rsp: Avrcp device is not connected, handle: 0x0
03-26 23:54:58.538  1657  2320 E bt_btif : register_notification_rsp: Avrcp device is not connected, handle: 0x0
03-26 23:54:59.037 32220  5962 I chatty  : uid=10166(com.RighteousHammerGames.Solitairica) main expire 2 lines
03-26 23:54:59.338 32220  5963 I chatty  : uid=10166(com.RighteousHammerGames.Solitairica) main expire 2 lines
03-26 23:54:59.339  1657  2320 E bt_btif : register_notification_rsp: Avrcp device is not connected, handle: 0x0
03-26 23:54:59.339  1657  2320 E bt_btif : register_notification_rsp: Avrcp device is not connected, handle: 0x0
03-26 23:54:59.341 32220 32331 I chatty  : uid=10166(com.RighteousHammerGames.Solitairica) AudioThread expire 105 lines
03-26 23:54:59.785  1657  2320 E bt_btif : register_notification_rsp: Avrcp device is not connected, handle: 0x0
03-26 23:54:59.785  1657  2320 E bt_btif : register_notification_rsp: Avrcp device is not connected, handle: 0x0
03-26 23:54:59.786   740   740 I chatty  : uid=1000(system) allocator@1.0-s expire 40 lines
03-26 23:55:00.296 32220  5966 I chatty  : uid=10166(com.RighteousHammerGames.Solitairica) main expire 2 lines
03-26 23:55:00.299  1657  2320 E bt_btif : register_notification_rsp: Avrcp device is not connected, handle: 0x0
03-26 23:55:00.299  1657  2320 E bt_btif : register_notification_rsp: Avrcp device is not connected, handle: 0x0
03-26 23:55:00.601   854  4770 I chatty  : uid=1041(audioserver) Binder:854_5 expire 9 lines
03-26 23:55:00.605  1657  2320 E bt_btif : register_notification_rsp: Avrcp device is not connected, handle: 0x0
03-26 23:55:00.605  1657  2320 E bt_btif : register_notification_rsp: Avrcp device is not connected, handle: 0x0
03-26 23:55:01.237 32220  5972 I chatty  : uid=10166(com.RighteousHammerGames.Solitairica) main expire 2 lines
03-26 23:55:01.237 32220  5970 I chatty  : uid=10166(com.RighteousHammerGames.Solitairica) main expire 2 lines
03-26 23:55:01.238 32220  5971 I chatty  : uid=10166(com.RighteousHammerGames.Solitairica) main expire 2 lines
03-26 23:55:01.420 32220  5967 I chatty  : uid=10166(com.RighteousHammerGames.Solitairica) main expire 2 lines
03-26 23:55:01.437 32220  5969 I chatty  : uid=10166(com.RighteousHammerGames.Solitairica) main expire 2 lines
03-26 23:55:01.677 32220  5968 I chatty  : uid=10166(com.RighteousHammerGames.Solitairica) main expire 2 lines
03-26 23:55:01.678  1657  2320 E bt_btif : register_notification_rsp: Avrcp device is not connected, handle: 0x0
03-26 23:55:01.678  1657  2320 E bt_btif : register_notification_rsp: Avrcp device is not connected, handle: 0x0
03-26 23:55:03.271  1657  2320 E bt_btif : register_notification_rsp: Avrcp device is not connected, handle: 0x0
03-26 23:55:03.271  1657  2320 E bt_btif : register_notification_rsp: Avrcp device is not connected, handle: 0x0
03-26 23:55:03.897 32220  5975 I chatty  : uid=10166(com.RighteousHammerGames.Solitairica) main expire 2 lines
03-26 23:55:04.017   849   897 I chatty  : uid=1000(system) /vendor/bin/sensors.qcom expire 10 lines
03-26 23:55:04.097 32220  5974 I chatty  : uid=10166(com.RighteousHammerGames.Solitairica) main expire 2 lines
03-26 23:55:04.240 32220  5973 I chatty  : uid=10166(com.RighteousHammerGames.Solitairica) main expire 2 lines
03-26 23:55:05.096 32220  5976 I chatty  : uid=10166(com.RighteousHammerGames.Solitairica) main expire 2 lines
03-26 23:55:05.098  1657  2320 E bt_btif : register_notification_rsp: Avrcp device is not connected, handle: 0x0
03-26 23:55:05.099  1657  2320 E bt_btif : register_notification_rsp: Avrcp device is not connected, handle: 0x0
03-26 23:55:05.173  1657  2320 E bt_btif : register_notification_rsp: Avrcp device is not connected, handle: 0x0
03-26 23:55:05.173  1657  2320 E bt_btif : register_notification_rsp: Avrcp device is not connected, handle: 0x0
03-26 23:55:05.777 32220  5979 I chatty  : uid=10166(com.RighteousHammerGames.Solitairica) main expire 2 lines
03-26 23:55:05.996 32220  5978 I chatty  : uid=10166(com.RighteousHammerGames.Solitairica) main expire 2 lines
03-26 23:55:06.140 32220  5977 I chatty  : uid=10166(com.RighteousHammerGames.Solitairica) main expire 2 lines
03-26 23:55:06.142  1657  2320 E bt_btif : register_notification_rsp: Avrcp device is not connected, handle: 0x0
03-26 23:55:06.142  1657  2320 E bt_btif : register_notification_rsp: Avrcp device is not connected, handle: 0x0
03-26 23:55:06.520   854  1140 I chatty  : uid=1041(audioserver) Binder:854_1 expire 3 lines
03-26 23:55:06.524  1657  2320 E bt_btif : register_notification_rsp: Avrcp device is not connected, handle: 0x0
03-26 23:55:06.524  1657  2320 E bt_btif : register_notification_rsp: Avrcp device is not connected, handle: 0x0
03-26 23:55:06.528   744 23746 I chatty  : uid=1041(audioserver) HwBinder:744_A expire 27 lines
03-26 23:55:06.537   744  7133 I chatty  : uid=1041(audioserver) HwBinder:744_8 expire 6 lines
03-26 23:55:07.137 32220  5982 I chatty  : uid=10166(com.RighteousHammerGames.Solitairica) main expire 2 lines
03-26 23:55:07.356 32220  5981 I chatty  : uid=10166(com.RighteousHammerGames.Solitairica) main expire 2 lines
