03-26 22:43:15.599  1176  2835 W ActivityManager: Permission Denial: Accessing service ComponentInfo{com.google.android.music/com.google.android.music.dial.DialMediaRouteProviderService} from pid=20222, uid=10065 that is not exported from uid 10114
03-26 22:43:15.602  1176  1222 I DisplayPowerController: Unblocked screen on after 99 ms
03-26 22:43:15.619  1176  1214 I ActivityManager: Start proc 30088:com.google.android.ims/u11a42 for broadcast com.google.android.ims/.receivers.ServiceStateReceiver
03-26 22:43:15.711  1176  1222 W PowerManagerService: Screen on took 268 ms
03-26 22:43:15.711  1176  1222 I DreamManagerService: Gently waking up from dream.
03-26 22:43:15.711  1176  1218 I DreamManagerService: Performing gentle wake from dream.
03-26 22:43:15.738  1176  2193 I ActivityManager: Process com.google.android.ims (pid 30088) has died: fore RCVR
03-26 22:43:15.752  1176  3982 I DreamManagerService: Leaving dreamland.
03-26 22:43:15.753  1176  1218 I DreamManagerService: Performing gentle wake from dream.
03-26 22:43:15.753  1176  1218 I DreamController: Stopping dream: name=ComponentInfo{com.android.systemui/com.android.systemui.doze.DozeService}, isTest=false, canDoze=true, userId=0
03-26 22:43:18.167  1176  3954 I ActivityManager: START u0 {act=android.intent.action.MAIN cat=[android.intent.category.LAUNCHER] flg=0x10200000 cmp=com.google.android.talk/.SigningInActivity bnds=[586,2163][855,2408]} from uid 10049
03-26 22:43:20.415  1176  1476 I ActivityManager: START u0 {act=android.intent.action.MAIN cat=[android.intent.category.HOME] flg=0x10200000 cmp=com.google.android.apps.nexuslauncher/.NexusLauncherActivity (has extras)} from uid 1000
03-26 22:43:21.434  1176  1477 D WindowManager: powerPress: eventTime=196798543 interactive=true count=1 beganFromNonInteractive=false mShortPressOnPowerBehavior=1
03-26 22:43:21.434  1176  1477 I PowerManagerService: Going to sleep due to power button (uid 1000)...
03-26 22:43:21.435  1176  1176 W UsageStatsService: Event reported without a package name
03-26 22:43:21.435  1176  1176 W UsageStatsService: Event reported without a package name
03-26 22:43:21.467  1176  1176 V FingerprintService: startAuthentication(com.android.systemui)
03-26 22:43:21.467  1176  1176 V FingerprintService: starting client AuthenticationClient(com.android.systemui), initiatedByClient = true
03-26 22:43:21.482  1176  1176 W FingerprintService: client com.android.systemui is authenticating...
03-26 22:43:21.905  1176  1222 I DisplayPowerController: Blocking screen off
03-26 22:43:21.906  1176  1222 I DisplayPowerController: Unblocked screen off after 0 ms
03-26 22:43:21.931  1176  1220 I DisplayManagerService: Display device changed state: "Built-in Screen", OFF
03-26 22:43:22.078  1176  1222 I DreamManagerService: Entering dreamland.
03-26 22:43:22.078  1176  1222 I PowerManagerService: Dozing...
03-26 22:43:22.080  1176  1218 I DreamController: Starting dream: name=ComponentInfo{com.android.systemui/com.android.systemui.doze.DozeService}, isTest=false, canDoze=true, userId=0
03-26 22:43:22.205  1176  1222 I DisplayPowerController: Blocking screen on until initial contents have been drawn.
03-26 22:43:22.215  1176  3973 W UsageStatsService: Event reported without a package name
03-26 22:43:22.215  1176  3973 W UsageStatsService: Event reported without a package name
03-26 22:43:22.215  1176  1220 I DisplayManagerService: Display device changed state: "Built-in Screen", DOZE
03-26 22:43:22.545  1176  1222 I DisplayPowerController: Unblocked screen on after 340 ms
03-26 22:44:11.872  1176  1216 V BatteryExternalStatsWorker: WiFi energy data was reset, new WiFi energy data is WifiActivityEnergyInfo{ timestamp=360236393 mStackState=3 mControllerTxTimeMs=0 mControllerTxTimePerLevelMs=[0, 0, 0, 0, 0, 0, 0, 0, 0, 0, 0, 0, 0, 0, 0, 0, 0, 0, 0, 0, 0, 0, 0, 0, 0, 2365, 26, 94, 20, 234, 0, 474, 0, 0, 0, 41513, 0, 0, 0, 0, 0, 0, 0, 0, 0, 0, 0, 0, 0, 0, 0, 0, 0, 0, 0, 0, 0, 0, 0, 0, 0, 0, 0, 0, 0, 0, 0, 0, 0, 0, 2365, 26, 94, 20, 234, 0, 474, 0, 0, 0, 41513, 0, 0, 0, 0, 0, 0, 0, 0, 0, 0, 0, 0, 0, 0, 0, 0, 0, 0, 0, 0, 0, 0, 0, 0, 0, 0, 0, 0, 84324, 13386, 195, 339, 3976, 3857, 6359, 1392, 6287, 3820, 34068, 0, 0, 0, 0, 0, 0, 0, 0, 0, 0, 0, 0, 0, 0, 0, 0, 0, 0, 0, 0, 0, 0, 0, 0, 0, 0, 0, 0, 0, 0, 0, 0, 0, 0, 84324, 13386, 195, 339, 3976, 3857, 6359, 1392, 6287, 3820, 33940, 0, 0, 0, 0, 0, 0, 0, 0, 0, 0, 0, 0, 0, 0, 0] mControllerRxTimeMs=0 mControllerScanTimeMs=0 mControllerIdleTimeMs=0 mControllerEnergyUsed=0 }
03-26 22:44:14.669  1176  1214 I ActivityManager: Start proc 30142:com.android.vending/u11a58 for service com.android.vending/com.google.android.finsky.verifier.impl.PackageVerificationApiService
03-26 22:44:14.930  1176  3954 D ConnectivityService: requestNetwork for uid/pid:1110058/30142 NetworkRequest [ TRACK_DEFAULT id=1676, [ Capabilities: INTERNET&NOT_RESTRICTED&TRUSTED Unwanted:  Uid: 1110058] ]
03-26 22:44:14.986  1176  1214 I ActivityManager: Start proc 30207:com.android.vending/u0a58 for broadcast com.android.vending/com.google.android.finsky.verifier.impl.SingleUserSettingsReceiver
03-26 22:44:15.056  1176  1214 I ActivityManager: Start proc 30229:android.process.media/u11a26 for content provider com.android.providers.downloads/.DownloadProvider
03-26 22:44:15.277  1176  2257 W ActivityManager: Background start not allowed: service Intent { act=com.google.android.finsky.BIND_DOWNLOAD_SERVICE pkg=com.android.vending (has extras) } to com.android.vending/com.google.android.finsky.downloadservice.DownloadService from pid=30207 uid=10058 pkg=com.android.vending startFg?=false
03-26 22:44:15.293  1176  2257 D ConnectivityService: requestNetwork for uid/pid:10058/30207 NetworkRequest [ TRACK_DEFAULT id=1678, [ Capabilities: INTERNET&NOT_RESTRICTED&TRUSTED Unwanted:  Uid: 10058] ]
03-26 22:44:15.320  1176  1214 I ActivityManager: Start proc 30293:com.google.process.gapps/u0a65 for content provider com.google.android.gsf/.settings.GoogleSettingsProvider
03-26 22:44:15.595  1176  2886 W ActivityManager: Background start not allowed: service Intent { act=com.google.android.finsky.BIND_DOWNLOAD_SERVICE pkg=com.android.vending (has extras) } to com.android.vending/com.google.android.finsky.downloadservice.DownloadService from pid=30207 uid=10058 pkg=com.android.vending startFg?=false
03-26 22:44:15.623  1176  1214 I ActivityManager: Start proc 30322:android.process.media/u0a26 for content provider com.android.providers.downloads/.DownloadProvider
03-26 22:44:15.802  1176  1214 I ActivityManager: Start proc 30343:com.android.vending:download_service/u0a58 for service com.android.vending/com.google.android.finsky.downloadservice.DownloadService
03-26 22:44:15.914  1176  2886 D ConnectivityService: requestNetwork for uid/pid:10058/30343 NetworkRequest [ TRACK_DEFAULT id=1680, [ Capabilities: INTERNET&NOT_RESTRICTED&TRUSTED Unwanted:  Uid: 10058] ]
03-26 22:44:47.228  1176  2886 I ActivityManager: Killing 28351:org.mozilla.firefox/u0a145 (adj 906): empty #17
03-26 22:44:57.137  1176  1212 W ActivityManager: Stopping service due to app idle: u0a149 -2m4s345ms com.google.android.talk/com.google.android.apps.hangouts.concurrent.impl.ConcurrentService
03-26 22:45:19.593  1176  3991 I ActivityManager: Killing 29836:com.android.chrome:privileged_process0/u0a76 (adj 901): empty #17
03-26 22:45:19.598  1176  3991 I ActivityManager: Killing 29819:com.android.chrome:sandboxed_process0/u0a76i159 (adj 906): empty #18
03-26 22:45:19.601  1176  3991 I ActivityManager: Killing 29477:com.google.android.gms.ui/u11a65 (adj 906): empty #19
03-26 22:45:19.605  1176  3991 I ActivityManager: Killing 29323:com.google.android.apps.turbo/u0a14 (adj 906): empty #20
03-26 22:45:19.677  1176  2889 W ActivityManager: Scheduling restart of crashed service com.android.chrome/org.chromium.content.app.PrivilegedProcessService0 in 1000ms
03-26 22:45:19.708  1176  5068 W ActivityManager: Scheduling restart of crashed service com.android.chrome/org.chromium.content.app.SandboxedProcessService0 in 1000ms
03-26 22:45:54.280  1176  2193 W BroadcastQueue: Background execution not allowed: receiving Intent { act=android.intent.action.PROVIDER_CHANGED dat=content://com.android.calendar flg=0x20000014 (has extras) } to com.google.android.calendar/com.android.calendar.widget.CalendarAppWidgetProvider
03-26 22:45:54.282  1176  1212 W BroadcastQueue: Background execution not allowed: receiving Intent { act=android.intent.action.PROVIDER_CHANGED dat=content://com.android.calendar flg=0x20000014 (has extras) } to com.google.android.calendar/.widgetmonth.model.MonthViewWidgetModelRefresher
03-26 22:45:54.282  1176  1212 W BroadcastQueue: Background execution not allowed: receiving Intent { act=android.intent.action.PROVIDER_CHANGED dat=content://com.android.calendar flg=0x20000014 (has extras) } to com.google.android.calendar/com.google.android.apps.calendar.usernotifications.NotificationsInitializer$NotificationsRelevantUpdatesReceiver
03-26 22:45:54.282  1176  1212 W BroadcastQueue: Background execution not allowed: receiving Intent { act=android.intent.action.PROVIDER_CHANGED dat=content://com.android.calendar flg=0x20000014 (has extras) } to com.google.android.gms/.chimera.GmsIntentOperationService$GmsExternalReceiver
03-26 22:45:58.000  1176  2886 I ActivityManager: Killing 29943:com.google.android.inputmethod.latin:train/u0a126 (adj 906): empty #17
03-26 22:46:09.349  1176  5068 I ActivityManager: Killing 26895:com.google.android.gms.unstable/u0a65 (adj 906): empty #17
03-26 22:47:54.592  1176  1212 I ActivityManager: Killing 28919:com.google.android.as:nonpersistent/u0a69 (adj 906): empty #17
03-26 22:47:54.696  1176  5068 D ConnectivityService: ConnectivityService NetworkRequestInfo binderDied(NetworkRequest [ LISTEN id=1667, [ Capabilities: INTERNET&NOT_RESTRICTED&TRUSTED Unwanted:  Uid: 10069] ], android.os.BinderProxy@4c426b9)
03-26 22:47:54.696  1176  2257 D ConnectivityService: ConnectivityService NetworkRequestInfo binderDied(NetworkRequest [ TRACK_DEFAULT id=1666, [ Capabilities: INTERNET&NOT_RESTRICTED&TRUSTED Unwanted:  Uid: 10069] ], android.os.BinderProxy@7670afe)
03-26 22:47:54.696  1176  1526 D ConnectivityService: releasing NetworkRequest [ TRACK_DEFAULT id=1666, [ Capabilities: INTERNET&NOT_RESTRICTED&TRUSTED Unwanted:  Uid: 10069] ] (release request)
03-26 22:48:24.154  1176  1216 D KernelUidCpuTimeReader: Removing uids 99160-99160
03-26 22:49:42.544  1176  1216 D BatteryStatsImpl: Reading cpu stats took 366ms
03-26 22:50:42.053  1176  1216 D KernelUidCpuTimeReader: Removing uids 99159-99159
03-26 22:56:15.447  1176  1526 D ConnectivityService: NetworkAgentInfo [MOBILE (UNKNOWN) - 195] EVENT_NETWORK_INFO_CHANGED, going from CONNECTED to SUSPENDED
03-26 22:56:15.452  1176  1214 I ActivityManager: Start proc 30471:com.google.android.ims/u11a42 for broadcast com.google.android.ims/.receivers.ServiceStateReceiver
03-26 22:56:15.480  1176  1526 D ConnectivityService: NetworkAgentInfo [MOBILE (UNKNOWN) - 195] EVENT_NETWORK_INFO_CHANGED, going from SUSPENDED to DISCONNECTED
03-26 22:56:15.480  1176  1526 D ConnectivityService: NetworkAgentInfo [MOBILE (UNKNOWN) - 195] got DISCONNECTED, was satisfying 20
03-26 22:56:15.545  1176  2193 I ActivityManager: Process com.google.android.ims (pid 30471) has died: fore RCVR
03-26 22:56:16.043  1176  1214 I ActivityManager: Start proc 30513:com.google.android.ims/u11a42 for broadcast com.google.android.ims/.receivers.ServiceStateReceiver
03-26 22:56:16.112  1176  5060 D ConnectivityService: registerNetworkAgent NetworkAgentInfo{ ni{[type: MOBILE[LTE], state: CONNECTED/CONNECTED, reason: connected, extra: n.nv.ispsn, failover: false, available: true, roaming: false]}  network{199}  nethandle{858104188941}  lp{{InterfaceName: rmnet_data0 LinkAddresses: [22.68.32.107/29,]  Routes: [0.0.0.0/0 -> 22.68.32.108 rmnet_data0,22.68.32.104/29 -> 0.0.0.0 rmnet_data0,] DnsAddresses: [68.28.31.32,68.28.31.34,] UsePrivateDns: false PrivateDnsServerName: null Domains: null MTU: 1422}}  nc{[ Transports: CELLULAR Capabilities: MMS&SUPL&IMS&CBS&IA&INTERNET&NOT_RESTRICTED&TRUSTED&NOT_VPN&NOT_ROAMING&FOREGROUND&NOT_CONGESTED&NOT_SUSPENDED Unwanted:  LinkUpBandwidth>=14Kbps LinkDnBandwidth>=14Kbps Specifier: <3>]}  Score{10}  everValidated{false}  lastValidated{false}  created{false} lingering{false} explicitlySelected{false} acceptUnvalidated{false} everCaptivePortalDetected{false} lastCaptivePortalDetected{false} clat{null} }
03-26 22:56:16.112  1176  1526 D ConnectivityService: NetworkAgentInfo [MOBILE (LTE) - 199] EVENT_NETWORK_INFO_CHANGED, going from null to CONNECTED
03-26 22:56:16.113  1176  1526 W DnsManager: updatePrivateDns(199, PrivateDnsConfig{true:/[]})
03-26 22:56:16.113  1176  1526 D ConnectivityService: Setting DNS servers for network 199 to [/68.28.31.32, /68.28.31.34]
03-26 22:56:16.113  1176  1526 D DnsManager: setDnsConfigurationForNetwork(199, [68.28.31.32, 68.28.31.34], [], [1800, 25, 8, 64], , [68.28.31.32, 68.28.31.34])
03-26 22:56:16.113  1176  1526 D ConnectivityService: Adding iface rmnet_data0 to network 199
03-26 22:56:16.117  1176  1526 D ConnectivityService: Setting DNS servers for network 199 to [/68.28.31.32, /68.28.31.34]
03-26 22:56:16.117  1176  1526 D DnsManager: setDnsConfigurationForNetwork(199, [68.28.31.32, 68.28.31.34], [], [1800, 25, 8, 64], , [68.28.31.32, 68.28.31.34])
03-26 22:56:16.125  1176  2886 I ActivityManager: Process com.google.android.ims (pid 30513) has died: fore RCVR
03-26 22:56:16.165  1176  1526 D ConnectivityService: NetworkAgentInfo [MOBILE (LTE) - 199] EVENT_NETWORK_INFO_CHANGED, going from CONNECTED to CONNECTED
03-26 22:56:16.456  1176  1526 D ConnectivityService: NetworkAgentInfo [MOBILE (LTE) - 199] validation passed
03-26 22:56:16.465  1176  1526 D ConnectivityService: Setting DNS servers for network 199 to [/68.28.31.32, /68.28.31.34]
03-26 22:56:16.466  1176  1526 D DnsManager: setDnsConfigurationForNetwork(199, [68.28.31.32, 68.28.31.34], [], [1800, 25, 8, 64], , [68.28.31.32, 68.28.31.34])
03-26 23:02:28.815  1176  1222 I DisplayPowerController: Blocking screen off
03-26 23:02:28.815  1176  1222 I DisplayPowerController: Unblocked screen off after 1 ms
03-26 23:02:28.837  1176  1220 I DisplayManagerService: Display device changed state: "Built-in Screen", OFF
03-26 23:02:28.872  1176  1222 I DisplayPowerController: Blocking screen on until initial contents have been drawn.
03-26 23:02:28.955  1176  1222 I DisplayPowerController: Unblocked screen on after 82 ms
03-26 23:02:29.118  1176  1220 I DisplayManagerService: Display device changed state: "Built-in Screen", ON
03-26 23:02:29.222  1176  1214 I ActivityManager: Start proc 30597:com.google.android.ims/u11a42 for broadcast com.google.android.ims/.receivers.ServiceStateReceiver
03-26 23:02:29.313  1176  2886 I ActivityManager: Process com.google.android.ims (pid 30597) has died: fore RCVR
03-26 23:02:35.662  1176  1220 I DisplayManagerService: Display device changed state: "Built-in Screen", DOZE
03-26 23:04:44.140  1176  1176 V FingerprintService: onAuthenticated(owner=com.android.systemui, id=276232912, gp=0)
03-26 23:04:44.142  1176  1176 V FingerprintService: Done with client: com.android.systemui
03-26 23:04:44.216  1176  3973 I PowerManagerService: Waking up from dozing (uid=10043 reason=android.policy:FINGERPRINT)...
03-26 23:04:44.216  1176  1176 W UsageStatsService: Event reported without a package name
03-26 23:04:44.216  1176  1176 W UsageStatsService: Event reported without a package name
03-26 23:04:44.273  1176  1222 I DisplayPowerController: Blocking screen off
03-26 23:04:44.274  1176  1222 I DisplayPowerController: Unblocked screen off after 0 ms
03-26 23:04:44.293  1176  1222 I DisplayPowerController: Blocking screen on until initial contents have been drawn.
03-26 23:04:44.300  1176  1222 D ActivityManager: awakeFromSleepingLocked: previously pausing activity didn't pause
03-26 23:04:44.319  1176  2886 W UsageStatsService: Event reported without a package name
03-26 23:04:44.319  1176  2886 W UsageStatsService: Event reported without a package name
03-26 23:04:44.322  1176  1220 I DisplayManagerService: Display device changed state: "Built-in Screen", ON
03-26 23:04:44.327  1176  1212 W BroadcastQueue: Background execution not allowed: receiving Intent { act=android.intent.action.USER_PRESENT flg=0x24200010 } to com.google.android.gms/.auth.setup.devicesignals.LockScreenReceiver
03-26 23:04:44.333  1176  1212 W BroadcastQueue: Background execution not allowed: receiving Intent { act=android.intent.action.USER_PRESENT flg=0x24200010 } to com.google.android.gms/.trustagent.UserPresentBroadcastReceiver
03-26 23:04:44.333  1176  1212 W BroadcastQueue: Background execution not allowed: receiving Intent { act=android.intent.action.USER_PRESENT flg=0x24200010 } to com.google.android.gms/.chimera.GmsIntentOperationService$PersistentTrustedReceiver
03-26 23:04:44.333  1176  1212 W BroadcastQueue: Background execution not allowed: receiving Intent { act=android.intent.action.USER_PRESENT flg=0x24200010 } to com.google.android.gms/.auth.setup.devicesignals.LockScreenReceiver
03-26 23:04:44.333  1176  1212 W BroadcastQueue: Background execution not allowed: receiving Intent { act=android.intent.action.USER_PRESENT flg=0x24200010 } to com.google.android.gms/.trustagent.UserPresentBroadcastReceiver
03-26 23:04:44.333  1176  1212 W BroadcastQueue: Background execution not allowed: receiving Intent { act=android.intent.action.USER_PRESENT flg=0x24200010 } to com.google.android.gms/.chimera.GmsIntentOperationService$PersistentTrustedReceiver
03-26 23:04:44.403  1176  1222 I DisplayPowerController: Unblocked screen on after 110 ms
03-26 23:04:44.414  1176  3954 W ActivityManager: Permission Denial: Accessing service ComponentInfo{com.google.android.music/com.google.android.music.dial.DialMediaRouteProviderService} from pid=20222, uid=10065 that is not exported from uid 10114
03-26 23:04:44.464  1176  1214 I ActivityManager: Start proc 30653:com.google.android.ims/u11a42 for broadcast com.google.android.ims/.receivers.ServiceStateReceiver
03-26 23:04:44.505  1176  1222 W PowerManagerService: Screen on took 289 ms
03-26 23:04:44.505  1176  1222 I DreamManagerService: Gently waking up from dream.
03-26 23:04:44.505  1176  1218 I DreamManagerService: Performing gentle wake from dream.
03-26 23:04:44.519  1176  1214 I ActivityManager: Start proc 30678:com.google.android.apps.wellbeing/u11a6 for service com.google.android.apps.wellbeing/com.firebase.jobdispatcher.GooglePlayReceiver
03-26 23:04:44.548  1176  3982 I DreamManagerService: Leaving dreamland.
03-26 23:04:44.549  1176  1218 I DreamManagerService: Performing gentle wake from dream.
03-26 23:04:44.549  1176  1218 I DreamController: Stopping dream: name=ComponentInfo{com.android.systemui/com.android.systemui.doze.DozeService}, isTest=false, canDoze=true, userId=0
03-26 23:04:44.571  1176  2163 I ActivityManager: Process com.google.android.ims (pid 30653) has died: fore RCVR
03-26 23:04:44.619  1176  1212 W BroadcastQueue: Background execution not allowed: receiving Intent { act=android.intent.action.DROPBOX_ENTRY_ADDED flg=0x10 (has extras) } to com.google.android.gms/.stats.service.DropBoxEntryAddedReceiver
03-26 23:04:44.619  1176  1212 W BroadcastQueue: Background execution not allowed: receiving Intent { act=android.intent.action.DROPBOX_ENTRY_ADDED flg=0x10 (has extras) } to com.google.android.gms/.chimera.GmsIntentOperationService$PersistentTrustedReceiver
03-26 23:04:44.627  1176  1212 W BroadcastQueue: Background execution not allowed: receiving Intent { act=android.intent.action.DROPBOX_ENTRY_ADDED flg=0x10 (has extras) } to com.google.android.gms/.stats.service.DropBoxEntryAddedReceiver
03-26 23:04:44.627  1176  1212 W BroadcastQueue: Background execution not allowed: receiving Intent { act=android.intent.action.DROPBOX_ENTRY_ADDED flg=0x10 (has extras) } to com.google.android.gms/.chimera.GmsIntentOperationService$PersistentTrustedReceiver
03-26 23:04:44.659  1176  1212 W BroadcastQueue: Background execution not allowed: receiving Intent { act=android.intent.action.DROPBOX_ENTRY_ADDED flg=0x10 (has extras) } to com.google.android.gms/.stats.service.DropBoxEntryAddedReceiver
03-26 23:04:44.659  1176  1212 W BroadcastQueue: Background execution not allowed: receiving Intent { act=android.intent.action.DROPBOX_ENTRY_ADDED flg=0x10 (has extras) } to com.google.android.gms/.chimera.GmsIntentOperationService$PersistentTrustedReceiver
03-26 23:04:44.691  1176  1212 W BroadcastQueue: Background execution not allowed: receiving Intent { act=android.intent.action.DROPBOX_ENTRY_ADDED flg=0x10 (has extras) } to com.google.android.gms/.stats.service.DropBoxEntryAddedReceiver
03-26 23:04:44.691  1176  1212 W BroadcastQueue: Background execution not allowed: receiving Intent { act=android.intent.action.DROPBOX_ENTRY_ADDED flg=0x10 (has extras) } to com.google.android.gms/.chimera.GmsIntentOperationService$PersistentTrustedReceiver
03-26 23:04:44.718  1176  1212 W BroadcastQueue: Background execution not allowed: receiving Intent { act=android.intent.action.DROPBOX_ENTRY_ADDED flg=0x10 (has extras) } to com.google.android.gms/.stats.service.DropBoxEntryAddedReceiver
03-26 23:04:44.721  1176  1212 W BroadcastQueue: Background execution not allowed: receiving Intent { act=android.intent.action.DROPBOX_ENTRY_ADDED flg=0x10 (has extras) } to com.google.android.gms/.chimera.GmsIntentOperationService$PersistentTrustedReceiver
03-26 23:04:44.997  1176  1214 I ActivityManager: Start proc 30724:com.google.android.as:nonpersistent/u0a69 for broadcast com.google.android.as/com.google.android.apps.miphone.aiai.allapps.broadcastreceiver.SuggestGenerateFenceBroadcastReceiver
03-26 23:04:45.101  1176  2256 D ConnectivityService: requestNetwork for uid/pid:10069/30724 NetworkRequest [ TRACK_DEFAULT id=1681, [ Capabilities: INTERNET&NOT_RESTRICTED&TRUSTED Unwanted:  Uid: 10069] ]
03-26 23:04:45.474  1176  1214 I ActivityManager: Start proc 30756:android.process.acore/u0a23 for content provider com.android.providers.contacts/.ContactsProvider2
03-26 23:04:46.049  1176  3991 I ActivityManager: START u0 {act=com.google.android.apps.hangouts.phone.conversationlist cat=[android.intent.category.LAUNCHER] flg=0x1000c000 cmp=com.google.android.talk/com.google.android.apps.hangouts.phone.BabelHomeActivity (has extras)} from uid 10149
03-26 23:04:46.057  1176  3991 I ActivityManager: START u0 {flg=0x14000000 cmp=com.google.android.talk/com.google.android.apps.hangouts.phone.ConversationActivity (has extras)} from uid 10149
03-26 23:04:47.172  1176  1214 I ActivityManager: Start proc 30798:com.google.android.inputmethod.latin:train/u0a126 for service com.google.android.inputmethod.latin/com.google.android.apps.inputmethod.libs.dvrnn.trainingservice.DvrnnTrainingRpcService
03-26 23:04:47.991  1176  1214 I ActivityManager: Start proc 30829:com.google.android.ims/u11a42 for broadcast com.google.android.ims/.receivers.ServiceStateReceiver
03-26 23:04:48.063  1176  2163 I ActivityManager: Process com.google.android.ims (pid 30829) has died: fore RCVR
03-26 23:04:48.404  1176  1214 I ActivityManager: Start proc 30846:com.google.android.apps.wellbeing/u0a6 for service com.google.android.apps.wellbeing/com.firebase.jobdispatcher.GooglePlayReceiver
03-26 23:04:54.367  1176  1214 I ActivityManager: Start proc 30902:com.google.android.ims/u11a42 for broadcast com.google.android.ims/.receivers.ServiceStateReceiver
03-26 23:04:54.461  1176  2256 I ActivityManager: Process com.google.android.ims (pid 30902) has died: fore RCVR
03-26 23:04:58.096  1176  1214 I ActivityManager: Start proc 30927:com.google.android.ims/u11a42 for broadcast com.google.android.ims/.receivers.ServiceStateReceiver
03-26 23:04:58.176  1176  2193 I ActivityManager: Process com.google.android.ims (pid 30927) has died: fore RCVR
03-26 23:04:59.458  1176  2193 I ActivityManager: Killing 30229:android.process.media/u11a26 (adj 906): empty #17
03-26 23:05:06.708  1176  2835 I ActivityManager: Killing 30293:com.google.process.gapps/u0a65 (adj 906): empty #17
03-26 23:05:11.336  1176  2893 I ActivityManager: Killing 30343:com.android.vending:download_service/u0a58 (adj 906): empty #17
03-26 23:05:11.336  1176  2893 I ActivityManager: Killing 30322:android.process.media/u0a26 (adj 906): empty #18
03-26 23:05:11.353  1176  2893 D ConnectivityService: ConnectivityService NetworkRequestInfo binderDied(NetworkRequest [ TRACK_DEFAULT id=1680, [ Capabilities: INTERNET&NOT_RESTRICTED&TRUSTED Unwanted:  Uid: 10058] ], android.os.BinderProxy@8755ca4)
03-26 23:05:11.353  1176  1526 D ConnectivityService: releasing NetworkRequest [ TRACK_DEFAULT id=1680, [ Capabilities: INTERNET&NOT_RESTRICTED&TRUSTED Unwanted:  Uid: 10058] ] (release request)
03-26 23:05:13.364  1176  1214 I ActivityManager: Start proc 30957:com.google.android.ims/u11a42 for broadcast com.google.android.ims/.receivers.ServiceStateReceiver
03-26 23:05:13.438  1176  3973 I ActivityManager: Process com.google.android.ims (pid 30957) has died: fore RCVR
03-26 23:05:20.105  1176  1214 I ActivityManager: Start proc 30980:com.google.android.ims/u11a42 for broadcast com.google.android.ims/.receivers.ServiceStateReceiver
03-26 23:05:20.188  1176  1202 I ActivityManager: Process com.google.android.ims (pid 30980) has died: fore RCVR
03-26 23:05:27.136  1176  1214 I ActivityManager: Start proc 31013:com.google.android.ims/u11a42 for broadcast com.google.android.ims/.receivers.ServiceStateReceiver
03-26 23:05:27.213  1176  2893 I ActivityManager: Process com.google.android.ims (pid 31013) has died: fore RCVR
03-26 23:05:27.623  1176  1176 V SettingsProvider: Notifying for 0: content://settings/system/screen_brightness
03-26 23:05:31.585  1176  1213 I ActivityManager: Config changes=20000480 {1.0 310mcc120mnc [en_US] ldltr sw411dp w774dp h383dp 560dpi nrml long hdr land finger -keyb/v/h -nav/h winConfig={ mBounds=Rect(0, 0 - 0, 0) mAppBounds=Rect(168, 0 - 2880, 1440) mWindowingMode=fullscreen mActivityType=undefined} s.188}
03-26 23:05:31.627  1176  1213 I ActivityManager: Override config changes=20000480 {1.0 310mcc120mnc [en_US] ldltr sw411dp w774dp h383dp 560dpi nrml long hdr land finger -keyb/v/h -nav/h winConfig={ mBounds=Rect(0, 0 - 2712, 1440) mAppBounds=Rect(168, 0 - 2880, 1440) mWindowingMode=fullscreen mActivityType=undefined} s.188} for displayId=0
03-26 23:05:31.863  1176  1176 V SettingsProvider: Notifying for 0: content://settings/system/screen_brightness
03-26 23:05:31.981  1176  1434 I WindowManager: Screen frozen for +428ms due to Window{c11a25e u0 InputMethod}
03-26 23:05:33.925  1176  1214 I ActivityManager: Start proc 31059:com.google.android.ims/u11a42 for broadcast com.google.android.ims/.receivers.ServiceStateReceiver
03-26 23:05:34.087  1176  1176 V SettingsProvider: Notifying for 0: content://settings/system/screen_brightness
03-26 23:05:34.097  1176  3973 I ActivityManager: Process com.google.android.ims (pid 31059) has died: fore RCVR
03-26 23:05:34.210  1176  1213 I ActivityManager: Config changes=20000480 {1.0 310mcc120mnc [en_US] ldltr sw411dp w411dp h746dp 560dpi nrml long hdr port finger -keyb/v/h -nav/h winConfig={ mBounds=Rect(0, 0 - 0, 0) mAppBounds=Rect(0, 0 - 1440, 2712) mWindowingMode=fullscreen mActivityType=undefined} s.189}
03-26 23:05:34.227  1176  1213 I ActivityManager: Override config changes=20000480 {1.0 310mcc120mnc [en_US] ldltr sw411dp w411dp h746dp 560dpi nrml long hdr port finger -keyb/v/h -nav/h winConfig={ mBounds=Rect(0, 0 - 2712, 1440) mAppBounds=Rect(0, 0 - 1440, 2712) mWindowingMode=fullscreen mActivityType=undefined} s.189} for displayId=0
03-26 23:05:34.504  1176  1434 I WindowManager: Screen frozen for +335ms due to Window{896c79 u0 com.google.android.talk/com.google.android.apps.hangouts.phone.ConversationActivity}
03-26 23:05:35.496  1176  1176 V SettingsProvider: Notifying for 0: content://settings/system/screen_brightness
03-26 23:05:38.941  1176  1214 I ActivityManager: Start proc 31100:com.google.android.ims/u11a42 for broadcast com.google.android.ims/.receivers.ServiceStateReceiver
03-26 23:05:39.019  1176  3973 I ActivityManager: Process com.google.android.ims (pid 31100) has died: fore RCVR
03-26 23:05:40.544  1176  1176 V SettingsProvider: Notifying for 0: content://settings/system/screen_brightness
03-26 23:05:43.613  1176  1214 I ActivityManager: Start proc 31120:com.google.android.apps.turbo/u0a14 for broadcast com.google.android.apps.turbo/.nudges.broadcasts.BatteryStatusChangedReceiver
03-26 23:05:44.369  1176  1176 V SettingsProvider: Notifying for 0: content://settings/system/screen_brightness
03-26 23:05:48.426  1176  1176 V SettingsProvider: Notifying for 0: content://settings/system/screen_brightness
03-26 23:05:49.260  1176  1214 I ActivityManager: Start proc 31165:com.google.android.ims/u11a42 for broadcast com.google.android.ims/.receivers.ServiceStateReceiver
03-26 23:05:49.359  1176  2889 I ActivityManager: Process com.google.android.ims (pid 31165) has died: fore RCVR
03-26 23:05:54.346  1176  1214 I ActivityManager: Start proc 31192:com.google.android.ims/u11a42 for broadcast com.google.android.ims/.receivers.ServiceStateReceiver
03-26 23:05:54.442  1176  2889 I ActivityManager: Process com.google.android.ims (pid 31192) has died: fore RCVR
03-26 23:05:59.439  1176  1214 I ActivityManager: Start proc 31218:com.google.android.ims/u11a42 for broadcast com.google.android.ims/.receivers.ServiceStateReceiver
03-26 23:05:59.529  1176  3974 I ActivityManager: Process com.google.android.ims (pid 31218) has died: fore RCVR
03-26 23:06:09.716  1176  1214 I ActivityManager: Start proc 31241:com.google.android.ims/u11a42 for broadcast com.google.android.ims/.receivers.ServiceStateReceiver
03-26 23:06:09.808  1176  3954 I ActivityManager: Process com.google.android.ims (pid 31241) has died: fore RCVR
03-26 23:06:32.220  1176  3954 I ActivityManager: Killing 27328:com.google.process.gapps/u11a65 (adj 906): empty #17
03-26 23:06:32.220  1176  3954 I ActivityManager: Killing 28600:com.google.android.gms.unstable/u11a65 (adj 906): empty #18
03-26 23:06:34.055  1176  1476 I ActivityManager: START u0 {act=android.intent.action.MAIN cat=[android.intent.category.HOME] flg=0x10200000 cmp=com.google.android.apps.nexuslauncher/.NexusLauncherActivity (has extras)} from uid 1000
03-26 23:06:34.226  1176  1176 V SettingsProvider: Notifying for 0: content://settings/system/screen_brightness
03-26 23:06:34.826  1176  3954 I ActivityManager: START u0 {act=android.intent.action.MAIN cat=[android.intent.category.LAUNCHER] flg=0x10200000 cmp=com.andrewshu.android.reddit/.MainActivity bnds=[317,2163][586,2408]} from uid 10049
03-26 23:06:41.703  1176  1476 I ActivityManager: START u0 {act=android.intent.action.MAIN cat=[android.intent.category.HOME] flg=0x10200000 cmp=com.google.android.apps.nexuslauncher/.NexusLauncherActivity (has extras)} from uid 1000
03-26 23:06:41.768  1176  2892 I ActivityManager: Activity reported stop, but no longer stopping: ActivityRecord{840b00c u0 com.google.android.apps.nexuslauncher/.NexusLauncherActivity t1936}
03-26 23:06:43.550  1176  1176 V SettingsProvider: Notifying for 0: content://settings/system/screen_brightness
03-26 23:06:43.659  1176  5056 I ActivityManager: START u0 {act=android.intent.action.MAIN cat=[android.intent.category.LAUNCHER] flg=0x10200000 cmp=com.RighteousHammerGames.Solitairica/com.epicgames.ue4.SplashActivity bnds=[1124,924][1393,1323]} from uid 10049
03-26 23:06:43.704  1176  1214 I ActivityManager: Start proc 31315:com.RighteousHammerGames.Solitairica/u0a166 for activity com.RighteousHammerGames.Solitairica/com.epicgames.ue4.SplashActivity
03-26 23:06:43.826  1176  5056 I ActivityManager: START u0 {act=android.intent.action.MAIN flg=0x10000 cmp=com.RighteousHammerGames.Solitairica/com.epicgames.ue4.GameActivity (has extras)} from uid 10166
03-26 23:06:44.348  1176  1214 I ActivityManager: Start proc 31349:com.android.chrome:webview_service/u0a76 for service com.android.chrome/org.chromium.android_webview.services.VariationsSeedServer
03-26 23:06:44.376  1176  1214 I ActivityManager: Start proc 31366:com.android.chrome:sandboxed_process0/u0i161 for webview_service com.RighteousHammerGames.Solitairica/org.chromium.content.app.SandboxedProcessService0
03-26 23:06:44.421  1176  2892 D ConnectivityService: requestNetwork for uid/pid:10166/31315 NetworkRequest [ TRACK_DEFAULT id=1683, [ Capabilities: INTERNET&NOT_RESTRICTED&TRUSTED Unwanted:  Uid: 10166] ]
03-26 23:06:44.460  1176  2892 I ActivityManager: START u0 {flg=0x10000 cmp=com.RighteousHammerGames.Solitairica/.DownloaderActivity} from uid 10166
03-26 23:06:44.476  1176  2892 D ConnectivityService: requestNetwork for uid/pid:10166/31315 NetworkRequest [ TRACK_DEFAULT id=1685, [ Capabilities: INTERNET&NOT_RESTRICTED&TRUSTED Unwanted:  Uid: 10166] ]
03-26 23:06:44.515  1176  2892 I ActivityManager: Killing 29535:com.android.providers.calendar/u0a61 (adj 906): empty #17
03-26 23:06:46.941  1176  2893 I ActivityManager: START u0 {act=android.content.pm.action.REQUEST_PERMISSIONS pkg=com.google.android.packageinstaller cmp=com.google.android.packageinstaller/com.android.packageinstaller.permission.ui.GrantPermissionsActivity (has extras)} from uid 10166
03-26 23:06:46.996  1176  1214 I ActivityManager: Start proc 31450:com.google.android.packageinstaller/u0a57 for activity com.google.android.packageinstaller/com.android.packageinstaller.permission.ui.GrantPermissionsActivity
03-26 23:06:47.175  1176  1214 I ActivityManager: Start proc 31472:com.google.android.gms.unstable/u0a65 for service com.google.android.gms/.droidguard.DroidGuardService
03-26 23:06:48.849  1176  1214 I ActivityManager: Start proc 31521:com.google.android.play.games.ui/u0a167 for service com.google.android.play.games/com.google.android.gms.games.service.PlayGamesBridgeService
03-26 23:06:49.538  1176  1176 V SettingsProvider: Notifying for 0: content://settings/system/screen_brightness
03-26 23:06:50.648  1176  1214 I ActivityManager: Start proc 31574:com.google.process.gapps/u0a65 for content provider com.google.android.gsf/.subscribedfeeds.SubscribedFeedsProvider
03-26 23:06:52.447  1176  2892 I ActivityManager: Killing 29390:com.google.android.calendar/u11a108 (adj 906): empty #17
03-26 23:07:00.070  1176  1214 I ActivityManager: Start proc 31608:com.google.android.ims/u11a42 for broadcast com.google.android.ims/.receivers.ServiceStateReceiver
03-26 23:07:00.157  1176  3990 I ActivityManager: Process com.google.android.ims (pid 31608) has died: fore RCVR
03-26 23:07:03.352  1176  1176 V SettingsProvider: Notifying for 0: content://settings/system/screen_brightness
03-26 23:07:15.386  1176  1212 I ActivityManager: Killing 29411:com.android.providers.calendar/u11a61 (adj 906): empty #17
03-26 23:07:15.420  1176  1214 I ActivityManager: Start proc 31631:com.google.android.ims/u11a42 for broadcast com.google.android.ims/.receivers.ServiceStateReceiver
03-26 23:07:15.495  1176  5056 I ActivityManager: Process com.google.android.ims (pid 31631) has died: fore RCVR
03-26 23:07:26.514  1176  1176 V SettingsProvider: Notifying for 0: content://settings/system/screen_brightness
03-26 23:07:33.271  1176  1212 W ActivityManager: Stopping service due to app idle: u0a149 -24m41s227ms com.google.android.talk/com.google.android.apps.hangouts.concurrent.impl.ConcurrentService
03-26 23:07:33.280  1176  1176 V SettingsProvider: Notifying for 0: content://settings/system/screen_brightness
03-26 23:07:40.658  1176  1176 V SettingsProvider: Notifying for 0: content://settings/system/screen_brightness
03-26 23:07:55.531  1176  3990 I ActivityManager: Killing 30678:com.google.android.apps.wellbeing/u11a6 (adj 906): empty #17
03-26 23:08:46.778  1176  1176 V SettingsProvider: Notifying for 0: content://settings/system/screen_brightness
03-26 23:09:02.908  1176  1214 I ActivityManager: Start proc 31829:com.google.android.ims/u11a42 for broadcast com.google.android.ims/.receivers.ServiceStateReceiver
03-26 23:09:02.999  1176  1963 I ActivityManager: Process com.google.android.ims (pid 31829) has died: fore RCVR
03-26 23:09:13.158  1176  1214 I ActivityManager: Start proc 31860:com.google.android.ims/u11a42 for broadcast com.google.android.ims/.receivers.ServiceStateReceiver
03-26 23:09:13.247  1176  3954 I ActivityManager: Process com.google.android.ims (pid 31860) has died: fore RCVR
03-26 23:09:16.283  1176  1214 I ActivityManager: Start proc 31889:com.google.android.ims/u11a42 for broadcast com.google.android.ims/.receivers.ServiceStateReceiver
03-26 23:09:16.356  1176  1201 I ActivityManager: Process com.google.android.ims (pid 31889) has died: fore RCVR
03-26 23:09:23.571  1176  1176 V SettingsProvider: Notifying for 0: content://settings/system/screen_brightness
03-26 23:09:23.697  1176  1214 I ActivityManager: Start proc 31922:com.google.android.ims/u11a42 for broadcast com.google.android.ims/.receivers.ServiceStateReceiver
03-26 23:09:23.781  1176  3973 I ActivityManager: Process com.google.android.ims (pid 31922) has died: fore RCVR
03-26 23:09:26.229  1176  1176 V SettingsProvider: Notifying for 0: content://settings/system/screen_brightness
03-26 23:09:28.550  1176  1214 I ActivityManager: Start proc 31955:com.google.android.ims/u11a42 for broadcast com.google.android.ims/.receivers.ServiceStateReceiver
03-26 23:09:28.621  1176  1201 I ActivityManager: Process com.google.android.ims (pid 31955) has died: fore RCVR
03-26 23:09:33.658  1176  1214 I ActivityManager: Start proc 31986:com.google.android.ims/u11a42 for broadcast com.google.android.ims/.receivers.ServiceStateReceiver
03-26 23:09:33.740  1176  1963 I ActivityManager: Process com.google.android.ims (pid 31986) has died: fore RCVR
03-26 23:09:55.063  1176  1214 I ActivityManager: Start proc 32057:com.android.providers.calendar/u0a61 for content provider com.android.providers.calendar/.CalendarProvider2
03-26 23:09:55.083  1176  1201 D ActivityManager: Raise procstate to external provider: ProcessRecord{82e490f 32057:com.android.providers.calendar/u0a61}
03-26 23:09:55.117  1176  3990 D ActivityManager: Raise procstate to external provider: ProcessRecord{82e490f 32057:com.android.providers.calendar/u0a61}
03-26 23:09:55.119  1176  1963 I ActivityManager: Killing 30142:com.android.vending/u11a58 (adj 906): empty #17
03-26 23:09:55.141  1176  1963 D ConnectivityService: ConnectivityService NetworkRequestInfo binderDied(NetworkRequest [ TRACK_DEFAULT id=1676, [ Capabilities: INTERNET&NOT_RESTRICTED&TRUSTED Unwanted:  Uid: 1110058] ], android.os.BinderProxy@9a24434)
03-26 23:09:55.141  1176  5056 D ConnectivityService: ConnectivityService NetworkRequestInfo binderDied(NetworkRequest [ LISTEN id=1677, [ Capabilities: INTERNET&NOT_RESTRICTED&TRUSTED Unwanted:  Uid: 1110058] ], android.os.BinderProxy@f17125d)
03-26 23:09:55.141  1176  1526 D ConnectivityService: releasing NetworkRequest [ TRACK_DEFAULT id=1676, [ Capabilities: INTERNET&NOT_RESTRICTED&TRUSTED Unwanted:  Uid: 1110058] ] (release request)
03-26 23:10:14.609  1176  1214 I ActivityManager: Start proc 32135:com.google.android.ims/u11a42 for broadcast com.google.android.ims/.receivers.ServiceStateReceiver
03-26 23:10:14.688  1176  3972 I ActivityManager: Process com.google.android.ims (pid 32135) has died: fore RCVR
03-26 23:10:17.975  1176  1476 I ActivityManager: START u0 {act=android.intent.action.MAIN cat=[android.intent.category.HOME] flg=0x10200000 cmp=com.google.android.apps.nexuslauncher/.NexusLauncherActivity (has extras)} from uid 1000
03-26 23:10:19.055  1176  3974 I ActivityManager: START u0 {act=android.intent.action.MAIN cat=[android.intent.category.LAUNCHER] flg=0x10200000 cmp=com.RighteousHammerGames.Solitairica/com.epicgames.ue4.SplashActivity bnds=[1124,924][1393,1323]} from uid 10049
03-26 23:10:19.077  1176  1434 W WindowManager: TaskSnapshotSurface.create: Failed to find main window for token=AppWindowToken{9872eaf token=Token{51eb68e ActivityRecord{3c80689 u0 com.RighteousHammerGames.Solitairica/com.epicgames.ue4.SplashActivity t2060}}}
03-26 23:10:19.090  1176  3974 I ActivityManager: START u0 {act=android.intent.action.MAIN flg=0x10000 cmp=com.RighteousHammerGames.Solitairica/com.epicgames.ue4.GameActivity (has extras)} from uid 10166
03-26 23:10:19.093  1176  3974 W ActivityManager: Duplicate finish request for ActivityRecord{3c80689 u0 com.RighteousHammerGames.Solitairica/com.epicgames.ue4.SplashActivity t2060 f}
03-26 23:10:19.724  1176  1214 I ActivityManager: Start proc 32181:com.google.android.ims/u11a42 for broadcast com.google.android.ims/.receivers.ServiceStateReceiver
03-26 23:10:19.796  1176  4001 I ActivityManager: Process com.google.android.ims (pid 32181) has died: fore RCVR
03-26 23:10:22.433  1176  1476 I ActivityManager: START u0 {act=android.intent.action.MAIN cat=[android.intent.category.HOME] flg=0x10200000 cmp=com.google.android.apps.nexuslauncher/.NexusLauncherActivity (has extras)} from uid 1000
03-26 23:10:23.814  1176  1214 I ActivityManager: Start proc 32203:com.google.process.gapps/u11a65 for content provider com.google.android.gsf/.subscribedfeeds.SubscribedFeedsProvider
03-26 23:10:24.091  1176  3972 I ActivityManager: Killing 31315:com.RighteousHammerGames.Solitairica/u0a166 (adj 900): remove task
03-26 23:10:24.093  1176  3972 I ActivityManager: Killing 31366:com.android.chrome:sandboxed_process0/u0a166i161 (adj 900): remove task
03-26 23:10:24.113  1176  3972 W ActivityManager: Scheduling restart of crashed service com.RighteousHammerGames.Solitairica/org.chromium.content.app.SandboxedProcessService0 in 1000ms
03-26 23:10:24.268  1176  2892 D ConnectivityService: ConnectivityService NetworkRequestInfo binderDied(NetworkRequest [ TRACK_DEFAULT id=1685, [ Capabilities: INTERNET&NOT_RESTRICTED&TRUSTED Unwanted:  Uid: 10166] ], android.os.BinderProxy@84966b)
03-26 23:10:24.268  1176  1683 D ConnectivityService: ConnectivityService NetworkRequestInfo binderDied(NetworkRequest [ LISTEN id=1686, [ Capabilities: INTERNET&NOT_RESTRICTED&TRUSTED&FOREGROUND Unwanted:  Uid: 10166] ], android.os.BinderProxy@ad5c8)
03-26 23:10:24.268  1176  3990 D ConnectivityService: ConnectivityService NetworkRequestInfo binderDied(NetworkRequest [ TRACK_DEFAULT id=1683, [ Capabilities: INTERNET&NOT_RESTRICTED&TRUSTED Unwanted:  Uid: 10166] ], android.os.BinderProxy@2702661)
03-26 23:10:24.269  1176  4001 I WindowManager: WIN DEATH: Window{9df92e5 u0 com.RighteousHammerGames.Solitairica/com.epicgames.ue4.GameActivity}
03-26 23:10:24.270  1176  2892 D ConnectivityService: ConnectivityService NetworkRequestInfo binderDied(NetworkRequest [ LISTEN id=1684, [ Capabilities: INTERNET&NOT_RESTRICTED&TRUSTED&FOREGROUND Unwanted:  Uid: 10166] ], android.os.BinderProxy@5781586)
03-26 23:10:24.272  1176  1526 D ConnectivityService: releasing NetworkRequest [ TRACK_DEFAULT id=1685, [ Capabilities: INTERNET&NOT_RESTRICTED&TRUSTED Unwanted:  Uid: 10166] ] (release request)
03-26 23:10:24.272  1176  1526 D ConnectivityService: releasing NetworkRequest [ TRACK_DEFAULT id=1683, [ Capabilities: INTERNET&NOT_RESTRICTED&TRUSTED Unwanted:  Uid: 10166] ] (release request)
03-26 23:10:24.279  1176  1220 W ActivityManager: setHasOverlayUi called on unknown pid: 31315
03-26 23:10:24.403  1691  1691 V DeadZone: consuming errant click: (705.0,66.0)
03-26 23:10:24.404  1691  1691 V DeadZone: consuming errant click: (705.0,66.0)
03-26 23:10:24.896  1176  1476 I ActivityManager: START u0 {act=android.intent.action.MAIN cat=[android.intent.category.HOME] flg=0x10200000 cmp=com.google.android.apps.nexuslauncher/.NexusLauncherActivity (has extras)} from uid 1000
03-26 23:10:25.717  1176  3957 I ActivityManager: START u0 {act=android.intent.action.MAIN cat=[android.intent.category.LAUNCHER] flg=0x10200000 cmp=com.RighteousHammerGames.Solitairica/com.epicgames.ue4.SplashActivity bnds=[1124,924][1393,1323]} from uid 10049
03-26 23:10:25.754  1176  1214 I ActivityManager: Start proc 32220:com.RighteousHammerGames.Solitairica/u0a166 for activity com.RighteousHammerGames.Solitairica/com.epicgames.ue4.SplashActivity
03-26 23:10:25.860  1176  2892 I ActivityManager: START u0 {act=android.intent.action.MAIN flg=0x10000 cmp=com.RighteousHammerGames.Solitairica/com.epicgames.ue4.GameActivity (has extras)} from uid 10166
03-26 23:10:26.227  1176  1214 I ActivityManager: Start proc 32253:com.android.chrome:sandboxed_process0/u0i162 for webview_service com.RighteousHammerGames.Solitairica/org.chromium.content.app.SandboxedProcessService0
03-26 23:10:26.277  1176  4001 D ConnectivityService: requestNetwork for uid/pid:10166/32220 NetworkRequest [ TRACK_DEFAULT id=1687, [ Capabilities: INTERNET&NOT_RESTRICTED&TRUSTED Unwanted:  Uid: 10166] ]
03-26 23:10:26.322  1176  4001 I ActivityManager: START u0 {flg=0x10000 cmp=com.RighteousHammerGames.Solitairica/.DownloaderActivity} from uid 10166
03-26 23:10:26.339  1176  2892 D ConnectivityService: requestNetwork for uid/pid:10166/32220 NetworkRequest [ TRACK_DEFAULT id=1689, [ Capabilities: INTERNET&NOT_RESTRICTED&TRUSTED Unwanted:  Uid: 10166] ]
03-26 23:10:28.569  1176  3957 I ActivityManager: START u0 {act=android.content.pm.action.REQUEST_PERMISSIONS pkg=com.google.android.packageinstaller cmp=com.google.android.packageinstaller/com.android.packageinstaller.permission.ui.GrantPermissionsActivity (has extras)} from uid 10166
03-26 23:10:40.090  1176  1176 V SettingsProvider: Notifying for 0: content://settings/system/screen_brightness
03-26 23:10:45.350  1176  1176 V SettingsProvider: Notifying for 0: content://settings/system/screen_brightness
03-26 23:10:46.817  1176  3957 I ActivityManager: Killing 30756:android.process.acore/u0a23 (adj 906): empty #17
03-26 23:11:00.444  1176  1176 V SettingsProvider: Notifying for 0: content://settings/system/screen_brightness
03-26 23:11:45.275  1176  1176 I chatty  : uid=1000 system_server identical 2 lines
03-26 23:11:52.744  1176  1176 V SettingsProvider: Notifying for 0: content://settings/system/screen_brightness
03-26 23:13:35.051  1176  1214 I ActivityManager: Start proc 32625:com.android.vending/u11a58 for service com.android.vending/com.google.android.finsky.verifier.impl.PackageVerificationApiService
03-26 23:13:35.234  1176  2892 D ConnectivityService: requestNetwork for uid/pid:1110058/32625 NetworkRequest [ TRACK_DEFAULT id=1691, [ Capabilities: INTERNET&NOT_RESTRICTED&TRUSTED Unwanted:  Uid: 1110058] ]
03-26 23:13:35.331  1176  1214 I ActivityManager: Start proc 32696:android.process.media/u11a26 for content provider com.android.providers.downloads/.DownloadProvider
03-26 23:13:54.773  1176  1214 I ActivityManager: Start proc 473:com.google.android.ims/u11a42 for broadcast com.google.android.ims/.receivers.ServiceStateReceiver
03-26 23:13:54.860  1176  2892 I ActivityManager: Process com.google.android.ims (pid 473) has died: fore RCVR
03-26 23:13:59.502  1176  2892 I ActivityManager: Killing 30724:com.google.android.as:nonpersistent/u0a69 (adj 906): empty #17
03-26 23:13:59.524  1176  2892 D ConnectivityService: ConnectivityService NetworkRequestInfo binderDied(NetworkRequest [ TRACK_DEFAULT id=1681, [ Capabilities: INTERNET&NOT_RESTRICTED&TRUSTED Unwanted:  Uid: 10069] ], android.os.BinderProxy@d9461ed)
03-26 23:13:59.524  1176  2892 D ConnectivityService: ConnectivityService NetworkRequestInfo binderDied(NetworkRequest [ LISTEN id=1682, [ Capabilities: INTERNET&NOT_RESTRICTED&TRUSTED Unwanted:  Uid: 10069] ], android.os.BinderProxy@8521822)
03-26 23:13:59.525  1176  1526 D ConnectivityService: releasing NetworkRequest [ TRACK_DEFAULT id=1681, [ Capabilities: INTERNET&NOT_RESTRICTED&TRUSTED Unwanted:  Uid: 10069] ] (release request)
03-26 23:14:05.021  1176  1214 I ActivityManager: Start proc 630:com.google.android.ims/u11a42 for broadcast com.google.android.ims/.receivers.ServiceStateReceiver
03-26 23:14:05.096  1176  2892 I ActivityManager: Process com.google.android.ims (pid 630) has died: fore RCVR
03-26 23:14:26.679  1176  3994 I ActivityManager: Killing 30846:com.google.android.apps.wellbeing/u0a6 (adj 906): empty #17
03-26 23:14:57.598  1176  1176 V SettingsProvider: Notifying for 0: content://settings/system/screen_brightness
03-26 23:15:08.277  1176  1176 I chatty  : uid=1000 system_server identical 1 line
03-26 23:15:10.935  1176  1176 V SettingsProvider: Notifying for 0: content://settings/system/screen_brightness
03-26 23:16:32.684  1176  1176 V SettingsProvider: Notifying for 0: content://settings/system/screen_brightness
03-26 23:16:51.062  1176  1176 V SettingsProvider: Notifying for 0: content://settings/system/screen_brightness
03-26 23:16:52.722  1176  1216 D KernelUidCpuTimeReader: Removing uids 99161-99161
03-26 23:17:30.645  1176  1211 I UsageStatsService: User[0] Flushing usage stats to disk
03-26 23:17:30.682  1176  1211 I UsageStatsService: User[11] Flushing usage stats to disk
03-26 23:17:33.731  1176  1202 W ActivityManager: Unable to start service Intent { act=com.google.firebase.MESSAGING_EVENT pkg=com.google.android.googlequicksearchbox } U=0: not found
03-26 23:17:35.391  1176  3954 W ActivityManager: Unable to start service Intent { act=com.google.firebase.MESSAGING_EVENT pkg=com.google.android.googlequicksearchbox } U=0: not found
03-26 23:18:16.716  1176  1477 D WindowManager: powerPress: eventTime=197751320 interactive=true count=1 beganFromNonInteractive=false mShortPressOnPowerBehavior=1
03-26 23:18:16.717  1176  1477 I PowerManagerService: Going to sleep due to power button (uid 1000)...
03-26 23:18:16.717  1176  1176 W UsageStatsService: Event reported without a package name
03-26 23:18:16.717  1176  1176 W UsageStatsService: Event reported without a package name
03-26 23:18:16.760  1176  1176 V FingerprintService: startAuthentication(com.android.systemui)
03-26 23:18:16.760  1176  1176 V FingerprintService: starting client AuthenticationClient(com.android.systemui), initiatedByClient = true
